[0.848s] Invoking command in '/home/me597/ros2/Me597/lab1_ws/src/task_2': AMENT_PREFIX_PATH=/home/me597/ros2/Me597/lab1_ws/install/task_2_interfaces:${AMENT_PREFIX_PATH} CMAKE_PREFIX_PATH=/home/me597/ros2/Me597/lab1_ws/install/task_2_interfaces:${CMAKE_PREFIX_PATH} LD_LIBRARY_PATH=/home/me597/ros2/Me597/lab1_ws/install/task_2_interfaces/lib:${LD_LIBRARY_PATH} PYTHONPATH=/home/me597/ros2/Me597/lab1_ws/build/task_2/prefix_override:/usr/lib/python3/dist-packages/colcon_core/task/python/colcon_distutils_commands:/home/me597/ros2/Me597/lab1_ws/install/task_2/lib/python3.10/site-packages:/home/me597/ros2/Me597/lab1_ws/install/task_2_interfaces/local/lib/python3.10/dist-packages:${PYTHONPATH} /usr/bin/python3 -W ignore:setup.py install is deprecated setup.py egg_info --egg-base ../../build/task_2 build --build-base /home/me597/ros2/Me597/lab1_ws/build/task_2/build install --record /home/me597/ros2/Me597/lab1_ws/build/task_2/install.log --single-version-externally-managed install_data
[1.080s] running egg_info
[1.081s] creating ../../build/task_2/task_2.egg-info
[1.081s] writing ../../build/task_2/task_2.egg-info/PKG-INFO
[1.082s] writing dependency_links to ../../build/task_2/task_2.egg-info/dependency_links.txt
[1.083s] writing entry points to ../../build/task_2/task_2.egg-info/entry_points.txt
[1.083s] writing requirements to ../../build/task_2/task_2.egg-info/requires.txt
[1.083s] writing top-level names to ../../build/task_2/task_2.egg-info/top_level.txt
[1.083s] writing manifest file '../../build/task_2/task_2.egg-info/SOURCES.txt'
[1.084s] reading manifest file '../../build/task_2/task_2.egg-info/SOURCES.txt'
[1.086s] writing manifest file '../../build/task_2/task_2.egg-info/SOURCES.txt'
[1.086s] running build
[1.087s] running build_py
[1.087s] creating /home/me597/ros2/Me597/lab1_ws/build/task_2/build
[1.087s] creating /home/me597/ros2/Me597/lab1_ws/build/task_2/build/lib
[1.087s] creating /home/me597/ros2/Me597/lab1_ws/build/task_2/build/lib/task_2
[1.087s] copying task_2/publisher.py -> /home/me597/ros2/Me597/lab1_ws/build/task_2/build/lib/task_2
[1.087s] copying task_2/subscriber.py -> /home/me597/ros2/Me597/lab1_ws/build/task_2/build/lib/task_2
[1.087s] copying task_2/__init__.py -> /home/me597/ros2/Me597/lab1_ws/build/task_2/build/lib/task_2
[1.088s] running install
[1.088s] running install_lib
[1.088s] creating /home/me597/ros2/Me597/lab1_ws/install/task_2/lib/python3.10/site-packages/task_2
[1.089s] copying /home/me597/ros2/Me597/lab1_ws/build/task_2/build/lib/task_2/publisher.py -> /home/me597/ros2/Me597/lab1_ws/install/task_2/lib/python3.10/site-packages/task_2
[1.089s] copying /home/me597/ros2/Me597/lab1_ws/build/task_2/build/lib/task_2/subscriber.py -> /home/me597/ros2/Me597/lab1_ws/install/task_2/lib/python3.10/site-packages/task_2
[1.089s] copying /home/me597/ros2/Me597/lab1_ws/build/task_2/build/lib/task_2/__init__.py -> /home/me597/ros2/Me597/lab1_ws/install/task_2/lib/python3.10/site-packages/task_2
[1.090s] byte-compiling /home/me597/ros2/Me597/lab1_ws/install/task_2/lib/python3.10/site-packages/task_2/publisher.py to publisher.cpython-310.pyc
[1.090s] byte-compiling /home/me597/ros2/Me597/lab1_ws/install/task_2/lib/python3.10/site-packages/task_2/subscriber.py to subscriber.cpython-310.pyc
[1.090s] byte-compiling /home/me597/ros2/Me597/lab1_ws/install/task_2/lib/python3.10/site-packages/task_2/__init__.py to __init__.cpython-310.pyc
[1.090s] running install_data
[1.091s] creating /home/me597/ros2/Me597/lab1_ws/install/task_2/share/ament_index
[1.091s] creating /home/me597/ros2/Me597/lab1_ws/install/task_2/share/ament_index/resource_index
[1.091s] creating /home/me597/ros2/Me597/lab1_ws/install/task_2/share/ament_index/resource_index/packages
[1.091s] copying resource/task_2 -> /home/me597/ros2/Me597/lab1_ws/install/task_2/share/ament_index/resource_index/packages
[1.091s] copying package.xml -> /home/me597/ros2/Me597/lab1_ws/install/task_2/share/task_2
[1.091s] running install_egg_info
[1.094s] Copying ../../build/task_2/task_2.egg-info to /home/me597/ros2/Me597/lab1_ws/install/task_2/lib/python3.10/site-packages/task_2-0.0.0-py3.10.egg-info
[1.096s] running install_scripts
[1.117s] Installing joint_publisher script to /home/me597/ros2/Me597/lab1_ws/install/task_2/lib/task_2
[1.117s] Installing joint_subscriber script to /home/me597/ros2/Me597/lab1_ws/install/task_2/lib/task_2
[1.117s] writing list of installed files to '/home/me597/ros2/Me597/lab1_ws/build/task_2/install.log'
[1.145s] Invoked command in '/home/me597/ros2/Me597/lab1_ws/src/task_2' returned '0': AMENT_PREFIX_PATH=/home/me597/ros2/Me597/lab1_ws/install/task_2_interfaces:${AMENT_PREFIX_PATH} CMAKE_PREFIX_PATH=/home/me597/ros2/Me597/lab1_ws/install/task_2_interfaces:${CMAKE_PREFIX_PATH} LD_LIBRARY_PATH=/home/me597/ros2/Me597/lab1_ws/install/task_2_interfaces/lib:${LD_LIBRARY_PATH} PYTHONPATH=/home/me597/ros2/Me597/lab1_ws/build/task_2/prefix_override:/usr/lib/python3/dist-packages/colcon_core/task/python/colcon_distutils_commands:/home/me597/ros2/Me597/lab1_ws/install/task_2/lib/python3.10/site-packages:/home/me597/ros2/Me597/lab1_ws/install/task_2_interfaces/local/lib/python3.10/dist-packages:${PYTHONPATH} /usr/bin/python3 -W ignore:setup.py install is deprecated setup.py egg_info --egg-base ../../build/task_2 build --build-base /home/me597/ros2/Me597/lab1_ws/build/task_2/build install --record /home/me597/ros2/Me597/lab1_ws/build/task_2/install.log --single-version-externally-managed install_data
