[0.021s] Invoking command in '/home/me597/ros2/Me597/lab1_ws/build/task_2_interfaces': CMAKE_PREFIX_PATH=${CMAKE_PREFIX_PATH}:/home/me597/ros2/Me597/lab1_ws/install/task_2:/home/me597/ros2/Me597/lab1_ws/install/task_1:/home/me597/ros2/sim_ws/install/sim_utils:/opt/ros/humble /usr/bin/cmake --build /home/me597/ros2/Me597/lab1_ws/build/task_2_interfaces -- -j2 -l2
[0.075s] -- Found ament_cmake: 1.3.10 (/opt/ros/humble/share/ament_cmake/cmake)
[0.282s] -- Found geometry_msgs: 4.2.4 (/opt/ros/humble/share/geometry_msgs/cmake)
[0.363s] -- Found rosidl_generator_c: 3.1.5 (/opt/ros/humble/share/rosidl_generator_c/cmake)
[0.371s] -- Found rosidl_adapter: 3.1.5 (/opt/ros/humble/share/rosidl_adapter/cmake)
[0.388s] -- Found rosidl_generator_cpp: 3.1.5 (/opt/ros/humble/share/rosidl_generator_cpp/cmake)
[0.413s] -- Using all available rosidl_typesupport_c: rosidl_typesupport_fastrtps_c;rosidl_typesupport_introspection_c
[0.451s] -- Using all available rosidl_typesupport_cpp: rosidl_typesupport_fastrtps_cpp;rosidl_typesupport_introspection_cpp
[0.546s] -- Found rosidl_default_generators: 1.2.0 (/opt/ros/humble/share/rosidl_default_generators/cmake)
[0.934s] -- Found ament_cmake_ros: 0.10.0 (/opt/ros/humble/share/ament_cmake_ros/cmake)
[1.440s] -- Using all available rosidl_typesupport_c: rosidl_typesupport_fastrtps_c;rosidl_typesupport_introspection_c
[1.630s] -- Using all available rosidl_typesupport_cpp: rosidl_typesupport_fastrtps_cpp;rosidl_typesupport_introspection_cpp
[1.668s] -- Found python_cmake_module: 0.10.0 (/opt/ros/humble/share/python_cmake_module/cmake)
[1.700s] -- Using PYTHON_EXECUTABLE: /usr/bin/python3
[1.700s] -- Using PYTHON_INCLUDE_DIRS: /usr/include/python3.10
[1.700s] -- Using PYTHON_LIBRARIES: /usr/lib/x86_64-linux-gnu/libpython3.10.so
[1.746s] -- Found ament_lint_auto: 0.12.11 (/opt/ros/humble/share/ament_lint_auto/cmake)
[1.789s] -- Added test 'lint_cmake' to check CMake code style
[1.792s] -- Added test 'xmllint' to check XML markup files
[1.799s] -- Configuring done
[1.872s] -- Generating done
[1.880s] -- Build files have been written to: /home/me597/ros2/Me597/lab1_ws/build/task_2_interfaces
[1.912s] [35m[1mConsolidate compiler generated dependencies of target task_2_interfaces__rosidl_generator_c[0m
[1.927s] [  2%] Built target task_2_interfaces__cpp
[1.932s] [ 12%] Built target task_2_interfaces__rosidl_generator_c
[1.948s] [35m[1mConsolidate compiler generated dependencies of target task_2_interfaces__rosidl_typesupport_cpp[0m
[1.967s] [ 23%] Built target task_2_interfaces__rosidl_typesupport_cpp
[1.987s] [ 23%] Built target ament_cmake_python_copy_task_2_interfaces
[1.994s] [35m[1mConsolidate compiler generated dependencies of target task_2_interfaces__rosidl_typesupport_fastrtps_c[0m
[2.004s] [35m[1mConsolidate compiler generated dependencies of target task_2_interfaces__rosidl_typesupport_fastrtps_cpp[0m
[2.027s] [ 33%] Built target task_2_interfaces__rosidl_typesupport_fastrtps_cpp
[2.027s] [ 43%] Built target task_2_interfaces__rosidl_typesupport_fastrtps_c
[2.045s] [35m[1mConsolidate compiler generated dependencies of target task_2_interfaces__rosidl_typesupport_introspection_c[0m
[2.049s] [35m[1mConsolidate compiler generated dependencies of target task_2_interfaces__rosidl_typesupport_c[0m
[2.059s] [ 53%] Built target task_2_interfaces__rosidl_typesupport_introspection_c
[2.066s] [ 64%] Built target task_2_interfaces__rosidl_typesupport_c
[2.079s] [35m[1mConsolidate compiler generated dependencies of target task_2_interfaces__rosidl_typesupport_introspection_cpp[0m
[2.098s] [ 74%] Built target task_2_interfaces__rosidl_typesupport_introspection_cpp
[2.125s] [ 74%] Built target task_2_interfaces
[2.163s] [ 76%] Built target task_2_interfaces__py
[2.180s] [35m[1mConsolidate compiler generated dependencies of target task_2_interfaces__rosidl_generator_py[0m
[2.198s] [ 84%] Built target task_2_interfaces__rosidl_generator_py
[2.217s] [35m[1mConsolidate compiler generated dependencies of target task_2_interfaces__rosidl_typesupport_fastrtps_c__pyext[0m
[2.232s] [ 89%] Built target task_2_interfaces__rosidl_typesupport_fastrtps_c__pyext
[2.251s] [35m[1mConsolidate compiler generated dependencies of target task_2_interfaces__rosidl_typesupport_introspection_c__pyext[0m
[2.267s] [ 94%] Built target task_2_interfaces__rosidl_typesupport_introspection_c__pyext
[2.282s] [35m[1mConsolidate compiler generated dependencies of target task_2_interfaces__rosidl_typesupport_c__pyext[0m
[2.304s] [100%] Built target task_2_interfaces__rosidl_typesupport_c__pyext
[2.381s] running egg_info
[2.382s] writing task_2_interfaces.egg-info/PKG-INFO
[2.384s] writing dependency_links to task_2_interfaces.egg-info/dependency_links.txt
[2.384s] writing top-level names to task_2_interfaces.egg-info/top_level.txt
[2.388s] reading manifest file 'task_2_interfaces.egg-info/SOURCES.txt'
[2.390s] writing manifest file 'task_2_interfaces.egg-info/SOURCES.txt'
[2.419s] [100%] Built target ament_cmake_python_build_task_2_interfaces_egg
[2.434s] Invoked command in '/home/me597/ros2/Me597/lab1_ws/build/task_2_interfaces' returned '0': CMAKE_PREFIX_PATH=${CMAKE_PREFIX_PATH}:/home/me597/ros2/Me597/lab1_ws/install/task_2:/home/me597/ros2/Me597/lab1_ws/install/task_1:/home/me597/ros2/sim_ws/install/sim_utils:/opt/ros/humble /usr/bin/cmake --build /home/me597/ros2/Me597/lab1_ws/build/task_2_interfaces -- -j2 -l2
[2.617s] Invoking command in '/home/me597/ros2/Me597/lab1_ws/build/task_2_interfaces': CMAKE_PREFIX_PATH=${CMAKE_PREFIX_PATH}:/home/me597/ros2/Me597/lab1_ws/install/task_2:/home/me597/ros2/Me597/lab1_ws/install/task_1:/home/me597/ros2/sim_ws/install/sim_utils:/opt/ros/humble /usr/bin/cmake --install /home/me597/ros2/Me597/lab1_ws/build/task_2_interfaces
[2.627s] -- Install configuration: ""
[2.627s] -- Up-to-date: /home/me597/ros2/Me597/lab1_ws/install/task_2_interfaces/share/ament_index/resource_index/rosidl_interfaces/task_2_interfaces
[2.629s] -- Up-to-date: /home/me597/ros2/Me597/lab1_ws/install/task_2_interfaces/include/task_2_interfaces/task_2_interfaces
[2.629s] -- Up-to-date: /home/me597/ros2/Me597/lab1_ws/install/task_2_interfaces/include/task_2_interfaces/task_2_interfaces/msg
[2.629s] -- Up-to-date: /home/me597/ros2/Me597/lab1_ws/install/task_2_interfaces/include/task_2_interfaces/task_2_interfaces/msg/joint_data.h
[2.629s] -- Up-to-date: /home/me597/ros2/Me597/lab1_ws/install/task_2_interfaces/include/task_2_interfaces/task_2_interfaces/msg/rosidl_generator_c__visibility_control.h
[2.629s] -- Up-to-date: /home/me597/ros2/Me597/lab1_ws/install/task_2_interfaces/include/task_2_interfaces/task_2_interfaces/msg/detail
[2.629s] -- Up-to-date: /home/me597/ros2/Me597/lab1_ws/install/task_2_interfaces/include/task_2_interfaces/task_2_interfaces/msg/detail/joint_data__functions.h
[2.629s] -- Up-to-date: /home/me597/ros2/Me597/lab1_ws/install/task_2_interfaces/include/task_2_interfaces/task_2_interfaces/msg/detail/joint_data__struct.h
[2.629s] -- Up-to-date: /home/me597/ros2/Me597/lab1_ws/install/task_2_interfaces/include/task_2_interfaces/task_2_interfaces/msg/detail/joint_data__functions.c
[2.629s] -- Up-to-date: /home/me597/ros2/Me597/lab1_ws/install/task_2_interfaces/include/task_2_interfaces/task_2_interfaces/msg/detail/joint_data__type_support.h
[2.630s] -- Up-to-date: /home/me597/ros2/Me597/lab1_ws/install/task_2_interfaces/include/task_2_interfaces/task_2_interfaces/srv
[2.630s] -- Up-to-date: /home/me597/ros2/Me597/lab1_ws/install/task_2_interfaces/include/task_2_interfaces/task_2_interfaces/srv/detail
[2.630s] -- Up-to-date: /home/me597/ros2/Me597/lab1_ws/install/task_2_interfaces/include/task_2_interfaces/task_2_interfaces/srv/detail/joint_state__functions.h
[2.630s] -- Up-to-date: /home/me597/ros2/Me597/lab1_ws/install/task_2_interfaces/include/task_2_interfaces/task_2_interfaces/srv/detail/joint_state__functions.c
[2.630s] -- Up-to-date: /home/me597/ros2/Me597/lab1_ws/install/task_2_interfaces/include/task_2_interfaces/task_2_interfaces/srv/detail/joint_state__type_support.h
[2.630s] -- Up-to-date: /home/me597/ros2/Me597/lab1_ws/install/task_2_interfaces/include/task_2_interfaces/task_2_interfaces/srv/detail/joint_state__struct.h
[2.630s] -- Up-to-date: /home/me597/ros2/Me597/lab1_ws/install/task_2_interfaces/include/task_2_interfaces/task_2_interfaces/srv/joint_state.h
[2.630s] -- Up-to-date: /home/me597/ros2/Me597/lab1_ws/install/task_2_interfaces/share/task_2_interfaces/environment/library_path.sh
[2.630s] -- Installing: /home/me597/ros2/Me597/lab1_ws/install/task_2_interfaces/share/task_2_interfaces/environment/library_path.dsv
[2.630s] -- Up-to-date: /home/me597/ros2/Me597/lab1_ws/install/task_2_interfaces/lib/libtask_2_interfaces__rosidl_generator_c.so
[2.630s] -- Up-to-date: /home/me597/ros2/Me597/lab1_ws/install/task_2_interfaces/include/task_2_interfaces/task_2_interfaces
[2.630s] -- Up-to-date: /home/me597/ros2/Me597/lab1_ws/install/task_2_interfaces/include/task_2_interfaces/task_2_interfaces/msg
[2.630s] -- Up-to-date: /home/me597/ros2/Me597/lab1_ws/install/task_2_interfaces/include/task_2_interfaces/task_2_interfaces/msg/detail
[2.630s] -- Up-to-date: /home/me597/ros2/Me597/lab1_ws/install/task_2_interfaces/include/task_2_interfaces/task_2_interfaces/msg/detail/joint_data__rosidl_typesupport_fastrtps_c.h
[2.630s] -- Up-to-date: /home/me597/ros2/Me597/lab1_ws/install/task_2_interfaces/include/task_2_interfaces/task_2_interfaces/msg/rosidl_typesupport_fastrtps_c__visibility_control.h
[2.630s] -- Up-to-date: /home/me597/ros2/Me597/lab1_ws/install/task_2_interfaces/include/task_2_interfaces/task_2_interfaces/srv
[2.630s] -- Up-to-date: /home/me597/ros2/Me597/lab1_ws/install/task_2_interfaces/include/task_2_interfaces/task_2_interfaces/srv/detail
[2.630s] -- Up-to-date: /home/me597/ros2/Me597/lab1_ws/install/task_2_interfaces/include/task_2_interfaces/task_2_interfaces/srv/detail/joint_state__rosidl_typesupport_fastrtps_c.h
[2.630s] -- Up-to-date: /home/me597/ros2/Me597/lab1_ws/install/task_2_interfaces/lib/libtask_2_interfaces__rosidl_typesupport_fastrtps_c.so
[2.632s] -- Up-to-date: /home/me597/ros2/Me597/lab1_ws/install/task_2_interfaces/include/task_2_interfaces/task_2_interfaces
[2.632s] -- Up-to-date: /home/me597/ros2/Me597/lab1_ws/install/task_2_interfaces/include/task_2_interfaces/task_2_interfaces/msg
[2.633s] -- Up-to-date: /home/me597/ros2/Me597/lab1_ws/install/task_2_interfaces/include/task_2_interfaces/task_2_interfaces/msg/detail
[2.633s] -- Up-to-date: /home/me597/ros2/Me597/lab1_ws/install/task_2_interfaces/include/task_2_interfaces/task_2_interfaces/msg/detail/joint_data__builder.hpp
[2.633s] -- Up-to-date: /home/me597/ros2/Me597/lab1_ws/install/task_2_interfaces/include/task_2_interfaces/task_2_interfaces/msg/detail/joint_data__struct.hpp
[2.633s] -- Up-to-date: /home/me597/ros2/Me597/lab1_ws/install/task_2_interfaces/include/task_2_interfaces/task_2_interfaces/msg/detail/joint_data__traits.hpp
[2.633s] -- Up-to-date: /home/me597/ros2/Me597/lab1_ws/install/task_2_interfaces/include/task_2_interfaces/task_2_interfaces/msg/joint_data.hpp
[2.633s] -- Up-to-date: /home/me597/ros2/Me597/lab1_ws/install/task_2_interfaces/include/task_2_interfaces/task_2_interfaces/srv
[2.633s] -- Up-to-date: /home/me597/ros2/Me597/lab1_ws/install/task_2_interfaces/include/task_2_interfaces/task_2_interfaces/srv/detail
[2.633s] -- Up-to-date: /home/me597/ros2/Me597/lab1_ws/install/task_2_interfaces/include/task_2_interfaces/task_2_interfaces/srv/detail/joint_state__traits.hpp
[2.633s] -- Up-to-date: /home/me597/ros2/Me597/lab1_ws/install/task_2_interfaces/include/task_2_interfaces/task_2_interfaces/srv/detail/joint_state__builder.hpp
[2.633s] -- Up-to-date: /home/me597/ros2/Me597/lab1_ws/install/task_2_interfaces/include/task_2_interfaces/task_2_interfaces/srv/detail/joint_state__struct.hpp
[2.633s] -- Up-to-date: /home/me597/ros2/Me597/lab1_ws/install/task_2_interfaces/include/task_2_interfaces/task_2_interfaces/srv/joint_state.hpp
[2.633s] -- Up-to-date: /home/me597/ros2/Me597/lab1_ws/install/task_2_interfaces/include/task_2_interfaces/task_2_interfaces
[2.633s] -- Up-to-date: /home/me597/ros2/Me597/lab1_ws/install/task_2_interfaces/include/task_2_interfaces/task_2_interfaces/msg
[2.633s] -- Up-to-date: /home/me597/ros2/Me597/lab1_ws/install/task_2_interfaces/include/task_2_interfaces/task_2_interfaces/msg/detail
[2.633s] -- Up-to-date: /home/me597/ros2/Me597/lab1_ws/install/task_2_interfaces/include/task_2_interfaces/task_2_interfaces/msg/detail/joint_data__rosidl_typesupport_fastrtps_cpp.hpp
[2.633s] -- Up-to-date: /home/me597/ros2/Me597/lab1_ws/install/task_2_interfaces/include/task_2_interfaces/task_2_interfaces/msg/detail/dds_fastrtps
[2.633s] -- Up-to-date: /home/me597/ros2/Me597/lab1_ws/install/task_2_interfaces/include/task_2_interfaces/task_2_interfaces/msg/rosidl_typesupport_fastrtps_cpp__visibility_control.h
[2.634s] -- Up-to-date: /home/me597/ros2/Me597/lab1_ws/install/task_2_interfaces/include/task_2_interfaces/task_2_interfaces/srv
[2.634s] -- Up-to-date: /home/me597/ros2/Me597/lab1_ws/install/task_2_interfaces/include/task_2_interfaces/task_2_interfaces/srv/detail
[2.634s] -- Up-to-date: /home/me597/ros2/Me597/lab1_ws/install/task_2_interfaces/include/task_2_interfaces/task_2_interfaces/srv/detail/joint_state__rosidl_typesupport_fastrtps_cpp.hpp
[2.634s] -- Up-to-date: /home/me597/ros2/Me597/lab1_ws/install/task_2_interfaces/include/task_2_interfaces/task_2_interfaces/srv/detail/dds_fastrtps
[2.634s] -- Up-to-date: /home/me597/ros2/Me597/lab1_ws/install/task_2_interfaces/lib/libtask_2_interfaces__rosidl_typesupport_fastrtps_cpp.so
[2.634s] -- Up-to-date: /home/me597/ros2/Me597/lab1_ws/install/task_2_interfaces/include/task_2_interfaces/task_2_interfaces
[2.634s] -- Up-to-date: /home/me597/ros2/Me597/lab1_ws/install/task_2_interfaces/include/task_2_interfaces/task_2_interfaces/msg
[2.634s] -- Up-to-date: /home/me597/ros2/Me597/lab1_ws/install/task_2_interfaces/include/task_2_interfaces/task_2_interfaces/msg/rosidl_typesupport_introspection_c__visibility_control.h
[2.634s] -- Up-to-date: /home/me597/ros2/Me597/lab1_ws/install/task_2_interfaces/include/task_2_interfaces/task_2_interfaces/msg/detail
[2.634s] -- Up-to-date: /home/me597/ros2/Me597/lab1_ws/install/task_2_interfaces/include/task_2_interfaces/task_2_interfaces/msg/detail/joint_data__rosidl_typesupport_introspection_c.h
[2.634s] -- Up-to-date: /home/me597/ros2/Me597/lab1_ws/install/task_2_interfaces/include/task_2_interfaces/task_2_interfaces/msg/detail/joint_data__type_support.c
[2.634s] -- Up-to-date: /home/me597/ros2/Me597/lab1_ws/install/task_2_interfaces/include/task_2_interfaces/task_2_interfaces/srv
[2.634s] -- Up-to-date: /home/me597/ros2/Me597/lab1_ws/install/task_2_interfaces/include/task_2_interfaces/task_2_interfaces/srv/detail
[2.634s] -- Up-to-date: /home/me597/ros2/Me597/lab1_ws/install/task_2_interfaces/include/task_2_interfaces/task_2_interfaces/srv/detail/joint_state__rosidl_typesupport_introspection_c.h
[2.634s] -- Up-to-date: /home/me597/ros2/Me597/lab1_ws/install/task_2_interfaces/include/task_2_interfaces/task_2_interfaces/srv/detail/joint_state__type_support.c
[2.637s] -- Up-to-date: /home/me597/ros2/Me597/lab1_ws/install/task_2_interfaces/lib/libtask_2_interfaces__rosidl_typesupport_introspection_c.so
[2.637s] -- Up-to-date: /home/me597/ros2/Me597/lab1_ws/install/task_2_interfaces/lib/libtask_2_interfaces__rosidl_typesupport_c.so
[2.637s] -- Up-to-date: /home/me597/ros2/Me597/lab1_ws/install/task_2_interfaces/include/task_2_interfaces/task_2_interfaces
[2.637s] -- Up-to-date: /home/me597/ros2/Me597/lab1_ws/install/task_2_interfaces/include/task_2_interfaces/task_2_interfaces/msg
[2.637s] -- Up-to-date: /home/me597/ros2/Me597/lab1_ws/install/task_2_interfaces/include/task_2_interfaces/task_2_interfaces/msg/detail
[2.637s] -- Up-to-date: /home/me597/ros2/Me597/lab1_ws/install/task_2_interfaces/include/task_2_interfaces/task_2_interfaces/msg/detail/joint_data__rosidl_typesupport_introspection_cpp.hpp
[2.637s] -- Up-to-date: /home/me597/ros2/Me597/lab1_ws/install/task_2_interfaces/include/task_2_interfaces/task_2_interfaces/msg/detail/joint_data__type_support.cpp
[2.637s] -- Up-to-date: /home/me597/ros2/Me597/lab1_ws/install/task_2_interfaces/include/task_2_interfaces/task_2_interfaces/srv
[2.637s] -- Up-to-date: /home/me597/ros2/Me597/lab1_ws/install/task_2_interfaces/include/task_2_interfaces/task_2_interfaces/srv/detail
[2.637s] -- Up-to-date: /home/me597/ros2/Me597/lab1_ws/install/task_2_interfaces/include/task_2_interfaces/task_2_interfaces/srv/detail/joint_state__rosidl_typesupport_introspection_cpp.hpp
[2.637s] -- Up-to-date: /home/me597/ros2/Me597/lab1_ws/install/task_2_interfaces/include/task_2_interfaces/task_2_interfaces/srv/detail/joint_state__type_support.cpp
[2.638s] -- Up-to-date: /home/me597/ros2/Me597/lab1_ws/install/task_2_interfaces/lib/libtask_2_interfaces__rosidl_typesupport_introspection_cpp.so
[2.638s] -- Up-to-date: /home/me597/ros2/Me597/lab1_ws/install/task_2_interfaces/lib/libtask_2_interfaces__rosidl_typesupport_cpp.so
[2.638s] -- Up-to-date: /home/me597/ros2/Me597/lab1_ws/install/task_2_interfaces/share/task_2_interfaces/environment/pythonpath.sh
[2.638s] -- Installing: /home/me597/ros2/Me597/lab1_ws/install/task_2_interfaces/share/task_2_interfaces/environment/pythonpath.dsv
[2.638s] -- Up-to-date: /home/me597/ros2/Me597/lab1_ws/install/task_2_interfaces/local/lib/python3.10/dist-packages/task_2_interfaces-0.0.0-py3.10.egg-info
[2.638s] -- Installing: /home/me597/ros2/Me597/lab1_ws/install/task_2_interfaces/local/lib/python3.10/dist-packages/task_2_interfaces-0.0.0-py3.10.egg-info/top_level.txt
[2.638s] -- Installing: /home/me597/ros2/Me597/lab1_ws/install/task_2_interfaces/local/lib/python3.10/dist-packages/task_2_interfaces-0.0.0-py3.10.egg-info/SOURCES.txt
[2.639s] -- Installing: /home/me597/ros2/Me597/lab1_ws/install/task_2_interfaces/local/lib/python3.10/dist-packages/task_2_interfaces-0.0.0-py3.10.egg-info/dependency_links.txt
[2.640s] -- Installing: /home/me597/ros2/Me597/lab1_ws/install/task_2_interfaces/local/lib/python3.10/dist-packages/task_2_interfaces-0.0.0-py3.10.egg-info/PKG-INFO
[2.640s] -- Up-to-date: /home/me597/ros2/Me597/lab1_ws/install/task_2_interfaces/local/lib/python3.10/dist-packages/task_2_interfaces
[2.640s] -- Up-to-date: /home/me597/ros2/Me597/lab1_ws/install/task_2_interfaces/local/lib/python3.10/dist-packages/task_2_interfaces/_task_2_interfaces_s.ep.rosidl_typesupport_fastrtps_c.c
[2.640s] -- Up-to-date: /home/me597/ros2/Me597/lab1_ws/install/task_2_interfaces/local/lib/python3.10/dist-packages/task_2_interfaces/task_2_interfaces_s__rosidl_typesupport_fastrtps_c.cpython-310-x86_64-linux-gnu.so
[2.640s] -- Up-to-date: /home/me597/ros2/Me597/lab1_ws/install/task_2_interfaces/local/lib/python3.10/dist-packages/task_2_interfaces/_task_2_interfaces_s.ep.rosidl_typesupport_c.c
[2.640s] -- Up-to-date: /home/me597/ros2/Me597/lab1_ws/install/task_2_interfaces/local/lib/python3.10/dist-packages/task_2_interfaces/msg
[2.640s] -- Up-to-date: /home/me597/ros2/Me597/lab1_ws/install/task_2_interfaces/local/lib/python3.10/dist-packages/task_2_interfaces/msg/_joint_data.py
[2.640s] -- Up-to-date: /home/me597/ros2/Me597/lab1_ws/install/task_2_interfaces/local/lib/python3.10/dist-packages/task_2_interfaces/msg/_joint_data_s.c
[2.640s] -- Up-to-date: /home/me597/ros2/Me597/lab1_ws/install/task_2_interfaces/local/lib/python3.10/dist-packages/task_2_interfaces/msg/__init__.py
[2.640s] -- Up-to-date: /home/me597/ros2/Me597/lab1_ws/install/task_2_interfaces/local/lib/python3.10/dist-packages/task_2_interfaces/task_2_interfaces_s__rosidl_typesupport_introspection_c.cpython-310-x86_64-linux-gnu.so
[2.640s] -- Up-to-date: /home/me597/ros2/Me597/lab1_ws/install/task_2_interfaces/local/lib/python3.10/dist-packages/task_2_interfaces/task_2_interfaces_s__rosidl_typesupport_c.cpython-310-x86_64-linux-gnu.so
[2.640s] -- Installing: /home/me597/ros2/Me597/lab1_ws/install/task_2_interfaces/local/lib/python3.10/dist-packages/task_2_interfaces/__init__.py
[2.640s] -- Up-to-date: /home/me597/ros2/Me597/lab1_ws/install/task_2_interfaces/local/lib/python3.10/dist-packages/task_2_interfaces/libtask_2_interfaces__rosidl_generator_py.so
[2.640s] -- Up-to-date: /home/me597/ros2/Me597/lab1_ws/install/task_2_interfaces/local/lib/python3.10/dist-packages/task_2_interfaces/_task_2_interfaces_s.ep.rosidl_typesupport_introspection_c.c
[2.640s] -- Up-to-date: /home/me597/ros2/Me597/lab1_ws/install/task_2_interfaces/local/lib/python3.10/dist-packages/task_2_interfaces/srv
[2.640s] -- Up-to-date: /home/me597/ros2/Me597/lab1_ws/install/task_2_interfaces/local/lib/python3.10/dist-packages/task_2_interfaces/srv/_joint_state.py
[2.640s] -- Up-to-date: /home/me597/ros2/Me597/lab1_ws/install/task_2_interfaces/local/lib/python3.10/dist-packages/task_2_interfaces/srv/_joint_state_s.c
[2.640s] -- Up-to-date: /home/me597/ros2/Me597/lab1_ws/install/task_2_interfaces/local/lib/python3.10/dist-packages/task_2_interfaces/srv/__init__.py
[2.684s] Listing '/home/me597/ros2/Me597/lab1_ws/install/task_2_interfaces/local/lib/python3.10/dist-packages/task_2_interfaces'...
[2.684s] Compiling '/home/me597/ros2/Me597/lab1_ws/install/task_2_interfaces/local/lib/python3.10/dist-packages/task_2_interfaces/__init__.py'...
[2.684s] Listing '/home/me597/ros2/Me597/lab1_ws/install/task_2_interfaces/local/lib/python3.10/dist-packages/task_2_interfaces/msg'...
[2.685s] Listing '/home/me597/ros2/Me597/lab1_ws/install/task_2_interfaces/local/lib/python3.10/dist-packages/task_2_interfaces/srv'...
[2.690s] -- Up-to-date: /home/me597/ros2/Me597/lab1_ws/install/task_2_interfaces/local/lib/python3.10/dist-packages/task_2_interfaces/task_2_interfaces_s__rosidl_typesupport_fastrtps_c.cpython-310-x86_64-linux-gnu.so
[2.690s] -- Up-to-date: /home/me597/ros2/Me597/lab1_ws/install/task_2_interfaces/local/lib/python3.10/dist-packages/task_2_interfaces/task_2_interfaces_s__rosidl_typesupport_introspection_c.cpython-310-x86_64-linux-gnu.so
[2.691s] -- Up-to-date: /home/me597/ros2/Me597/lab1_ws/install/task_2_interfaces/local/lib/python3.10/dist-packages/task_2_interfaces/task_2_interfaces_s__rosidl_typesupport_c.cpython-310-x86_64-linux-gnu.so
[2.691s] -- Up-to-date: /home/me597/ros2/Me597/lab1_ws/install/task_2_interfaces/lib/libtask_2_interfaces__rosidl_generator_py.so
[2.691s] -- Up-to-date: /home/me597/ros2/Me597/lab1_ws/install/task_2_interfaces/share/task_2_interfaces/msg/JointData.idl
[2.691s] -- Up-to-date: /home/me597/ros2/Me597/lab1_ws/install/task_2_interfaces/share/task_2_interfaces/srv/JointState.idl
[2.691s] -- Up-to-date: /home/me597/ros2/Me597/lab1_ws/install/task_2_interfaces/share/task_2_interfaces/msg/JointData.msg
[2.691s] -- Installing: /home/me597/ros2/Me597/lab1_ws/install/task_2_interfaces/share/task_2_interfaces/srv/JointState.srv
[2.693s] -- Up-to-date: /home/me597/ros2/Me597/lab1_ws/install/task_2_interfaces/share/task_2_interfaces/srv/JointState_Request.msg
[2.693s] -- Up-to-date: /home/me597/ros2/Me597/lab1_ws/install/task_2_interfaces/share/task_2_interfaces/srv/JointState_Response.msg
[2.693s] -- Up-to-date: /home/me597/ros2/Me597/lab1_ws/install/task_2_interfaces/share/ament_index/resource_index/package_run_dependencies/task_2_interfaces
[2.693s] -- Installing: /home/me597/ros2/Me597/lab1_ws/install/task_2_interfaces/share/ament_index/resource_index/parent_prefix_path/task_2_interfaces
[2.693s] -- Up-to-date: /home/me597/ros2/Me597/lab1_ws/install/task_2_interfaces/share/task_2_interfaces/environment/ament_prefix_path.sh
[2.693s] -- Installing: /home/me597/ros2/Me597/lab1_ws/install/task_2_interfaces/share/task_2_interfaces/environment/ament_prefix_path.dsv
[2.693s] -- Up-to-date: /home/me597/ros2/Me597/lab1_ws/install/task_2_interfaces/share/task_2_interfaces/environment/path.sh
[2.693s] -- Installing: /home/me597/ros2/Me597/lab1_ws/install/task_2_interfaces/share/task_2_interfaces/environment/path.dsv
[2.693s] -- Up-to-date: /home/me597/ros2/Me597/lab1_ws/install/task_2_interfaces/share/task_2_interfaces/local_setup.bash
[2.693s] -- Up-to-date: /home/me597/ros2/Me597/lab1_ws/install/task_2_interfaces/share/task_2_interfaces/local_setup.sh
[2.693s] -- Up-to-date: /home/me597/ros2/Me597/lab1_ws/install/task_2_interfaces/share/task_2_interfaces/local_setup.zsh
[2.693s] -- Installing: /home/me597/ros2/Me597/lab1_ws/install/task_2_interfaces/share/task_2_interfaces/local_setup.dsv
[2.694s] -- Installing: /home/me597/ros2/Me597/lab1_ws/install/task_2_interfaces/share/task_2_interfaces/package.dsv
[2.694s] -- Up-to-date: /home/me597/ros2/Me597/lab1_ws/install/task_2_interfaces/share/ament_index/resource_index/packages/task_2_interfaces
[2.696s] -- Up-to-date: /home/me597/ros2/Me597/lab1_ws/install/task_2_interfaces/share/task_2_interfaces/cmake/export_task_2_interfaces__rosidl_generator_cExport.cmake
[2.696s] -- Up-to-date: /home/me597/ros2/Me597/lab1_ws/install/task_2_interfaces/share/task_2_interfaces/cmake/export_task_2_interfaces__rosidl_generator_cExport-noconfig.cmake
[2.696s] -- Up-to-date: /home/me597/ros2/Me597/lab1_ws/install/task_2_interfaces/share/task_2_interfaces/cmake/export_task_2_interfaces__rosidl_typesupport_fastrtps_cExport.cmake
[2.696s] -- Up-to-date: /home/me597/ros2/Me597/lab1_ws/install/task_2_interfaces/share/task_2_interfaces/cmake/export_task_2_interfaces__rosidl_typesupport_fastrtps_cExport-noconfig.cmake
[2.696s] -- Up-to-date: /home/me597/ros2/Me597/lab1_ws/install/task_2_interfaces/share/task_2_interfaces/cmake/export_task_2_interfaces__rosidl_generator_cppExport.cmake
[2.696s] -- Up-to-date: /home/me597/ros2/Me597/lab1_ws/install/task_2_interfaces/share/task_2_interfaces/cmake/export_task_2_interfaces__rosidl_typesupport_fastrtps_cppExport.cmake
[2.696s] -- Up-to-date: /home/me597/ros2/Me597/lab1_ws/install/task_2_interfaces/share/task_2_interfaces/cmake/export_task_2_interfaces__rosidl_typesupport_fastrtps_cppExport-noconfig.cmake
[2.697s] -- Up-to-date: /home/me597/ros2/Me597/lab1_ws/install/task_2_interfaces/share/task_2_interfaces/cmake/task_2_interfaces__rosidl_typesupport_introspection_cExport.cmake
[2.697s] -- Up-to-date: /home/me597/ros2/Me597/lab1_ws/install/task_2_interfaces/share/task_2_interfaces/cmake/task_2_interfaces__rosidl_typesupport_introspection_cExport-noconfig.cmake
[2.697s] -- Up-to-date: /home/me597/ros2/Me597/lab1_ws/install/task_2_interfaces/share/task_2_interfaces/cmake/task_2_interfaces__rosidl_typesupport_cExport.cmake
[2.697s] -- Up-to-date: /home/me597/ros2/Me597/lab1_ws/install/task_2_interfaces/share/task_2_interfaces/cmake/task_2_interfaces__rosidl_typesupport_cExport-noconfig.cmake
[2.697s] -- Up-to-date: /home/me597/ros2/Me597/lab1_ws/install/task_2_interfaces/share/task_2_interfaces/cmake/task_2_interfaces__rosidl_typesupport_introspection_cppExport.cmake
[2.697s] -- Up-to-date: /home/me597/ros2/Me597/lab1_ws/install/task_2_interfaces/share/task_2_interfaces/cmake/task_2_interfaces__rosidl_typesupport_introspection_cppExport-noconfig.cmake
[2.697s] -- Up-to-date: /home/me597/ros2/Me597/lab1_ws/install/task_2_interfaces/share/task_2_interfaces/cmake/task_2_interfaces__rosidl_typesupport_cppExport.cmake
[2.697s] -- Up-to-date: /home/me597/ros2/Me597/lab1_ws/install/task_2_interfaces/share/task_2_interfaces/cmake/task_2_interfaces__rosidl_typesupport_cppExport-noconfig.cmake
[2.698s] -- Up-to-date: /home/me597/ros2/Me597/lab1_ws/install/task_2_interfaces/share/task_2_interfaces/cmake/export_task_2_interfaces__rosidl_generator_pyExport.cmake
[2.698s] -- Up-to-date: /home/me597/ros2/Me597/lab1_ws/install/task_2_interfaces/share/task_2_interfaces/cmake/export_task_2_interfaces__rosidl_generator_pyExport-noconfig.cmake
[2.698s] -- Up-to-date: /home/me597/ros2/Me597/lab1_ws/install/task_2_interfaces/share/task_2_interfaces/cmake/rosidl_cmake-extras.cmake
[2.698s] -- Up-to-date: /home/me597/ros2/Me597/lab1_ws/install/task_2_interfaces/share/task_2_interfaces/cmake/ament_cmake_export_dependencies-extras.cmake
[2.699s] -- Up-to-date: /home/me597/ros2/Me597/lab1_ws/install/task_2_interfaces/share/task_2_interfaces/cmake/ament_cmake_export_include_directories-extras.cmake
[2.699s] -- Up-to-date: /home/me597/ros2/Me597/lab1_ws/install/task_2_interfaces/share/task_2_interfaces/cmake/ament_cmake_export_libraries-extras.cmake
[2.699s] -- Up-to-date: /home/me597/ros2/Me597/lab1_ws/install/task_2_interfaces/share/task_2_interfaces/cmake/ament_cmake_export_targets-extras.cmake
[2.699s] -- Up-to-date: /home/me597/ros2/Me597/lab1_ws/install/task_2_interfaces/share/task_2_interfaces/cmake/rosidl_cmake_export_typesupport_targets-extras.cmake
[2.699s] -- Up-to-date: /home/me597/ros2/Me597/lab1_ws/install/task_2_interfaces/share/task_2_interfaces/cmake/rosidl_cmake_export_typesupport_libraries-extras.cmake
[2.699s] -- Up-to-date: /home/me597/ros2/Me597/lab1_ws/install/task_2_interfaces/share/task_2_interfaces/cmake/task_2_interfacesConfig.cmake
[2.699s] -- Up-to-date: /home/me597/ros2/Me597/lab1_ws/install/task_2_interfaces/share/task_2_interfaces/cmake/task_2_interfacesConfig-version.cmake
[2.700s] -- Up-to-date: /home/me597/ros2/Me597/lab1_ws/install/task_2_interfaces/share/task_2_interfaces/package.xml
[2.702s] Invoked command in '/home/me597/ros2/Me597/lab1_ws/build/task_2_interfaces' returned '0': CMAKE_PREFIX_PATH=${CMAKE_PREFIX_PATH}:/home/me597/ros2/Me597/lab1_ws/install/task_2:/home/me597/ros2/Me597/lab1_ws/install/task_1:/home/me597/ros2/sim_ws/install/sim_utils:/opt/ros/humble /usr/bin/cmake --install /home/me597/ros2/Me597/lab1_ws/build/task_2_interfaces
