[0.763s] Invoking command in '/home/me597/ros2/Me597/lab1_ws/src/task_1': PYTHONPATH=/home/me597/ros2/Me597/lab1_ws/build/task_1/prefix_override:/usr/lib/python3/dist-packages/colcon_core/task/python/colcon_distutils_commands:/home/me597/ros2/Me597/lab1_ws/install/task_1/lib/python3.10/site-packages:${PYTHONPATH} /usr/bin/python3 -W ignore:setup.py install is deprecated setup.py egg_info --egg-base ../../build/task_1 build --build-base /home/me597/ros2/Me597/lab1_ws/build/task_1/build install --record /home/me597/ros2/Me597/lab1_ws/build/task_1/install.log --single-version-externally-managed install_data
[1.051s] running egg_info
[1.051s] writing ../../build/task_1/task_1.egg-info/PKG-INFO
[1.053s] writing dependency_links to ../../build/task_1/task_1.egg-info/dependency_links.txt
[1.053s] writing entry points to ../../build/task_1/task_1.egg-info/entry_points.txt
[1.053s] writing requirements to ../../build/task_1/task_1.egg-info/requires.txt
[1.054s] writing top-level names to ../../build/task_1/task_1.egg-info/top_level.txt
[1.058s] reading manifest file '../../build/task_1/task_1.egg-info/SOURCES.txt'
[1.059s] adding license file 'LICENSE'
[1.059s] writing manifest file '../../build/task_1/task_1.egg-info/SOURCES.txt'
[1.059s] running build
[1.059s] running build_py
[1.059s] copying task_1/publisher.py -> /home/me597/ros2/Me597/lab1_ws/build/task_1/build/lib/task_1
[1.059s] running install
[1.060s] running install_lib
[1.060s] copying /home/me597/ros2/Me597/lab1_ws/build/task_1/build/lib/task_1/publisher.py -> /home/me597/ros2/Me597/lab1_ws/install/task_1/lib/python3.10/site-packages/task_1
[1.061s] byte-compiling /home/me597/ros2/Me597/lab1_ws/install/task_1/lib/python3.10/site-packages/task_1/publisher.py to publisher.cpython-310.pyc
[1.062s] Sorry: TabError: inconsistent use of tabs and spaces in indentation (publisher.py, line 27)
[1.062s] running install_data
[1.062s] running install_egg_info
[1.066s] removing '/home/me597/ros2/Me597/lab1_ws/install/task_1/lib/python3.10/site-packages/task_1-0.0.0-py3.10.egg-info' (and everything under it)
[1.066s] Copying ../../build/task_1/task_1.egg-info to /home/me597/ros2/Me597/lab1_ws/install/task_1/lib/python3.10/site-packages/task_1-0.0.0-py3.10.egg-info
[1.067s] running install_scripts
[1.095s] Installing publisher script to /home/me597/ros2/Me597/lab1_ws/install/task_1/lib/task_1
[1.096s] writing list of installed files to '/home/me597/ros2/Me597/lab1_ws/build/task_1/install.log'
[1.123s] Invoked command in '/home/me597/ros2/Me597/lab1_ws/src/task_1' returned '0': PYTHONPATH=/home/me597/ros2/Me597/lab1_ws/build/task_1/prefix_override:/usr/lib/python3/dist-packages/colcon_core/task/python/colcon_distutils_commands:/home/me597/ros2/Me597/lab1_ws/install/task_1/lib/python3.10/site-packages:${PYTHONPATH} /usr/bin/python3 -W ignore:setup.py install is deprecated setup.py egg_info --egg-base ../../build/task_1 build --build-base /home/me597/ros2/Me597/lab1_ws/build/task_1/build install --record /home/me597/ros2/Me597/lab1_ws/build/task_1/install.log --single-version-externally-managed install_data
