[0.021s] Invoking command in '/home/me597/ros2/Me597/lab1_ws/build/task_2_interfaces': CMAKE_PREFIX_PATH=${CMAKE_PREFIX_PATH}:/home/me597/ros2/sim_ws/install/sim_utils:/opt/ros/humble /usr/bin/cmake --build /home/me597/ros2/Me597/lab1_ws/build/task_2_interfaces -- -j2 -l2
[0.216s] [35m[1mConsolidate compiler generated dependencies of target task_2_interfaces__rosidl_generator_c[0m
[0.227s] [  2%] Built target task_2_interfaces__cpp
[0.266s] [ 12%] Built target task_2_interfaces__rosidl_generator_c
[0.302s] [35m[1mConsolidate compiler generated dependencies of target task_2_interfaces__rosidl_typesupport_cpp[0m
[0.328s] [ 12%] Built target ament_cmake_python_copy_task_2_interfaces
[0.349s] [ 23%] Built target task_2_interfaces__rosidl_typesupport_cpp
[0.352s] [35m[1mConsolidate compiler generated dependencies of target task_2_interfaces__rosidl_typesupport_fastrtps_c[0m
[0.371s] [35m[1mConsolidate compiler generated dependencies of target task_2_interfaces__rosidl_typesupport_fastrtps_cpp[0m
[0.388s] [ 33%] Built target task_2_interfaces__rosidl_typesupport_fastrtps_c
[0.390s] [ 43%] Built target task_2_interfaces__rosidl_typesupport_fastrtps_cpp
[0.408s] [35m[1mConsolidate compiler generated dependencies of target task_2_interfaces__rosidl_typesupport_introspection_c[0m
[0.413s] [35m[1mConsolidate compiler generated dependencies of target task_2_interfaces__rosidl_typesupport_c[0m
[0.429s] [ 53%] Built target task_2_interfaces__rosidl_typesupport_c
[0.436s] [ 64%] Built target task_2_interfaces__rosidl_typesupport_introspection_c
[0.452s] [35m[1mConsolidate compiler generated dependencies of target task_2_interfaces__rosidl_typesupport_introspection_cpp[0m
[0.474s] [ 74%] Built target task_2_interfaces__rosidl_typesupport_introspection_cpp
[0.505s] [ 74%] Built target task_2_interfaces
[0.537s] [ 76%] Built target task_2_interfaces__py
[0.558s] [35m[1mConsolidate compiler generated dependencies of target task_2_interfaces__rosidl_generator_py[0m
[0.587s] [ 84%] Built target task_2_interfaces__rosidl_generator_py
[0.605s] [35m[1mConsolidate compiler generated dependencies of target task_2_interfaces__rosidl_typesupport_fastrtps_c__pyext[0m
[0.628s] [ 89%] Built target task_2_interfaces__rosidl_typesupport_fastrtps_c__pyext
[0.646s] [35m[1mConsolidate compiler generated dependencies of target task_2_interfaces__rosidl_typesupport_introspection_c__pyext[0m
[0.667s] [ 94%] Built target task_2_interfaces__rosidl_typesupport_introspection_c__pyext
[0.690s] [35m[1mConsolidate compiler generated dependencies of target task_2_interfaces__rosidl_typesupport_c__pyext[0m
[0.709s] [100%] Built target task_2_interfaces__rosidl_typesupport_c__pyext
[0.719s] running egg_info
[0.720s] writing task_2_interfaces.egg-info/PKG-INFO
[0.721s] writing dependency_links to task_2_interfaces.egg-info/dependency_links.txt
[0.721s] writing top-level names to task_2_interfaces.egg-info/top_level.txt
[0.726s] reading manifest file 'task_2_interfaces.egg-info/SOURCES.txt'
[0.728s] writing manifest file 'task_2_interfaces.egg-info/SOURCES.txt'
[0.765s] [100%] Built target ament_cmake_python_build_task_2_interfaces_egg
[0.783s] Invoked command in '/home/me597/ros2/Me597/lab1_ws/build/task_2_interfaces' returned '0': CMAKE_PREFIX_PATH=${CMAKE_PREFIX_PATH}:/home/me597/ros2/sim_ws/install/sim_utils:/opt/ros/humble /usr/bin/cmake --build /home/me597/ros2/Me597/lab1_ws/build/task_2_interfaces -- -j2 -l2
[1.091s] Invoking command in '/home/me597/ros2/Me597/lab1_ws/build/task_2_interfaces': CMAKE_PREFIX_PATH=${CMAKE_PREFIX_PATH}:/home/me597/ros2/sim_ws/install/sim_utils:/opt/ros/humble /usr/bin/cmake --install /home/me597/ros2/Me597/lab1_ws/build/task_2_interfaces
[1.108s] -- Install configuration: ""
[1.109s] -- Up-to-date: /home/me597/ros2/Me597/lab1_ws/install/task_2_interfaces/share/ament_index/resource_index/rosidl_interfaces/task_2_interfaces
[1.109s] -- Up-to-date: /home/me597/ros2/Me597/lab1_ws/install/task_2_interfaces/include/task_2_interfaces/task_2_interfaces
[1.111s] -- Up-to-date: /home/me597/ros2/Me597/lab1_ws/install/task_2_interfaces/include/task_2_interfaces/task_2_interfaces/msg
[1.111s] -- Up-to-date: /home/me597/ros2/Me597/lab1_ws/install/task_2_interfaces/include/task_2_interfaces/task_2_interfaces/msg/joint_data.h
[1.111s] -- Up-to-date: /home/me597/ros2/Me597/lab1_ws/install/task_2_interfaces/include/task_2_interfaces/task_2_interfaces/msg/rosidl_generator_c__visibility_control.h
[1.112s] -- Up-to-date: /home/me597/ros2/Me597/lab1_ws/install/task_2_interfaces/include/task_2_interfaces/task_2_interfaces/msg/detail
[1.112s] -- Up-to-date: /home/me597/ros2/Me597/lab1_ws/install/task_2_interfaces/include/task_2_interfaces/task_2_interfaces/msg/detail/joint_data__functions.h
[1.112s] -- Up-to-date: /home/me597/ros2/Me597/lab1_ws/install/task_2_interfaces/include/task_2_interfaces/task_2_interfaces/msg/detail/joint_data__struct.h
[1.112s] -- Up-to-date: /home/me597/ros2/Me597/lab1_ws/install/task_2_interfaces/include/task_2_interfaces/task_2_interfaces/msg/detail/joint_data__functions.c
[1.112s] -- Up-to-date: /home/me597/ros2/Me597/lab1_ws/install/task_2_interfaces/include/task_2_interfaces/task_2_interfaces/msg/detail/joint_data__type_support.h
[1.112s] -- Up-to-date: /home/me597/ros2/Me597/lab1_ws/install/task_2_interfaces/include/task_2_interfaces/task_2_interfaces/srv
[1.112s] -- Up-to-date: /home/me597/ros2/Me597/lab1_ws/install/task_2_interfaces/include/task_2_interfaces/task_2_interfaces/srv/detail
[1.112s] -- Up-to-date: /home/me597/ros2/Me597/lab1_ws/install/task_2_interfaces/include/task_2_interfaces/task_2_interfaces/srv/detail/joint_state__functions.h
[1.112s] -- Up-to-date: /home/me597/ros2/Me597/lab1_ws/install/task_2_interfaces/include/task_2_interfaces/task_2_interfaces/srv/detail/joint_state__functions.c
[1.112s] -- Up-to-date: /home/me597/ros2/Me597/lab1_ws/install/task_2_interfaces/include/task_2_interfaces/task_2_interfaces/srv/detail/joint_state__type_support.h
[1.112s] -- Up-to-date: /home/me597/ros2/Me597/lab1_ws/install/task_2_interfaces/include/task_2_interfaces/task_2_interfaces/srv/detail/joint_state__struct.h
[1.112s] -- Up-to-date: /home/me597/ros2/Me597/lab1_ws/install/task_2_interfaces/include/task_2_interfaces/task_2_interfaces/srv/joint_state.h
[1.112s] -- Up-to-date: /home/me597/ros2/Me597/lab1_ws/install/task_2_interfaces/share/task_2_interfaces/environment/library_path.sh
[1.112s] -- Up-to-date: /home/me597/ros2/Me597/lab1_ws/install/task_2_interfaces/share/task_2_interfaces/environment/library_path.dsv
[1.117s] -- Up-to-date: /home/me597/ros2/Me597/lab1_ws/install/task_2_interfaces/lib/libtask_2_interfaces__rosidl_generator_c.so
[1.117s] -- Up-to-date: /home/me597/ros2/Me597/lab1_ws/install/task_2_interfaces/include/task_2_interfaces/task_2_interfaces
[1.117s] -- Up-to-date: /home/me597/ros2/Me597/lab1_ws/install/task_2_interfaces/include/task_2_interfaces/task_2_interfaces/msg
[1.117s] -- Up-to-date: /home/me597/ros2/Me597/lab1_ws/install/task_2_interfaces/include/task_2_interfaces/task_2_interfaces/msg/detail
[1.117s] -- Up-to-date: /home/me597/ros2/Me597/lab1_ws/install/task_2_interfaces/include/task_2_interfaces/task_2_interfaces/msg/detail/joint_data__rosidl_typesupport_fastrtps_c.h
[1.117s] -- Up-to-date: /home/me597/ros2/Me597/lab1_ws/install/task_2_interfaces/include/task_2_interfaces/task_2_interfaces/msg/rosidl_typesupport_fastrtps_c__visibility_control.h
[1.117s] -- Up-to-date: /home/me597/ros2/Me597/lab1_ws/install/task_2_interfaces/include/task_2_interfaces/task_2_interfaces/srv
[1.117s] -- Up-to-date: /home/me597/ros2/Me597/lab1_ws/install/task_2_interfaces/include/task_2_interfaces/task_2_interfaces/srv/detail
[1.117s] -- Up-to-date: /home/me597/ros2/Me597/lab1_ws/install/task_2_interfaces/include/task_2_interfaces/task_2_interfaces/srv/detail/joint_state__rosidl_typesupport_fastrtps_c.h
[1.122s] -- Up-to-date: /home/me597/ros2/Me597/lab1_ws/install/task_2_interfaces/lib/libtask_2_interfaces__rosidl_typesupport_fastrtps_c.so
[1.123s] -- Up-to-date: /home/me597/ros2/Me597/lab1_ws/install/task_2_interfaces/include/task_2_interfaces/task_2_interfaces
[1.125s] -- Up-to-date: /home/me597/ros2/Me597/lab1_ws/install/task_2_interfaces/include/task_2_interfaces/task_2_interfaces/msg
[1.125s] -- Up-to-date: /home/me597/ros2/Me597/lab1_ws/install/task_2_interfaces/include/task_2_interfaces/task_2_interfaces/msg/detail
[1.127s] -- Up-to-date: /home/me597/ros2/Me597/lab1_ws/install/task_2_interfaces/include/task_2_interfaces/task_2_interfaces/msg/detail/joint_data__builder.hpp
[1.127s] -- Up-to-date: /home/me597/ros2/Me597/lab1_ws/install/task_2_interfaces/include/task_2_interfaces/task_2_interfaces/msg/detail/joint_data__struct.hpp
[1.127s] -- Up-to-date: /home/me597/ros2/Me597/lab1_ws/install/task_2_interfaces/include/task_2_interfaces/task_2_interfaces/msg/detail/joint_data__traits.hpp
[1.127s] -- Up-to-date: /home/me597/ros2/Me597/lab1_ws/install/task_2_interfaces/include/task_2_interfaces/task_2_interfaces/msg/joint_data.hpp
[1.127s] -- Up-to-date: /home/me597/ros2/Me597/lab1_ws/install/task_2_interfaces/include/task_2_interfaces/task_2_interfaces/srv
[1.128s] -- Up-to-date: /home/me597/ros2/Me597/lab1_ws/install/task_2_interfaces/include/task_2_interfaces/task_2_interfaces/srv/detail
[1.128s] -- Up-to-date: /home/me597/ros2/Me597/lab1_ws/install/task_2_interfaces/include/task_2_interfaces/task_2_interfaces/srv/detail/joint_state__traits.hpp
[1.128s] -- Up-to-date: /home/me597/ros2/Me597/lab1_ws/install/task_2_interfaces/include/task_2_interfaces/task_2_interfaces/srv/detail/joint_state__builder.hpp
[1.128s] -- Up-to-date: /home/me597/ros2/Me597/lab1_ws/install/task_2_interfaces/include/task_2_interfaces/task_2_interfaces/srv/detail/joint_state__struct.hpp
[1.128s] -- Up-to-date: /home/me597/ros2/Me597/lab1_ws/install/task_2_interfaces/include/task_2_interfaces/task_2_interfaces/srv/joint_state.hpp
[1.128s] -- Up-to-date: /home/me597/ros2/Me597/lab1_ws/install/task_2_interfaces/include/task_2_interfaces/task_2_interfaces
[1.128s] -- Up-to-date: /home/me597/ros2/Me597/lab1_ws/install/task_2_interfaces/include/task_2_interfaces/task_2_interfaces/msg
[1.128s] -- Up-to-date: /home/me597/ros2/Me597/lab1_ws/install/task_2_interfaces/include/task_2_interfaces/task_2_interfaces/msg/detail
[1.128s] -- Up-to-date: /home/me597/ros2/Me597/lab1_ws/install/task_2_interfaces/include/task_2_interfaces/task_2_interfaces/msg/detail/joint_data__rosidl_typesupport_fastrtps_cpp.hpp
[1.128s] -- Up-to-date: /home/me597/ros2/Me597/lab1_ws/install/task_2_interfaces/include/task_2_interfaces/task_2_interfaces/msg/detail/dds_fastrtps
[1.128s] -- Up-to-date: /home/me597/ros2/Me597/lab1_ws/install/task_2_interfaces/include/task_2_interfaces/task_2_interfaces/msg/rosidl_typesupport_fastrtps_cpp__visibility_control.h
[1.128s] -- Up-to-date: /home/me597/ros2/Me597/lab1_ws/install/task_2_interfaces/include/task_2_interfaces/task_2_interfaces/srv
[1.128s] -- Up-to-date: /home/me597/ros2/Me597/lab1_ws/install/task_2_interfaces/include/task_2_interfaces/task_2_interfaces/srv/detail
[1.131s] -- Up-to-date: /home/me597/ros2/Me597/lab1_ws/install/task_2_interfaces/include/task_2_interfaces/task_2_interfaces/srv/detail/joint_state__rosidl_typesupport_fastrtps_cpp.hpp
[1.131s] -- Up-to-date: /home/me597/ros2/Me597/lab1_ws/install/task_2_interfaces/include/task_2_interfaces/task_2_interfaces/srv/detail/dds_fastrtps
[1.134s] -- Up-to-date: /home/me597/ros2/Me597/lab1_ws/install/task_2_interfaces/lib/libtask_2_interfaces__rosidl_typesupport_fastrtps_cpp.so
[1.138s] -- Up-to-date: /home/me597/ros2/Me597/lab1_ws/install/task_2_interfaces/include/task_2_interfaces/task_2_interfaces
[1.141s] -- Up-to-date: /home/me597/ros2/Me597/lab1_ws/install/task_2_interfaces/include/task_2_interfaces/task_2_interfaces/msg
[1.141s] -- Up-to-date: /home/me597/ros2/Me597/lab1_ws/install/task_2_interfaces/include/task_2_interfaces/task_2_interfaces/msg/rosidl_typesupport_introspection_c__visibility_control.h
[1.141s] -- Up-to-date: /home/me597/ros2/Me597/lab1_ws/install/task_2_interfaces/include/task_2_interfaces/task_2_interfaces/msg/detail
[1.141s] -- Up-to-date: /home/me597/ros2/Me597/lab1_ws/install/task_2_interfaces/include/task_2_interfaces/task_2_interfaces/msg/detail/joint_data__rosidl_typesupport_introspection_c.h
[1.141s] -- Up-to-date: /home/me597/ros2/Me597/lab1_ws/install/task_2_interfaces/include/task_2_interfaces/task_2_interfaces/msg/detail/joint_data__type_support.c
[1.141s] -- Up-to-date: /home/me597/ros2/Me597/lab1_ws/install/task_2_interfaces/include/task_2_interfaces/task_2_interfaces/srv
[1.141s] -- Up-to-date: /home/me597/ros2/Me597/lab1_ws/install/task_2_interfaces/include/task_2_interfaces/task_2_interfaces/srv/detail
[1.141s] -- Up-to-date: /home/me597/ros2/Me597/lab1_ws/install/task_2_interfaces/include/task_2_interfaces/task_2_interfaces/srv/detail/joint_state__rosidl_typesupport_introspection_c.h
[1.141s] -- Up-to-date: /home/me597/ros2/Me597/lab1_ws/install/task_2_interfaces/include/task_2_interfaces/task_2_interfaces/srv/detail/joint_state__type_support.c
[1.144s] -- Up-to-date: /home/me597/ros2/Me597/lab1_ws/install/task_2_interfaces/lib/libtask_2_interfaces__rosidl_typesupport_introspection_c.so
[1.146s] -- Up-to-date: /home/me597/ros2/Me597/lab1_ws/install/task_2_interfaces/lib/libtask_2_interfaces__rosidl_typesupport_c.so
[1.146s] -- Up-to-date: /home/me597/ros2/Me597/lab1_ws/install/task_2_interfaces/include/task_2_interfaces/task_2_interfaces
[1.147s] -- Up-to-date: /home/me597/ros2/Me597/lab1_ws/install/task_2_interfaces/include/task_2_interfaces/task_2_interfaces/msg
[1.147s] -- Up-to-date: /home/me597/ros2/Me597/lab1_ws/install/task_2_interfaces/include/task_2_interfaces/task_2_interfaces/msg/detail
[1.147s] -- Up-to-date: /home/me597/ros2/Me597/lab1_ws/install/task_2_interfaces/include/task_2_interfaces/task_2_interfaces/msg/detail/joint_data__rosidl_typesupport_introspection_cpp.hpp
[1.147s] -- Up-to-date: /home/me597/ros2/Me597/lab1_ws/install/task_2_interfaces/include/task_2_interfaces/task_2_interfaces/msg/detail/joint_data__type_support.cpp
[1.147s] -- Up-to-date: /home/me597/ros2/Me597/lab1_ws/install/task_2_interfaces/include/task_2_interfaces/task_2_interfaces/srv
[1.149s] -- Up-to-date: /home/me597/ros2/Me597/lab1_ws/install/task_2_interfaces/include/task_2_interfaces/task_2_interfaces/srv/detail
[1.149s] -- Up-to-date: /home/me597/ros2/Me597/lab1_ws/install/task_2_interfaces/include/task_2_interfaces/task_2_interfaces/srv/detail/joint_state__rosidl_typesupport_introspection_cpp.hpp
[1.149s] -- Up-to-date: /home/me597/ros2/Me597/lab1_ws/install/task_2_interfaces/include/task_2_interfaces/task_2_interfaces/srv/detail/joint_state__type_support.cpp
[1.154s] -- Up-to-date: /home/me597/ros2/Me597/lab1_ws/install/task_2_interfaces/lib/libtask_2_interfaces__rosidl_typesupport_introspection_cpp.so
[1.156s] -- Up-to-date: /home/me597/ros2/Me597/lab1_ws/install/task_2_interfaces/lib/libtask_2_interfaces__rosidl_typesupport_cpp.so
[1.160s] -- Up-to-date: /home/me597/ros2/Me597/lab1_ws/install/task_2_interfaces/share/task_2_interfaces/environment/pythonpath.sh
[1.160s] -- Up-to-date: /home/me597/ros2/Me597/lab1_ws/install/task_2_interfaces/share/task_2_interfaces/environment/pythonpath.dsv
[1.160s] -- Up-to-date: /home/me597/ros2/Me597/lab1_ws/install/task_2_interfaces/local/lib/python3.10/dist-packages/task_2_interfaces-0.0.0-py3.10.egg-info
[1.160s] -- Installing: /home/me597/ros2/Me597/lab1_ws/install/task_2_interfaces/local/lib/python3.10/dist-packages/task_2_interfaces-0.0.0-py3.10.egg-info/top_level.txt
[1.160s] -- Installing: /home/me597/ros2/Me597/lab1_ws/install/task_2_interfaces/local/lib/python3.10/dist-packages/task_2_interfaces-0.0.0-py3.10.egg-info/SOURCES.txt
[1.160s] -- Installing: /home/me597/ros2/Me597/lab1_ws/install/task_2_interfaces/local/lib/python3.10/dist-packages/task_2_interfaces-0.0.0-py3.10.egg-info/dependency_links.txt
[1.160s] -- Installing: /home/me597/ros2/Me597/lab1_ws/install/task_2_interfaces/local/lib/python3.10/dist-packages/task_2_interfaces-0.0.0-py3.10.egg-info/PKG-INFO
[1.161s] -- Up-to-date: /home/me597/ros2/Me597/lab1_ws/install/task_2_interfaces/local/lib/python3.10/dist-packages/task_2_interfaces
[1.161s] -- Up-to-date: /home/me597/ros2/Me597/lab1_ws/install/task_2_interfaces/local/lib/python3.10/dist-packages/task_2_interfaces/_task_2_interfaces_s.ep.rosidl_typesupport_fastrtps_c.c
[1.163s] -- Up-to-date: /home/me597/ros2/Me597/lab1_ws/install/task_2_interfaces/local/lib/python3.10/dist-packages/task_2_interfaces/task_2_interfaces_s__rosidl_typesupport_fastrtps_c.cpython-310-x86_64-linux-gnu.so
[1.163s] -- Up-to-date: /home/me597/ros2/Me597/lab1_ws/install/task_2_interfaces/local/lib/python3.10/dist-packages/task_2_interfaces/_task_2_interfaces_s.ep.rosidl_typesupport_c.c
[1.163s] -- Up-to-date: /home/me597/ros2/Me597/lab1_ws/install/task_2_interfaces/local/lib/python3.10/dist-packages/task_2_interfaces/msg
[1.163s] -- Up-to-date: /home/me597/ros2/Me597/lab1_ws/install/task_2_interfaces/local/lib/python3.10/dist-packages/task_2_interfaces/msg/_joint_data.py
[1.163s] -- Up-to-date: /home/me597/ros2/Me597/lab1_ws/install/task_2_interfaces/local/lib/python3.10/dist-packages/task_2_interfaces/msg/_joint_data_s.c
[1.163s] -- Up-to-date: /home/me597/ros2/Me597/lab1_ws/install/task_2_interfaces/local/lib/python3.10/dist-packages/task_2_interfaces/msg/__init__.py
[1.164s] -- Up-to-date: /home/me597/ros2/Me597/lab1_ws/install/task_2_interfaces/local/lib/python3.10/dist-packages/task_2_interfaces/task_2_interfaces_s__rosidl_typesupport_introspection_c.cpython-310-x86_64-linux-gnu.so
[1.164s] -- Up-to-date: /home/me597/ros2/Me597/lab1_ws/install/task_2_interfaces/local/lib/python3.10/dist-packages/task_2_interfaces/task_2_interfaces_s__rosidl_typesupport_c.cpython-310-x86_64-linux-gnu.so
[1.164s] -- Up-to-date: /home/me597/ros2/Me597/lab1_ws/install/task_2_interfaces/local/lib/python3.10/dist-packages/task_2_interfaces/__init__.py
[1.164s] -- Up-to-date: /home/me597/ros2/Me597/lab1_ws/install/task_2_interfaces/local/lib/python3.10/dist-packages/task_2_interfaces/libtask_2_interfaces__rosidl_generator_py.so
[1.164s] -- Up-to-date: /home/me597/ros2/Me597/lab1_ws/install/task_2_interfaces/local/lib/python3.10/dist-packages/task_2_interfaces/_task_2_interfaces_s.ep.rosidl_typesupport_introspection_c.c
[1.164s] -- Up-to-date: /home/me597/ros2/Me597/lab1_ws/install/task_2_interfaces/local/lib/python3.10/dist-packages/task_2_interfaces/srv
[1.164s] -- Up-to-date: /home/me597/ros2/Me597/lab1_ws/install/task_2_interfaces/local/lib/python3.10/dist-packages/task_2_interfaces/srv/_joint_state.py
[1.166s] -- Up-to-date: /home/me597/ros2/Me597/lab1_ws/install/task_2_interfaces/local/lib/python3.10/dist-packages/task_2_interfaces/srv/_joint_state_s.c
[1.166s] -- Up-to-date: /home/me597/ros2/Me597/lab1_ws/install/task_2_interfaces/local/lib/python3.10/dist-packages/task_2_interfaces/srv/__init__.py
[1.282s] Listing '/home/me597/ros2/Me597/lab1_ws/install/task_2_interfaces/local/lib/python3.10/dist-packages/task_2_interfaces'...
[1.282s] Listing '/home/me597/ros2/Me597/lab1_ws/install/task_2_interfaces/local/lib/python3.10/dist-packages/task_2_interfaces/msg'...
[1.282s] Listing '/home/me597/ros2/Me597/lab1_ws/install/task_2_interfaces/local/lib/python3.10/dist-packages/task_2_interfaces/srv'...
[1.305s] -- Up-to-date: /home/me597/ros2/Me597/lab1_ws/install/task_2_interfaces/local/lib/python3.10/dist-packages/task_2_interfaces/task_2_interfaces_s__rosidl_typesupport_fastrtps_c.cpython-310-x86_64-linux-gnu.so
[1.309s] -- Up-to-date: /home/me597/ros2/Me597/lab1_ws/install/task_2_interfaces/local/lib/python3.10/dist-packages/task_2_interfaces/task_2_interfaces_s__rosidl_typesupport_introspection_c.cpython-310-x86_64-linux-gnu.so
[1.312s] -- Up-to-date: /home/me597/ros2/Me597/lab1_ws/install/task_2_interfaces/local/lib/python3.10/dist-packages/task_2_interfaces/task_2_interfaces_s__rosidl_typesupport_c.cpython-310-x86_64-linux-gnu.so
[1.322s] -- Up-to-date: /home/me597/ros2/Me597/lab1_ws/install/task_2_interfaces/lib/libtask_2_interfaces__rosidl_generator_py.so
[1.322s] -- Up-to-date: /home/me597/ros2/Me597/lab1_ws/install/task_2_interfaces/share/task_2_interfaces/msg/JointData.idl
[1.323s] -- Up-to-date: /home/me597/ros2/Me597/lab1_ws/install/task_2_interfaces/share/task_2_interfaces/srv/JointState.idl
[1.323s] -- Up-to-date: /home/me597/ros2/Me597/lab1_ws/install/task_2_interfaces/share/task_2_interfaces/msg/JointData.msg
[1.323s] -- Up-to-date: /home/me597/ros2/Me597/lab1_ws/install/task_2_interfaces/share/task_2_interfaces/srv/JointState.srv
[1.323s] -- Up-to-date: /home/me597/ros2/Me597/lab1_ws/install/task_2_interfaces/share/task_2_interfaces/srv/JointState_Request.msg
[1.323s] -- Up-to-date: /home/me597/ros2/Me597/lab1_ws/install/task_2_interfaces/share/task_2_interfaces/srv/JointState_Response.msg
[1.323s] -- Up-to-date: /home/me597/ros2/Me597/lab1_ws/install/task_2_interfaces/share/ament_index/resource_index/package_run_dependencies/task_2_interfaces
[1.323s] -- Up-to-date: /home/me597/ros2/Me597/lab1_ws/install/task_2_interfaces/share/ament_index/resource_index/parent_prefix_path/task_2_interfaces
[1.323s] -- Up-to-date: /home/me597/ros2/Me597/lab1_ws/install/task_2_interfaces/share/task_2_interfaces/environment/ament_prefix_path.sh
[1.323s] -- Up-to-date: /home/me597/ros2/Me597/lab1_ws/install/task_2_interfaces/share/task_2_interfaces/environment/ament_prefix_path.dsv
[1.323s] -- Up-to-date: /home/me597/ros2/Me597/lab1_ws/install/task_2_interfaces/share/task_2_interfaces/environment/path.sh
[1.323s] -- Up-to-date: /home/me597/ros2/Me597/lab1_ws/install/task_2_interfaces/share/task_2_interfaces/environment/path.dsv
[1.323s] -- Up-to-date: /home/me597/ros2/Me597/lab1_ws/install/task_2_interfaces/share/task_2_interfaces/local_setup.bash
[1.323s] -- Up-to-date: /home/me597/ros2/Me597/lab1_ws/install/task_2_interfaces/share/task_2_interfaces/local_setup.sh
[1.324s] -- Up-to-date: /home/me597/ros2/Me597/lab1_ws/install/task_2_interfaces/share/task_2_interfaces/local_setup.zsh
[1.325s] -- Up-to-date: /home/me597/ros2/Me597/lab1_ws/install/task_2_interfaces/share/task_2_interfaces/local_setup.dsv
[1.325s] -- Installing: /home/me597/ros2/Me597/lab1_ws/install/task_2_interfaces/share/task_2_interfaces/package.dsv
[1.325s] -- Up-to-date: /home/me597/ros2/Me597/lab1_ws/install/task_2_interfaces/share/ament_index/resource_index/packages/task_2_interfaces
[1.327s] -- Up-to-date: /home/me597/ros2/Me597/lab1_ws/install/task_2_interfaces/share/task_2_interfaces/cmake/export_task_2_interfaces__rosidl_generator_cExport.cmake
[1.331s] -- Up-to-date: /home/me597/ros2/Me597/lab1_ws/install/task_2_interfaces/share/task_2_interfaces/cmake/export_task_2_interfaces__rosidl_generator_cExport-noconfig.cmake
[1.333s] -- Up-to-date: /home/me597/ros2/Me597/lab1_ws/install/task_2_interfaces/share/task_2_interfaces/cmake/export_task_2_interfaces__rosidl_typesupport_fastrtps_cExport.cmake
[1.333s] -- Up-to-date: /home/me597/ros2/Me597/lab1_ws/install/task_2_interfaces/share/task_2_interfaces/cmake/export_task_2_interfaces__rosidl_typesupport_fastrtps_cExport-noconfig.cmake
[1.338s] -- Up-to-date: /home/me597/ros2/Me597/lab1_ws/install/task_2_interfaces/share/task_2_interfaces/cmake/export_task_2_interfaces__rosidl_generator_cppExport.cmake
[1.340s] -- Up-to-date: /home/me597/ros2/Me597/lab1_ws/install/task_2_interfaces/share/task_2_interfaces/cmake/export_task_2_interfaces__rosidl_typesupport_fastrtps_cppExport.cmake
[1.340s] -- Up-to-date: /home/me597/ros2/Me597/lab1_ws/install/task_2_interfaces/share/task_2_interfaces/cmake/export_task_2_interfaces__rosidl_typesupport_fastrtps_cppExport-noconfig.cmake
[1.342s] -- Up-to-date: /home/me597/ros2/Me597/lab1_ws/install/task_2_interfaces/share/task_2_interfaces/cmake/task_2_interfaces__rosidl_typesupport_introspection_cExport.cmake
[1.342s] -- Up-to-date: /home/me597/ros2/Me597/lab1_ws/install/task_2_interfaces/share/task_2_interfaces/cmake/task_2_interfaces__rosidl_typesupport_introspection_cExport-noconfig.cmake
[1.344s] -- Up-to-date: /home/me597/ros2/Me597/lab1_ws/install/task_2_interfaces/share/task_2_interfaces/cmake/task_2_interfaces__rosidl_typesupport_cExport.cmake
[1.344s] -- Up-to-date: /home/me597/ros2/Me597/lab1_ws/install/task_2_interfaces/share/task_2_interfaces/cmake/task_2_interfaces__rosidl_typesupport_cExport-noconfig.cmake
[1.345s] -- Up-to-date: /home/me597/ros2/Me597/lab1_ws/install/task_2_interfaces/share/task_2_interfaces/cmake/task_2_interfaces__rosidl_typesupport_introspection_cppExport.cmake
[1.348s] -- Up-to-date: /home/me597/ros2/Me597/lab1_ws/install/task_2_interfaces/share/task_2_interfaces/cmake/task_2_interfaces__rosidl_typesupport_introspection_cppExport-noconfig.cmake
[1.349s] -- Up-to-date: /home/me597/ros2/Me597/lab1_ws/install/task_2_interfaces/share/task_2_interfaces/cmake/task_2_interfaces__rosidl_typesupport_cppExport.cmake
[1.349s] -- Up-to-date: /home/me597/ros2/Me597/lab1_ws/install/task_2_interfaces/share/task_2_interfaces/cmake/task_2_interfaces__rosidl_typesupport_cppExport-noconfig.cmake
[1.351s] -- Up-to-date: /home/me597/ros2/Me597/lab1_ws/install/task_2_interfaces/share/task_2_interfaces/cmake/export_task_2_interfaces__rosidl_generator_pyExport.cmake
[1.351s] -- Up-to-date: /home/me597/ros2/Me597/lab1_ws/install/task_2_interfaces/share/task_2_interfaces/cmake/export_task_2_interfaces__rosidl_generator_pyExport-noconfig.cmake
[1.351s] -- Up-to-date: /home/me597/ros2/Me597/lab1_ws/install/task_2_interfaces/share/task_2_interfaces/cmake/rosidl_cmake-extras.cmake
[1.351s] -- Up-to-date: /home/me597/ros2/Me597/lab1_ws/install/task_2_interfaces/share/task_2_interfaces/cmake/ament_cmake_export_dependencies-extras.cmake
[1.352s] -- Up-to-date: /home/me597/ros2/Me597/lab1_ws/install/task_2_interfaces/share/task_2_interfaces/cmake/ament_cmake_export_include_directories-extras.cmake
[1.352s] -- Up-to-date: /home/me597/ros2/Me597/lab1_ws/install/task_2_interfaces/share/task_2_interfaces/cmake/ament_cmake_export_libraries-extras.cmake
[1.353s] -- Up-to-date: /home/me597/ros2/Me597/lab1_ws/install/task_2_interfaces/share/task_2_interfaces/cmake/ament_cmake_export_targets-extras.cmake
[1.353s] -- Up-to-date: /home/me597/ros2/Me597/lab1_ws/install/task_2_interfaces/share/task_2_interfaces/cmake/rosidl_cmake_export_typesupport_targets-extras.cmake
[1.353s] -- Up-to-date: /home/me597/ros2/Me597/lab1_ws/install/task_2_interfaces/share/task_2_interfaces/cmake/rosidl_cmake_export_typesupport_libraries-extras.cmake
[1.356s] -- Up-to-date: /home/me597/ros2/Me597/lab1_ws/install/task_2_interfaces/share/task_2_interfaces/cmake/task_2_interfacesConfig.cmake
[1.356s] -- Up-to-date: /home/me597/ros2/Me597/lab1_ws/install/task_2_interfaces/share/task_2_interfaces/cmake/task_2_interfacesConfig-version.cmake
[1.357s] -- Up-to-date: /home/me597/ros2/Me597/lab1_ws/install/task_2_interfaces/share/task_2_interfaces/package.xml
[1.363s] Invoked command in '/home/me597/ros2/Me597/lab1_ws/build/task_2_interfaces' returned '0': CMAKE_PREFIX_PATH=${CMAKE_PREFIX_PATH}:/home/me597/ros2/sim_ws/install/sim_utils:/opt/ros/humble /usr/bin/cmake --install /home/me597/ros2/Me597/lab1_ws/build/task_2_interfaces
