[0.249s] DEBUG:colcon:Command line arguments: ['/usr/bin/colcon', 'build', '--packages-select', 'task_2_interfaces', 'task_2']
[0.249s] DEBUG:colcon:Parsed command line arguments: Namespace(log_base=None, log_level=None, verb_name='build', build_base='build', install_base='install', merge_install=False, symlink_install=False, test_result_base=None, continue_on_error=False, executor='parallel', parallel_workers=2, event_handlers=None, ignore_user_meta=False, metas=['./colcon.meta'], base_paths=['.'], packages_ignore=None, packages_ignore_regex=None, paths=None, packages_up_to=None, packages_up_to_regex=None, packages_above=None, packages_above_and_dependencies=None, packages_above_depth=None, packages_select_by_dep=None, packages_skip_by_dep=None, packages_skip_up_to=None, packages_select_build_failed=False, packages_skip_build_finished=False, packages_select_test_failures=False, packages_skip_test_passed=False, packages_select=['task_2_interfaces', 'task_2'], packages_skip=None, packages_select_regex=None, packages_skip_regex=None, packages_start=None, packages_end=None, allow_overriding=[], cmake_args=None, cmake_target=None, cmake_target_skip_unavailable=False, cmake_clean_cache=False, cmake_clean_first=False, cmake_force_configure=False, ament_cmake_args=None, catkin_cmake_args=None, catkin_skip_building_tests=False, mixin_files=None, mixin=None, verb_parser=<colcon_mixin.mixin.mixin_argument.MixinArgumentDecorator object at 0x746b13e64640>, verb_extension=<colcon_core.verb.build.BuildVerb object at 0x746b13f68eb0>, main=<bound method BuildVerb.main of <colcon_core.verb.build.BuildVerb object at 0x746b13f68eb0>>, mixin_verb=('build',))
[0.595s] Level 1:colcon.colcon_core.package_discovery:discover_packages(colcon_meta) check parameters
[0.595s] Level 1:colcon.colcon_core.package_discovery:discover_packages(recursive) check parameters
[0.595s] Level 1:colcon.colcon_core.package_discovery:discover_packages(ignore) check parameters
[0.595s] Level 1:colcon.colcon_core.package_discovery:discover_packages(path) check parameters
[0.596s] Level 1:colcon.colcon_core.package_discovery:discover_packages(colcon_meta) discover
[0.596s] Level 1:colcon.colcon_core.package_discovery:discover_packages(recursive) discover
[0.596s] INFO:colcon.colcon_core.package_discovery:Crawling recursively for packages in '/home/me597/ros2/Me597/lab1_ws'
[0.596s] Level 1:colcon.colcon_core.package_identification:_identify(.) by extensions ['ignore', 'ignore_ament_install']
[0.596s] Level 1:colcon.colcon_core.package_identification:_identify(.) by extension 'ignore'
[0.596s] Level 1:colcon.colcon_core.package_identification:_identify(.) by extension 'ignore_ament_install'
[0.596s] Level 1:colcon.colcon_core.package_identification:_identify(.) by extensions ['colcon_pkg']
[0.596s] Level 1:colcon.colcon_core.package_identification:_identify(.) by extension 'colcon_pkg'
[0.596s] Level 1:colcon.colcon_core.package_identification:_identify(.) by extensions ['colcon_meta']
[0.596s] Level 1:colcon.colcon_core.package_identification:_identify(.) by extension 'colcon_meta'
[0.596s] Level 1:colcon.colcon_core.package_identification:_identify(.) by extensions ['ros']
[0.597s] Level 1:colcon.colcon_core.package_identification:_identify(.) by extension 'ros'
[0.607s] Level 1:colcon.colcon_core.package_identification:_identify(.) by extensions ['cmake', 'python']
[0.608s] Level 1:colcon.colcon_core.package_identification:_identify(.) by extension 'cmake'
[0.608s] Level 1:colcon.colcon_core.package_identification:_identify(.) by extension 'python'
[0.608s] Level 1:colcon.colcon_core.package_identification:_identify(.) by extensions ['python_setup_py']
[0.608s] Level 1:colcon.colcon_core.package_identification:_identify(.) by extension 'python_setup_py'
[0.608s] Level 1:colcon.colcon_core.package_identification:_identify(build) by extensions ['ignore', 'ignore_ament_install']
[0.608s] Level 1:colcon.colcon_core.package_identification:_identify(build) by extension 'ignore'
[0.608s] Level 1:colcon.colcon_core.package_identification:_identify(build) ignored
[0.609s] Level 1:colcon.colcon_core.package_identification:_identify(install) by extensions ['ignore', 'ignore_ament_install']
[0.609s] Level 1:colcon.colcon_core.package_identification:_identify(install) by extension 'ignore'
[0.609s] Level 1:colcon.colcon_core.package_identification:_identify(install) ignored
[0.609s] Level 1:colcon.colcon_core.package_identification:_identify(log) by extensions ['ignore', 'ignore_ament_install']
[0.609s] Level 1:colcon.colcon_core.package_identification:_identify(log) by extension 'ignore'
[0.609s] Level 1:colcon.colcon_core.package_identification:_identify(log) ignored
[0.609s] Level 1:colcon.colcon_core.package_identification:_identify(src) by extensions ['ignore', 'ignore_ament_install']
[0.609s] Level 1:colcon.colcon_core.package_identification:_identify(src) by extension 'ignore'
[0.609s] Level 1:colcon.colcon_core.package_identification:_identify(src) by extension 'ignore_ament_install'
[0.609s] Level 1:colcon.colcon_core.package_identification:_identify(src) by extensions ['colcon_pkg']
[0.609s] Level 1:colcon.colcon_core.package_identification:_identify(src) by extension 'colcon_pkg'
[0.609s] Level 1:colcon.colcon_core.package_identification:_identify(src) by extensions ['colcon_meta']
[0.610s] Level 1:colcon.colcon_core.package_identification:_identify(src) by extension 'colcon_meta'
[0.610s] Level 1:colcon.colcon_core.package_identification:_identify(src) by extensions ['ros']
[0.610s] Level 1:colcon.colcon_core.package_identification:_identify(src) by extension 'ros'
[0.610s] Level 1:colcon.colcon_core.package_identification:_identify(src) by extensions ['cmake', 'python']
[0.610s] Level 1:colcon.colcon_core.package_identification:_identify(src) by extension 'cmake'
[0.610s] Level 1:colcon.colcon_core.package_identification:_identify(src) by extension 'python'
[0.610s] Level 1:colcon.colcon_core.package_identification:_identify(src) by extensions ['python_setup_py']
[0.610s] Level 1:colcon.colcon_core.package_identification:_identify(src) by extension 'python_setup_py'
[0.610s] Level 1:colcon.colcon_core.package_identification:_identify(src/task_1) by extensions ['ignore', 'ignore_ament_install']
[0.610s] Level 1:colcon.colcon_core.package_identification:_identify(src/task_1) by extension 'ignore'
[0.610s] Level 1:colcon.colcon_core.package_identification:_identify(src/task_1) by extension 'ignore_ament_install'
[0.610s] Level 1:colcon.colcon_core.package_identification:_identify(src/task_1) by extensions ['colcon_pkg']
[0.610s] Level 1:colcon.colcon_core.package_identification:_identify(src/task_1) by extension 'colcon_pkg'
[0.610s] Level 1:colcon.colcon_core.package_identification:_identify(src/task_1) by extensions ['colcon_meta']
[0.611s] Level 1:colcon.colcon_core.package_identification:_identify(src/task_1) by extension 'colcon_meta'
[0.611s] Level 1:colcon.colcon_core.package_identification:_identify(src/task_1) by extensions ['ros']
[0.611s] Level 1:colcon.colcon_core.package_identification:_identify(src/task_1) by extension 'ros'
[0.616s] DEBUG:colcon.colcon_core.package_identification:Package 'src/task_1' with type 'ros.ament_python' and name 'task_1'
[0.616s] Level 1:colcon.colcon_core.package_identification:_identify(src/task_2) by extensions ['ignore', 'ignore_ament_install']
[0.616s] Level 1:colcon.colcon_core.package_identification:_identify(src/task_2) by extension 'ignore'
[0.616s] Level 1:colcon.colcon_core.package_identification:_identify(src/task_2) by extension 'ignore_ament_install'
[0.616s] Level 1:colcon.colcon_core.package_identification:_identify(src/task_2) by extensions ['colcon_pkg']
[0.616s] Level 1:colcon.colcon_core.package_identification:_identify(src/task_2) by extension 'colcon_pkg'
[0.616s] Level 1:colcon.colcon_core.package_identification:_identify(src/task_2) by extensions ['colcon_meta']
[0.616s] Level 1:colcon.colcon_core.package_identification:_identify(src/task_2) by extension 'colcon_meta'
[0.617s] Level 1:colcon.colcon_core.package_identification:_identify(src/task_2) by extensions ['ros']
[0.617s] Level 1:colcon.colcon_core.package_identification:_identify(src/task_2) by extension 'ros'
[0.617s] DEBUG:colcon.colcon_core.package_identification:Package 'src/task_2' with type 'ros.ament_python' and name 'task_2'
[0.617s] Level 1:colcon.colcon_core.package_identification:_identify(src/task_2_interfaces) by extensions ['ignore', 'ignore_ament_install']
[0.617s] Level 1:colcon.colcon_core.package_identification:_identify(src/task_2_interfaces) by extension 'ignore'
[0.617s] Level 1:colcon.colcon_core.package_identification:_identify(src/task_2_interfaces) by extension 'ignore_ament_install'
[0.617s] Level 1:colcon.colcon_core.package_identification:_identify(src/task_2_interfaces) by extensions ['colcon_pkg']
[0.618s] Level 1:colcon.colcon_core.package_identification:_identify(src/task_2_interfaces) by extension 'colcon_pkg'
[0.618s] Level 1:colcon.colcon_core.package_identification:_identify(src/task_2_interfaces) by extensions ['colcon_meta']
[0.618s] Level 1:colcon.colcon_core.package_identification:_identify(src/task_2_interfaces) by extension 'colcon_meta'
[0.618s] Level 1:colcon.colcon_core.package_identification:_identify(src/task_2_interfaces) by extensions ['ros']
[0.618s] Level 1:colcon.colcon_core.package_identification:_identify(src/task_2_interfaces) by extension 'ros'
[0.618s] DEBUG:colcon.colcon_core.package_identification:Package 'src/task_2_interfaces' with type 'ros.ament_cmake' and name 'task_2_interfaces'
[0.618s] Level 1:colcon.colcon_core.package_discovery:discover_packages(recursive) using defaults
[0.618s] Level 1:colcon.colcon_core.package_discovery:discover_packages(ignore) discover
[0.618s] Level 1:colcon.colcon_core.package_discovery:discover_packages(ignore) using defaults
[0.618s] Level 1:colcon.colcon_core.package_discovery:discover_packages(path) discover
[0.618s] Level 1:colcon.colcon_core.package_discovery:discover_packages(path) using defaults
[0.661s] INFO:colcon.colcon_core.package_selection:Skipping not selected package 'task_1' in 'src/task_1'
[0.661s] Level 1:colcon.colcon_core.package_discovery:discover_packages(prefix_path) check parameters
[0.662s] Level 1:colcon.colcon_core.package_discovery:discover_packages(prefix_path) discover
[0.667s] DEBUG:colcon.colcon_installed_package_information.package_discovery:Found 2 installed packages in /home/me597/ros2/sim_ws/install
[0.669s] DEBUG:colcon.colcon_installed_package_information.package_discovery:Found 321 installed packages in /opt/ros/humble
[0.681s] Level 1:colcon.colcon_core.package_discovery:discover_packages(prefix_path) using defaults
[0.726s] Level 5:colcon.colcon_core.verb:set package 'task_2_interfaces' build argument 'cmake_args' from command line to 'None'
[0.726s] Level 5:colcon.colcon_core.verb:set package 'task_2_interfaces' build argument 'cmake_target' from command line to 'None'
[0.727s] Level 5:colcon.colcon_core.verb:set package 'task_2_interfaces' build argument 'cmake_target_skip_unavailable' from command line to 'False'
[0.727s] Level 5:colcon.colcon_core.verb:set package 'task_2_interfaces' build argument 'cmake_clean_cache' from command line to 'False'
[0.727s] Level 5:colcon.colcon_core.verb:set package 'task_2_interfaces' build argument 'cmake_clean_first' from command line to 'False'
[0.727s] Level 5:colcon.colcon_core.verb:set package 'task_2_interfaces' build argument 'cmake_force_configure' from command line to 'False'
[0.727s] Level 5:colcon.colcon_core.verb:set package 'task_2_interfaces' build argument 'ament_cmake_args' from command line to 'None'
[0.727s] Level 5:colcon.colcon_core.verb:set package 'task_2_interfaces' build argument 'catkin_cmake_args' from command line to 'None'
[0.727s] Level 5:colcon.colcon_core.verb:set package 'task_2_interfaces' build argument 'catkin_skip_building_tests' from command line to 'False'
[0.727s] DEBUG:colcon.colcon_core.verb:Building package 'task_2_interfaces' with the following arguments: {'ament_cmake_args': None, 'build_base': '/home/me597/ros2/Me597/lab1_ws/build/task_2_interfaces', 'catkin_cmake_args': None, 'catkin_skip_building_tests': False, 'cmake_args': None, 'cmake_clean_cache': False, 'cmake_clean_first': False, 'cmake_force_configure': False, 'cmake_target': None, 'cmake_target_skip_unavailable': False, 'install_base': '/home/me597/ros2/Me597/lab1_ws/install/task_2_interfaces', 'merge_install': False, 'path': '/home/me597/ros2/Me597/lab1_ws/src/task_2_interfaces', 'symlink_install': False, 'test_result_base': None}
[0.727s] Level 5:colcon.colcon_core.verb:set package 'task_2' build argument 'cmake_args' from command line to 'None'
[0.727s] Level 5:colcon.colcon_core.verb:set package 'task_2' build argument 'cmake_target' from command line to 'None'
[0.727s] Level 5:colcon.colcon_core.verb:set package 'task_2' build argument 'cmake_target_skip_unavailable' from command line to 'False'
[0.727s] Level 5:colcon.colcon_core.verb:set package 'task_2' build argument 'cmake_clean_cache' from command line to 'False'
[0.727s] Level 5:colcon.colcon_core.verb:set package 'task_2' build argument 'cmake_clean_first' from command line to 'False'
[0.727s] Level 5:colcon.colcon_core.verb:set package 'task_2' build argument 'cmake_force_configure' from command line to 'False'
[0.727s] Level 5:colcon.colcon_core.verb:set package 'task_2' build argument 'ament_cmake_args' from command line to 'None'
[0.727s] Level 5:colcon.colcon_core.verb:set package 'task_2' build argument 'catkin_cmake_args' from command line to 'None'
[0.727s] Level 5:colcon.colcon_core.verb:set package 'task_2' build argument 'catkin_skip_building_tests' from command line to 'False'
[0.727s] DEBUG:colcon.colcon_core.verb:Building package 'task_2' with the following arguments: {'ament_cmake_args': None, 'build_base': '/home/me597/ros2/Me597/lab1_ws/build/task_2', 'catkin_cmake_args': None, 'catkin_skip_building_tests': False, 'cmake_args': None, 'cmake_clean_cache': False, 'cmake_clean_first': False, 'cmake_force_configure': False, 'cmake_target': None, 'cmake_target_skip_unavailable': False, 'install_base': '/home/me597/ros2/Me597/lab1_ws/install/task_2', 'merge_install': False, 'path': '/home/me597/ros2/Me597/lab1_ws/src/task_2', 'symlink_install': False, 'test_result_base': None}
[0.727s] INFO:colcon.colcon_core.executor:Executing jobs using 'parallel' executor
[0.728s] DEBUG:colcon.colcon_parallel_executor.executor.parallel:run_until_complete
[0.729s] INFO:colcon.colcon_ros.task.ament_cmake.build:Building ROS package in '/home/me597/ros2/Me597/lab1_ws/src/task_2_interfaces' with build type 'ament_cmake'
[0.729s] INFO:colcon.colcon_cmake.task.cmake.build:Building CMake package in '/home/me597/ros2/Me597/lab1_ws/src/task_2_interfaces'
[0.738s] INFO:colcon.colcon_core.plugin_system:Skipping extension 'colcon_core.shell.bat': Not used on non-Windows systems
[0.738s] INFO:colcon.colcon_core.shell:Skip shell extension 'powershell' for command environment: Not usable outside of PowerShell
[0.738s] DEBUG:colcon.colcon_core.shell:Skip shell extension 'dsv' for command environment
[0.751s] DEBUG:colcon.colcon_core.event_handler.log_command:Invoking command in '/home/me597/ros2/Me597/lab1_ws/build/task_2_interfaces': CMAKE_PREFIX_PATH=${CMAKE_PREFIX_PATH}:/home/me597/ros2/sim_ws/install/sim_utils:/opt/ros/humble /usr/bin/cmake --build /home/me597/ros2/Me597/lab1_ws/build/task_2_interfaces -- -j2 -l2
[1.513s] DEBUG:colcon.colcon_core.event_handler.log_command:Invoked command in '/home/me597/ros2/Me597/lab1_ws/build/task_2_interfaces' returned '0': CMAKE_PREFIX_PATH=${CMAKE_PREFIX_PATH}:/home/me597/ros2/sim_ws/install/sim_utils:/opt/ros/humble /usr/bin/cmake --build /home/me597/ros2/Me597/lab1_ws/build/task_2_interfaces -- -j2 -l2
[1.821s] DEBUG:colcon.colcon_core.event_handler.log_command:Invoking command in '/home/me597/ros2/Me597/lab1_ws/build/task_2_interfaces': CMAKE_PREFIX_PATH=${CMAKE_PREFIX_PATH}:/home/me597/ros2/sim_ws/install/sim_utils:/opt/ros/humble /usr/bin/cmake --install /home/me597/ros2/Me597/lab1_ws/build/task_2_interfaces
[2.092s] Level 1:colcon.colcon_core.environment:create_environment_scripts_only(task_2_interfaces)
[2.093s] DEBUG:colcon.colcon_core.event_handler.log_command:Invoked command in '/home/me597/ros2/Me597/lab1_ws/build/task_2_interfaces' returned '0': CMAKE_PREFIX_PATH=${CMAKE_PREFIX_PATH}:/home/me597/ros2/sim_ws/install/sim_utils:/opt/ros/humble /usr/bin/cmake --install /home/me597/ros2/Me597/lab1_ws/build/task_2_interfaces
[2.124s] Level 1:colcon.colcon_core.environment:checking '/home/me597/ros2/Me597/lab1_ws/install/task_2_interfaces' for CMake module files
[2.128s] Level 1:colcon.colcon_core.environment:checking '/home/me597/ros2/Me597/lab1_ws/install/task_2_interfaces' for CMake config files
[2.129s] Level 1:colcon.colcon_core.shell:create_environment_hook('task_2_interfaces', 'cmake_prefix_path')
[2.130s] INFO:colcon.colcon_core.shell:Creating environment hook '/home/me597/ros2/Me597/lab1_ws/install/task_2_interfaces/share/task_2_interfaces/hook/cmake_prefix_path.ps1'
[2.137s] INFO:colcon.colcon_core.shell:Creating environment descriptor '/home/me597/ros2/Me597/lab1_ws/install/task_2_interfaces/share/task_2_interfaces/hook/cmake_prefix_path.dsv'
[2.140s] INFO:colcon.colcon_core.shell:Creating environment hook '/home/me597/ros2/Me597/lab1_ws/install/task_2_interfaces/share/task_2_interfaces/hook/cmake_prefix_path.sh'
[2.142s] Level 1:colcon.colcon_core.environment:checking '/home/me597/ros2/Me597/lab1_ws/install/task_2_interfaces/lib'
[2.144s] Level 1:colcon.colcon_core.shell:create_environment_hook('task_2_interfaces', 'ld_library_path_lib')
[2.144s] INFO:colcon.colcon_core.shell:Creating environment hook '/home/me597/ros2/Me597/lab1_ws/install/task_2_interfaces/share/task_2_interfaces/hook/ld_library_path_lib.ps1'
[2.146s] INFO:colcon.colcon_core.shell:Creating environment descriptor '/home/me597/ros2/Me597/lab1_ws/install/task_2_interfaces/share/task_2_interfaces/hook/ld_library_path_lib.dsv'
[2.150s] INFO:colcon.colcon_core.shell:Creating environment hook '/home/me597/ros2/Me597/lab1_ws/install/task_2_interfaces/share/task_2_interfaces/hook/ld_library_path_lib.sh'
[2.151s] Level 1:colcon.colcon_core.environment:checking '/home/me597/ros2/Me597/lab1_ws/install/task_2_interfaces/bin'
[2.151s] Level 1:colcon.colcon_core.environment:checking '/home/me597/ros2/Me597/lab1_ws/install/task_2_interfaces/lib/pkgconfig/task_2_interfaces.pc'
[2.152s] Level 1:colcon.colcon_core.environment:checking '/home/me597/ros2/Me597/lab1_ws/install/task_2_interfaces/lib/python3.10/site-packages'
[2.152s] Level 1:colcon.colcon_core.environment:checking '/home/me597/ros2/Me597/lab1_ws/install/task_2_interfaces/bin'
[2.152s] INFO:colcon.colcon_core.shell:Creating package script '/home/me597/ros2/Me597/lab1_ws/install/task_2_interfaces/share/task_2_interfaces/package.ps1'
[2.156s] INFO:colcon.colcon_core.shell:Creating package descriptor '/home/me597/ros2/Me597/lab1_ws/install/task_2_interfaces/share/task_2_interfaces/package.dsv'
[2.159s] INFO:colcon.colcon_core.shell:Creating package script '/home/me597/ros2/Me597/lab1_ws/install/task_2_interfaces/share/task_2_interfaces/package.sh'
[2.161s] INFO:colcon.colcon_core.shell:Creating package script '/home/me597/ros2/Me597/lab1_ws/install/task_2_interfaces/share/task_2_interfaces/package.bash'
[2.163s] INFO:colcon.colcon_core.shell:Creating package script '/home/me597/ros2/Me597/lab1_ws/install/task_2_interfaces/share/task_2_interfaces/package.zsh'
[2.167s] Level 1:colcon.colcon_core.environment:create_file_with_runtime_dependencies(/home/me597/ros2/Me597/lab1_ws/install/task_2_interfaces/share/colcon-core/packages/task_2_interfaces)
[2.454s] Level 1:colcon.colcon_core.environment:create_environment_scripts_only(task_2_interfaces)
[2.454s] Level 1:colcon.colcon_core.environment:checking '/home/me597/ros2/Me597/lab1_ws/install/task_2_interfaces' for CMake module files
[2.455s] Level 1:colcon.colcon_core.environment:checking '/home/me597/ros2/Me597/lab1_ws/install/task_2_interfaces' for CMake config files
[2.457s] Level 1:colcon.colcon_core.shell:create_environment_hook('task_2_interfaces', 'cmake_prefix_path')
[2.457s] INFO:colcon.colcon_core.shell:Creating environment hook '/home/me597/ros2/Me597/lab1_ws/install/task_2_interfaces/share/task_2_interfaces/hook/cmake_prefix_path.ps1'
[2.458s] INFO:colcon.colcon_core.shell:Creating environment descriptor '/home/me597/ros2/Me597/lab1_ws/install/task_2_interfaces/share/task_2_interfaces/hook/cmake_prefix_path.dsv'
[2.459s] INFO:colcon.colcon_core.shell:Creating environment hook '/home/me597/ros2/Me597/lab1_ws/install/task_2_interfaces/share/task_2_interfaces/hook/cmake_prefix_path.sh'
[2.461s] Level 1:colcon.colcon_core.environment:checking '/home/me597/ros2/Me597/lab1_ws/install/task_2_interfaces/lib'
[2.461s] Level 1:colcon.colcon_core.shell:create_environment_hook('task_2_interfaces', 'ld_library_path_lib')
[2.461s] INFO:colcon.colcon_core.shell:Creating environment hook '/home/me597/ros2/Me597/lab1_ws/install/task_2_interfaces/share/task_2_interfaces/hook/ld_library_path_lib.ps1'
[2.462s] INFO:colcon.colcon_core.shell:Creating environment descriptor '/home/me597/ros2/Me597/lab1_ws/install/task_2_interfaces/share/task_2_interfaces/hook/ld_library_path_lib.dsv'
[2.463s] INFO:colcon.colcon_core.shell:Creating environment hook '/home/me597/ros2/Me597/lab1_ws/install/task_2_interfaces/share/task_2_interfaces/hook/ld_library_path_lib.sh'
[2.465s] Level 1:colcon.colcon_core.environment:checking '/home/me597/ros2/Me597/lab1_ws/install/task_2_interfaces/bin'
[2.465s] Level 1:colcon.colcon_core.environment:checking '/home/me597/ros2/Me597/lab1_ws/install/task_2_interfaces/lib/pkgconfig/task_2_interfaces.pc'
[2.465s] Level 1:colcon.colcon_core.environment:checking '/home/me597/ros2/Me597/lab1_ws/install/task_2_interfaces/lib/python3.10/site-packages'
[2.466s] Level 1:colcon.colcon_core.environment:checking '/home/me597/ros2/Me597/lab1_ws/install/task_2_interfaces/bin'
[2.467s] INFO:colcon.colcon_core.shell:Creating package script '/home/me597/ros2/Me597/lab1_ws/install/task_2_interfaces/share/task_2_interfaces/package.ps1'
[2.470s] INFO:colcon.colcon_core.shell:Creating package descriptor '/home/me597/ros2/Me597/lab1_ws/install/task_2_interfaces/share/task_2_interfaces/package.dsv'
[2.471s] INFO:colcon.colcon_core.shell:Creating package script '/home/me597/ros2/Me597/lab1_ws/install/task_2_interfaces/share/task_2_interfaces/package.sh'
[2.471s] INFO:colcon.colcon_core.shell:Creating package script '/home/me597/ros2/Me597/lab1_ws/install/task_2_interfaces/share/task_2_interfaces/package.bash'
[2.473s] INFO:colcon.colcon_core.shell:Creating package script '/home/me597/ros2/Me597/lab1_ws/install/task_2_interfaces/share/task_2_interfaces/package.zsh'
[2.473s] Level 1:colcon.colcon_core.environment:create_file_with_runtime_dependencies(/home/me597/ros2/Me597/lab1_ws/install/task_2_interfaces/share/colcon-core/packages/task_2_interfaces)
[2.475s] INFO:colcon.colcon_ros.task.ament_python.build:Building ROS package in '/home/me597/ros2/Me597/lab1_ws/src/task_2' with build type 'ament_python'
[2.475s] Level 1:colcon.colcon_core.shell:create_environment_hook('task_2', 'ament_prefix_path')
[2.475s] INFO:colcon.colcon_core.shell:Creating environment hook '/home/me597/ros2/Me597/lab1_ws/install/task_2/share/task_2/hook/ament_prefix_path.ps1'
[2.476s] INFO:colcon.colcon_core.shell:Creating environment descriptor '/home/me597/ros2/Me597/lab1_ws/install/task_2/share/task_2/hook/ament_prefix_path.dsv'
[2.478s] INFO:colcon.colcon_core.shell:Creating environment hook '/home/me597/ros2/Me597/lab1_ws/install/task_2/share/task_2/hook/ament_prefix_path.sh'
[2.479s] INFO:colcon.colcon_core.shell:Skip shell extension 'powershell' for command environment: Not usable outside of PowerShell
[2.479s] DEBUG:colcon.colcon_core.shell:Skip shell extension 'dsv' for command environment
[2.836s] INFO:colcon.colcon_core.task.python.build:Building Python package in '/home/me597/ros2/Me597/lab1_ws/src/task_2'
[2.836s] INFO:colcon.colcon_core.shell:Skip shell extension 'powershell' for command environment: Not usable outside of PowerShell
[2.836s] DEBUG:colcon.colcon_core.shell:Skip shell extension 'dsv' for command environment
[3.326s] DEBUG:colcon.colcon_core.event_handler.log_command:Invoking command in '/home/me597/ros2/Me597/lab1_ws/src/task_2': AMENT_PREFIX_PATH=/home/me597/ros2/Me597/lab1_ws/install/task_2_interfaces:${AMENT_PREFIX_PATH} CMAKE_PREFIX_PATH=/home/me597/ros2/Me597/lab1_ws/install/task_2_interfaces:${CMAKE_PREFIX_PATH} LD_LIBRARY_PATH=/home/me597/ros2/Me597/lab1_ws/install/task_2_interfaces/lib:${LD_LIBRARY_PATH} PYTHONPATH=/home/me597/ros2/Me597/lab1_ws/build/task_2/prefix_override:/usr/lib/python3/dist-packages/colcon_core/task/python/colcon_distutils_commands:/home/me597/ros2/Me597/lab1_ws/install/task_2/lib/python3.10/site-packages:/home/me597/ros2/Me597/lab1_ws/install/task_2_interfaces/local/lib/python3.10/dist-packages:${PYTHONPATH} /usr/bin/python3 -W ignore:setup.py install is deprecated setup.py egg_info --egg-base ../../build/task_2 build --build-base /home/me597/ros2/Me597/lab1_ws/build/task_2/build install --record /home/me597/ros2/Me597/lab1_ws/build/task_2/install.log --single-version-externally-managed install_data
[3.623s] Level 1:colcon.colcon_core.environment:checking '/home/me597/ros2/Me597/lab1_ws/install/task_2' for CMake module files
[3.623s] DEBUG:colcon.colcon_core.event_handler.log_command:Invoked command in '/home/me597/ros2/Me597/lab1_ws/src/task_2' returned '0': AMENT_PREFIX_PATH=/home/me597/ros2/Me597/lab1_ws/install/task_2_interfaces:${AMENT_PREFIX_PATH} CMAKE_PREFIX_PATH=/home/me597/ros2/Me597/lab1_ws/install/task_2_interfaces:${CMAKE_PREFIX_PATH} LD_LIBRARY_PATH=/home/me597/ros2/Me597/lab1_ws/install/task_2_interfaces/lib:${LD_LIBRARY_PATH} PYTHONPATH=/home/me597/ros2/Me597/lab1_ws/build/task_2/prefix_override:/usr/lib/python3/dist-packages/colcon_core/task/python/colcon_distutils_commands:/home/me597/ros2/Me597/lab1_ws/install/task_2/lib/python3.10/site-packages:/home/me597/ros2/Me597/lab1_ws/install/task_2_interfaces/local/lib/python3.10/dist-packages:${PYTHONPATH} /usr/bin/python3 -W ignore:setup.py install is deprecated setup.py egg_info --egg-base ../../build/task_2 build --build-base /home/me597/ros2/Me597/lab1_ws/build/task_2/build install --record /home/me597/ros2/Me597/lab1_ws/build/task_2/install.log --single-version-externally-managed install_data
[3.624s] Level 1:colcon.colcon_core.environment:checking '/home/me597/ros2/Me597/lab1_ws/install/task_2' for CMake config files
[3.625s] Level 1:colcon.colcon_core.environment:checking '/home/me597/ros2/Me597/lab1_ws/install/task_2/lib'
[3.625s] Level 1:colcon.colcon_core.environment:checking '/home/me597/ros2/Me597/lab1_ws/install/task_2/bin'
[3.626s] Level 1:colcon.colcon_core.environment:checking '/home/me597/ros2/Me597/lab1_ws/install/task_2/lib/pkgconfig/task_2.pc'
[3.626s] Level 1:colcon.colcon_core.environment:checking '/home/me597/ros2/Me597/lab1_ws/install/task_2/lib/python3.10/site-packages'
[3.626s] Level 1:colcon.colcon_core.shell:create_environment_hook('task_2', 'pythonpath')
[3.626s] INFO:colcon.colcon_core.shell:Creating environment hook '/home/me597/ros2/Me597/lab1_ws/install/task_2/share/task_2/hook/pythonpath.ps1'
[3.627s] INFO:colcon.colcon_core.shell:Creating environment descriptor '/home/me597/ros2/Me597/lab1_ws/install/task_2/share/task_2/hook/pythonpath.dsv'
[3.627s] INFO:colcon.colcon_core.shell:Creating environment hook '/home/me597/ros2/Me597/lab1_ws/install/task_2/share/task_2/hook/pythonpath.sh'
[3.628s] Level 1:colcon.colcon_core.environment:checking '/home/me597/ros2/Me597/lab1_ws/install/task_2/bin'
[3.628s] Level 1:colcon.colcon_core.environment:create_environment_scripts_only(task_2)
[3.628s] INFO:colcon.colcon_core.shell:Creating package script '/home/me597/ros2/Me597/lab1_ws/install/task_2/share/task_2/package.ps1'
[3.629s] INFO:colcon.colcon_core.shell:Creating package descriptor '/home/me597/ros2/Me597/lab1_ws/install/task_2/share/task_2/package.dsv'
[3.629s] INFO:colcon.colcon_core.shell:Creating package script '/home/me597/ros2/Me597/lab1_ws/install/task_2/share/task_2/package.sh'
[3.630s] INFO:colcon.colcon_core.shell:Creating package script '/home/me597/ros2/Me597/lab1_ws/install/task_2/share/task_2/package.bash'
[3.630s] INFO:colcon.colcon_core.shell:Creating package script '/home/me597/ros2/Me597/lab1_ws/install/task_2/share/task_2/package.zsh'
[3.630s] Level 1:colcon.colcon_core.environment:create_file_with_runtime_dependencies(/home/me597/ros2/Me597/lab1_ws/install/task_2/share/colcon-core/packages/task_2)
[3.631s] DEBUG:colcon.colcon_parallel_executor.executor.parallel:closing loop
[3.632s] DEBUG:colcon.colcon_parallel_executor.executor.parallel:loop closed
[3.633s] DEBUG:colcon.colcon_parallel_executor.executor.parallel:run_until_complete finished with '0'
[3.633s] DEBUG:colcon.colcon_core.event_reactor:joining thread
[3.643s] INFO:colcon.colcon_core.plugin_system:Skipping extension 'colcon_notification.desktop_notification.terminal_notifier': Not used on non-Darwin systems
[3.643s] INFO:colcon.colcon_core.plugin_system:Skipping extension 'colcon_notification.desktop_notification.win32': Not used on non-Windows systems
[3.643s] INFO:colcon.colcon_notification.desktop_notification:Sending desktop notification using 'notify2'
[3.687s] DEBUG:colcon.colcon_core.event_reactor:joined thread
[3.688s] INFO:colcon.colcon_core.shell:Creating prefix script '/home/me597/ros2/Me597/lab1_ws/install/local_setup.ps1'
[3.690s] INFO:colcon.colcon_core.shell:Creating prefix util module '/home/me597/ros2/Me597/lab1_ws/install/_local_setup_util_ps1.py'
[3.692s] INFO:colcon.colcon_core.shell:Creating prefix chain script '/home/me597/ros2/Me597/lab1_ws/install/setup.ps1'
[3.695s] INFO:colcon.colcon_core.shell:Creating prefix script '/home/me597/ros2/Me597/lab1_ws/install/local_setup.sh'
[3.697s] INFO:colcon.colcon_core.shell:Creating prefix util module '/home/me597/ros2/Me597/lab1_ws/install/_local_setup_util_sh.py'
[3.701s] INFO:colcon.colcon_core.shell:Creating prefix chain script '/home/me597/ros2/Me597/lab1_ws/install/setup.sh'
[3.704s] INFO:colcon.colcon_core.shell:Creating prefix script '/home/me597/ros2/Me597/lab1_ws/install/local_setup.bash'
[3.705s] INFO:colcon.colcon_core.shell:Creating prefix chain script '/home/me597/ros2/Me597/lab1_ws/install/setup.bash'
[3.707s] INFO:colcon.colcon_core.shell:Creating prefix script '/home/me597/ros2/Me597/lab1_ws/install/local_setup.zsh'
[3.709s] INFO:colcon.colcon_core.shell:Creating prefix chain script '/home/me597/ros2/Me597/lab1_ws/install/setup.zsh'
