[0.733s] Invoking command in '/home/me597/ros2/Me597/lab1_ws/src/task_2': AMENT_PREFIX_PATH=/home/me597/ros2/Me597/lab1_ws/install/task_2_interfaces:${AMENT_PREFIX_PATH} CMAKE_PREFIX_PATH=/home/me597/ros2/Me597/lab1_ws/install/task_2_interfaces:${CMAKE_PREFIX_PATH} LD_LIBRARY_PATH=/home/me597/ros2/Me597/lab1_ws/install/task_2_interfaces/lib:${LD_LIBRARY_PATH} PYTHONPATH=/home/me597/ros2/Me597/lab1_ws/build/task_2/prefix_override:/usr/lib/python3/dist-packages/colcon_core/task/python/colcon_distutils_commands:/home/me597/ros2/Me597/lab1_ws/install/task_2/lib/python3.10/site-packages:/home/me597/ros2/Me597/lab1_ws/install/task_2_interfaces/local/lib/python3.10/dist-packages:${PYTHONPATH} /usr/bin/python3 -W ignore:setup.py install is deprecated setup.py egg_info --egg-base ../../build/task_2 build --build-base /home/me597/ros2/Me597/lab1_ws/build/task_2/build install --record /home/me597/ros2/Me597/lab1_ws/build/task_2/install.log --single-version-externally-managed install_data
[1.010s] running egg_info
[1.010s] writing ../../build/task_2/task_2.egg-info/PKG-INFO
[1.011s] writing dependency_links to ../../build/task_2/task_2.egg-info/dependency_links.txt
[1.012s] writing entry points to ../../build/task_2/task_2.egg-info/entry_points.txt
[1.012s] writing requirements to ../../build/task_2/task_2.egg-info/requires.txt
[1.016s] writing top-level names to ../../build/task_2/task_2.egg-info/top_level.txt
[1.016s] reading manifest file '../../build/task_2/task_2.egg-info/SOURCES.txt'
[1.017s] writing manifest file '../../build/task_2/task_2.egg-info/SOURCES.txt'
[1.019s] running build
[1.019s] running build_py
[1.021s] running install
[1.022s] running install_lib
[1.024s] running install_data
[1.024s] creating /home/me597/ros2/Me597/lab1_ws/install/task_2/share/task_2/launch
[1.024s] running install_egg_info
[1.029s] removing '/home/me597/ros2/Me597/lab1_ws/install/task_2/lib/python3.10/site-packages/task_2-0.0.0-py3.10.egg-info' (and everything under it)
[1.029s] Copying ../../build/task_2/task_2.egg-info to /home/me597/ros2/Me597/lab1_ws/install/task_2/lib/python3.10/site-packages/task_2-0.0.0-py3.10.egg-info
[1.030s] running install_scripts
[1.067s] Installing client script to /home/me597/ros2/Me597/lab1_ws/install/task_2/lib/task_2
[1.068s] Installing joint_subscriber script to /home/me597/ros2/Me597/lab1_ws/install/task_2/lib/task_2
[1.068s] Installing service script to /home/me597/ros2/Me597/lab1_ws/install/task_2/lib/task_2
[1.068s] Installing talker script to /home/me597/ros2/Me597/lab1_ws/install/task_2/lib/task_2
[1.069s] writing list of installed files to '/home/me597/ros2/Me597/lab1_ws/build/task_2/install.log'
[1.104s] Invoked command in '/home/me597/ros2/Me597/lab1_ws/src/task_2' returned '0': AMENT_PREFIX_PATH=/home/me597/ros2/Me597/lab1_ws/install/task_2_interfaces:${AMENT_PREFIX_PATH} CMAKE_PREFIX_PATH=/home/me597/ros2/Me597/lab1_ws/install/task_2_interfaces:${CMAKE_PREFIX_PATH} LD_LIBRARY_PATH=/home/me597/ros2/Me597/lab1_ws/install/task_2_interfaces/lib:${LD_LIBRARY_PATH} PYTHONPATH=/home/me597/ros2/Me597/lab1_ws/build/task_2/prefix_override:/usr/lib/python3/dist-packages/colcon_core/task/python/colcon_distutils_commands:/home/me597/ros2/Me597/lab1_ws/install/task_2/lib/python3.10/site-packages:/home/me597/ros2/Me597/lab1_ws/install/task_2_interfaces/local/lib/python3.10/dist-packages:${PYTHONPATH} /usr/bin/python3 -W ignore:setup.py install is deprecated setup.py egg_info --egg-base ../../build/task_2 build --build-base /home/me597/ros2/Me597/lab1_ws/build/task_2/build install --record /home/me597/ros2/Me597/lab1_ws/build/task_2/install.log --single-version-externally-managed install_data
