[1.740s] Invoking command in '/home/me597/ros2/Me597/lab1_ws/src/task_1': PYTHONPATH=/home/me597/ros2/Me597/lab1_ws/build/task_1/prefix_override:/usr/lib/python3/dist-packages/colcon_core/task/python/colcon_distutils_commands:/home/me597/ros2/Me597/lab1_ws/install/task_1/lib/python3.10/site-packages:${PYTHONPATH} /usr/bin/python3 -W ignore:setup.py install is deprecated setup.py egg_info --egg-base ../../build/task_1 build --build-base /home/me597/ros2/Me597/lab1_ws/build/task_1/build install --record /home/me597/ros2/Me597/lab1_ws/build/task_1/install.log --single-version-externally-managed install_data
[2.278s] running egg_info
[2.278s] writing ../../build/task_1/task_1.egg-info/PKG-INFO
[2.326s] writing dependency_links to ../../build/task_1/task_1.egg-info/dependency_links.txt
[2.327s] writing entry points to ../../build/task_1/task_1.egg-info/entry_points.txt
[2.328s] writing requirements to ../../build/task_1/task_1.egg-info/requires.txt
[2.328s] writing top-level names to ../../build/task_1/task_1.egg-info/top_level.txt
[2.333s] reading manifest file '../../build/task_1/task_1.egg-info/SOURCES.txt'
[2.334s] adding license file 'LICENSE'
[2.336s] writing manifest file '../../build/task_1/task_1.egg-info/SOURCES.txt'
[2.337s] running build
[2.337s] running build_py
[2.341s] running install
[2.342s] running install_lib
[2.346s] running install_data
[2.354s] running install_egg_info
[2.358s] removing '/home/me597/ros2/Me597/lab1_ws/install/task_1/lib/python3.10/site-packages/task_1-0.0.0-py3.10.egg-info' (and everything under it)
[2.360s] Copying ../../build/task_1/task_1.egg-info to /home/me597/ros2/Me597/lab1_ws/install/task_1/lib/python3.10/site-packages/task_1-0.0.0-py3.10.egg-info
[2.361s] running install_scripts
[2.405s] Installing listener script to /home/me597/ros2/Me597/lab1_ws/install/task_1/lib/task_1
[2.407s] Installing talker script to /home/me597/ros2/Me597/lab1_ws/install/task_1/lib/task_1
[2.409s] writing list of installed files to '/home/me597/ros2/Me597/lab1_ws/build/task_1/install.log'
[2.455s] Invoked command in '/home/me597/ros2/Me597/lab1_ws/src/task_1' returned '0': PYTHONPATH=/home/me597/ros2/Me597/lab1_ws/build/task_1/prefix_override:/usr/lib/python3/dist-packages/colcon_core/task/python/colcon_distutils_commands:/home/me597/ros2/Me597/lab1_ws/install/task_1/lib/python3.10/site-packages:${PYTHONPATH} /usr/bin/python3 -W ignore:setup.py install is deprecated setup.py egg_info --egg-base ../../build/task_1 build --build-base /home/me597/ros2/Me597/lab1_ws/build/task_1/build install --record /home/me597/ros2/Me597/lab1_ws/build/task_1/install.log --single-version-externally-managed install_data
