[0.961s] Invoking command in '/home/me597/ros2/Me597/lab1_ws/src/task_1': PYTHONPATH=/home/me597/ros2/Me597/lab1_ws/build/task_1/prefix_override:/usr/lib/python3/dist-packages/colcon_core/task/python/colcon_distutils_commands:/home/me597/ros2/Me597/lab1_ws/install/task_1/lib/python3.10/site-packages:${PYTHONPATH} /usr/bin/python3 -W ignore:setup.py install is deprecated setup.py egg_info --egg-base ../../build/task_1 build --build-base /home/me597/ros2/Me597/lab1_ws/build/task_1/build install --record /home/me597/ros2/Me597/lab1_ws/build/task_1/install.log --single-version-externally-managed install_data
[1.260s] running egg_info
[1.261s] writing ../../build/task_1/task_1.egg-info/PKG-INFO
[1.261s] writing dependency_links to ../../build/task_1/task_1.egg-info/dependency_links.txt
[1.262s] writing entry points to ../../build/task_1/task_1.egg-info/entry_points.txt
[1.262s] writing requirements to ../../build/task_1/task_1.egg-info/requires.txt
[1.263s] writing top-level names to ../../build/task_1/task_1.egg-info/top_level.txt
[1.265s] reading manifest file '../../build/task_1/task_1.egg-info/SOURCES.txt'
[1.266s] adding license file 'LICENSE'
[1.268s] writing manifest file '../../build/task_1/task_1.egg-info/SOURCES.txt'
[1.268s] running build
[1.268s] running build_py
[1.269s] running install
[1.269s] running install_lib
[1.272s] running install_data
[1.272s] creating /home/me597/ros2/Me597/lab1_ws/install/task_1/share/task_1/launch
[1.272s] copying launch/pub_sub_launch.py -> /home/me597/ros2/Me597/lab1_ws/install/task_1/share/task_1/launch
[1.272s] running install_egg_info
[1.277s] removing '/home/me597/ros2/Me597/lab1_ws/install/task_1/lib/python3.10/site-packages/task_1-0.0.0-py3.10.egg-info' (and everything under it)
[1.278s] Copying ../../build/task_1/task_1.egg-info to /home/me597/ros2/Me597/lab1_ws/install/task_1/lib/python3.10/site-packages/task_1-0.0.0-py3.10.egg-info
[1.278s] running install_scripts
[1.306s] Installing listener script to /home/me597/ros2/Me597/lab1_ws/install/task_1/lib/task_1
[1.307s] Installing talker script to /home/me597/ros2/Me597/lab1_ws/install/task_1/lib/task_1
[1.308s] writing list of installed files to '/home/me597/ros2/Me597/lab1_ws/build/task_1/install.log'
[1.343s] Invoked command in '/home/me597/ros2/Me597/lab1_ws/src/task_1' returned '0': PYTHONPATH=/home/me597/ros2/Me597/lab1_ws/build/task_1/prefix_override:/usr/lib/python3/dist-packages/colcon_core/task/python/colcon_distutils_commands:/home/me597/ros2/Me597/lab1_ws/install/task_1/lib/python3.10/site-packages:${PYTHONPATH} /usr/bin/python3 -W ignore:setup.py install is deprecated setup.py egg_info --egg-base ../../build/task_1 build --build-base /home/me597/ros2/Me597/lab1_ws/build/task_1/build install --record /home/me597/ros2/Me597/lab1_ws/build/task_1/install.log --single-version-externally-managed install_data
