[0.804s] Invoking command in '/home/me597/ros2/Me597/lab1_ws/src/task_1': PYTHONPATH=/home/me597/ros2/Me597/lab1_ws/build/task_1/prefix_override:/usr/lib/python3/dist-packages/colcon_core/task/python/colcon_distutils_commands:/home/me597/ros2/Me597/lab1_ws/install/task_1/lib/python3.10/site-packages:${PYTHONPATH} /usr/bin/python3 -W ignore:setup.py install is deprecated setup.py egg_info --egg-base ../../build/task_1 build --build-base /home/me597/ros2/Me597/lab1_ws/build/task_1/build install --record /home/me597/ros2/Me597/lab1_ws/build/task_1/install.log --single-version-externally-managed install_data
[1.125s] running egg_info
[1.126s] writing ../../build/task_1/task_1.egg-info/PKG-INFO
[1.127s] writing dependency_links to ../../build/task_1/task_1.egg-info/dependency_links.txt
[1.127s] writing entry points to ../../build/task_1/task_1.egg-info/entry_points.txt
[1.128s] writing requirements to ../../build/task_1/task_1.egg-info/requires.txt
[1.128s] writing top-level names to ../../build/task_1/task_1.egg-info/top_level.txt
[1.131s] reading manifest file '../../build/task_1/task_1.egg-info/SOURCES.txt'
[1.131s] adding license file 'LICENSE'
[1.132s] writing manifest file '../../build/task_1/task_1.egg-info/SOURCES.txt'
[1.133s] running build
[1.133s] running build_py
[1.133s] copying task_1/publisher.py -> /home/me597/ros2/Me597/lab1_ws/build/task_1/build/lib/task_1
[1.133s] running install
[1.134s] running install_lib
[1.135s] copying /home/me597/ros2/Me597/lab1_ws/build/task_1/build/lib/task_1/publisher.py -> /home/me597/ros2/Me597/lab1_ws/install/task_1/lib/python3.10/site-packages/task_1
[1.136s] Sorry: TabError: inconsistent use of tabs and spaces in indentation (publisher.py, line 15)
[1.136s] byte-compiling /home/me597/ros2/Me597/lab1_ws/install/task_1/lib/python3.10/site-packages/task_1/publisher.py to publisher.cpython-310.pyc
[1.136s] running install_data
[1.137s] running install_egg_info
[1.140s] removing '/home/me597/ros2/Me597/lab1_ws/install/task_1/lib/python3.10/site-packages/task_1-0.0.0-py3.10.egg-info' (and everything under it)
[1.140s] Copying ../../build/task_1/task_1.egg-info to /home/me597/ros2/Me597/lab1_ws/install/task_1/lib/python3.10/site-packages/task_1-0.0.0-py3.10.egg-info
[1.141s] running install_scripts
[1.169s] Installing publisher script to /home/me597/ros2/Me597/lab1_ws/install/task_1/lib/task_1
[1.170s] writing list of installed files to '/home/me597/ros2/Me597/lab1_ws/build/task_1/install.log'
[1.200s] Invoked command in '/home/me597/ros2/Me597/lab1_ws/src/task_1' returned '0': PYTHONPATH=/home/me597/ros2/Me597/lab1_ws/build/task_1/prefix_override:/usr/lib/python3/dist-packages/colcon_core/task/python/colcon_distutils_commands:/home/me597/ros2/Me597/lab1_ws/install/task_1/lib/python3.10/site-packages:${PYTHONPATH} /usr/bin/python3 -W ignore:setup.py install is deprecated setup.py egg_info --egg-base ../../build/task_1 build --build-base /home/me597/ros2/Me597/lab1_ws/build/task_1/build install --record /home/me597/ros2/Me597/lab1_ws/build/task_1/install.log --single-version-externally-managed install_data
