[0.552s] DEBUG:colcon:Command line arguments: ['/usr/bin/colcon', 'build', '--packages-select', 'task_2_interfaces']
[0.552s] DEBUG:colcon:Parsed command line arguments: Namespace(log_base=None, log_level=None, verb_name='build', build_base='build', install_base='install', merge_install=False, symlink_install=False, test_result_base=None, continue_on_error=False, executor='parallel', parallel_workers=2, event_handlers=None, ignore_user_meta=False, metas=['./colcon.meta'], base_paths=['.'], packages_ignore=None, packages_ignore_regex=None, paths=None, packages_up_to=None, packages_up_to_regex=None, packages_above=None, packages_above_and_dependencies=None, packages_above_depth=None, packages_select_by_dep=None, packages_skip_by_dep=None, packages_skip_up_to=None, packages_select_build_failed=False, packages_skip_build_finished=False, packages_select_test_failures=False, packages_skip_test_passed=False, packages_select=['task_2_interfaces'], packages_skip=None, packages_select_regex=None, packages_skip_regex=None, packages_start=None, packages_end=None, allow_overriding=[], cmake_args=None, cmake_target=None, cmake_target_skip_unavailable=False, cmake_clean_cache=False, cmake_clean_first=False, cmake_force_configure=False, ament_cmake_args=None, catkin_cmake_args=None, catkin_skip_building_tests=False, mixin_files=None, mixin=None, verb_parser=<colcon_mixin.mixin.mixin_argument.MixinArgumentDecorator object at 0x7f2ad30d4610>, verb_extension=<colcon_core.verb.build.BuildVerb object at 0x7f2ad325ce80>, main=<bound method BuildVerb.main of <colcon_core.verb.build.BuildVerb object at 0x7f2ad325ce80>>, mixin_verb=('build',))
[1.656s] Level 1:colcon.colcon_core.package_discovery:discover_packages(colcon_meta) check parameters
[1.656s] Level 1:colcon.colcon_core.package_discovery:discover_packages(recursive) check parameters
[1.656s] Level 1:colcon.colcon_core.package_discovery:discover_packages(ignore) check parameters
[1.656s] Level 1:colcon.colcon_core.package_discovery:discover_packages(path) check parameters
[1.656s] Level 1:colcon.colcon_core.package_discovery:discover_packages(colcon_meta) discover
[1.656s] Level 1:colcon.colcon_core.package_discovery:discover_packages(recursive) discover
[1.657s] INFO:colcon.colcon_core.package_discovery:Crawling recursively for packages in '/home/me597/ros2/Me597/lab1_ws'
[1.657s] Level 1:colcon.colcon_core.package_identification:_identify(.) by extensions ['ignore', 'ignore_ament_install']
[1.658s] Level 1:colcon.colcon_core.package_identification:_identify(.) by extension 'ignore'
[1.658s] Level 1:colcon.colcon_core.package_identification:_identify(.) by extension 'ignore_ament_install'
[1.659s] Level 1:colcon.colcon_core.package_identification:_identify(.) by extensions ['colcon_pkg']
[1.659s] Level 1:colcon.colcon_core.package_identification:_identify(.) by extension 'colcon_pkg'
[1.659s] Level 1:colcon.colcon_core.package_identification:_identify(.) by extensions ['colcon_meta']
[1.659s] Level 1:colcon.colcon_core.package_identification:_identify(.) by extension 'colcon_meta'
[1.660s] Level 1:colcon.colcon_core.package_identification:_identify(.) by extensions ['ros']
[1.660s] Level 1:colcon.colcon_core.package_identification:_identify(.) by extension 'ros'
[1.688s] Level 1:colcon.colcon_core.package_identification:_identify(.) by extensions ['cmake', 'python']
[1.688s] Level 1:colcon.colcon_core.package_identification:_identify(.) by extension 'cmake'
[1.689s] Level 1:colcon.colcon_core.package_identification:_identify(.) by extension 'python'
[1.689s] Level 1:colcon.colcon_core.package_identification:_identify(.) by extensions ['python_setup_py']
[1.689s] Level 1:colcon.colcon_core.package_identification:_identify(.) by extension 'python_setup_py'
[1.689s] Level 1:colcon.colcon_core.package_identification:_identify(build) by extensions ['ignore', 'ignore_ament_install']
[1.690s] Level 1:colcon.colcon_core.package_identification:_identify(build) by extension 'ignore'
[1.690s] Level 1:colcon.colcon_core.package_identification:_identify(build) ignored
[1.690s] Level 1:colcon.colcon_core.package_identification:_identify(install) by extensions ['ignore', 'ignore_ament_install']
[1.690s] Level 1:colcon.colcon_core.package_identification:_identify(install) by extension 'ignore'
[1.690s] Level 1:colcon.colcon_core.package_identification:_identify(install) ignored
[1.691s] Level 1:colcon.colcon_core.package_identification:_identify(log) by extensions ['ignore', 'ignore_ament_install']
[1.691s] Level 1:colcon.colcon_core.package_identification:_identify(log) by extension 'ignore'
[1.691s] Level 1:colcon.colcon_core.package_identification:_identify(log) ignored
[1.692s] Level 1:colcon.colcon_core.package_identification:_identify(src) by extensions ['ignore', 'ignore_ament_install']
[1.692s] Level 1:colcon.colcon_core.package_identification:_identify(src) by extension 'ignore'
[1.692s] Level 1:colcon.colcon_core.package_identification:_identify(src) by extension 'ignore_ament_install'
[1.692s] Level 1:colcon.colcon_core.package_identification:_identify(src) by extensions ['colcon_pkg']
[1.693s] Level 1:colcon.colcon_core.package_identification:_identify(src) by extension 'colcon_pkg'
[1.693s] Level 1:colcon.colcon_core.package_identification:_identify(src) by extensions ['colcon_meta']
[1.693s] Level 1:colcon.colcon_core.package_identification:_identify(src) by extension 'colcon_meta'
[1.693s] Level 1:colcon.colcon_core.package_identification:_identify(src) by extensions ['ros']
[1.693s] Level 1:colcon.colcon_core.package_identification:_identify(src) by extension 'ros'
[1.693s] Level 1:colcon.colcon_core.package_identification:_identify(src) by extensions ['cmake', 'python']
[1.693s] Level 1:colcon.colcon_core.package_identification:_identify(src) by extension 'cmake'
[1.694s] Level 1:colcon.colcon_core.package_identification:_identify(src) by extension 'python'
[1.694s] Level 1:colcon.colcon_core.package_identification:_identify(src) by extensions ['python_setup_py']
[1.694s] Level 1:colcon.colcon_core.package_identification:_identify(src) by extension 'python_setup_py'
[1.694s] Level 1:colcon.colcon_core.package_identification:_identify(src/task_1) by extensions ['ignore', 'ignore_ament_install']
[1.695s] Level 1:colcon.colcon_core.package_identification:_identify(src/task_1) by extension 'ignore'
[1.695s] Level 1:colcon.colcon_core.package_identification:_identify(src/task_1) by extension 'ignore_ament_install'
[1.695s] Level 1:colcon.colcon_core.package_identification:_identify(src/task_1) by extensions ['colcon_pkg']
[1.695s] Level 1:colcon.colcon_core.package_identification:_identify(src/task_1) by extension 'colcon_pkg'
[1.695s] Level 1:colcon.colcon_core.package_identification:_identify(src/task_1) by extensions ['colcon_meta']
[1.695s] Level 1:colcon.colcon_core.package_identification:_identify(src/task_1) by extension 'colcon_meta'
[1.696s] Level 1:colcon.colcon_core.package_identification:_identify(src/task_1) by extensions ['ros']
[1.696s] Level 1:colcon.colcon_core.package_identification:_identify(src/task_1) by extension 'ros'
[1.706s] DEBUG:colcon.colcon_core.package_identification:Package 'src/task_1' with type 'ros.ament_python' and name 'task_1'
[1.706s] Level 1:colcon.colcon_core.package_identification:_identify(src/task_2) by extensions ['ignore', 'ignore_ament_install']
[1.706s] Level 1:colcon.colcon_core.package_identification:_identify(src/task_2) by extension 'ignore'
[1.707s] Level 1:colcon.colcon_core.package_identification:_identify(src/task_2) by extension 'ignore_ament_install'
[1.707s] Level 1:colcon.colcon_core.package_identification:_identify(src/task_2) by extensions ['colcon_pkg']
[1.707s] Level 1:colcon.colcon_core.package_identification:_identify(src/task_2) by extension 'colcon_pkg'
[1.707s] Level 1:colcon.colcon_core.package_identification:_identify(src/task_2) by extensions ['colcon_meta']
[1.707s] Level 1:colcon.colcon_core.package_identification:_identify(src/task_2) by extension 'colcon_meta'
[1.707s] Level 1:colcon.colcon_core.package_identification:_identify(src/task_2) by extensions ['ros']
[1.707s] Level 1:colcon.colcon_core.package_identification:_identify(src/task_2) by extension 'ros'
[1.709s] Level 1:colcon.colcon_core.package_identification:_identify(src/task_2) by extensions ['cmake', 'python']
[1.709s] Level 1:colcon.colcon_core.package_identification:_identify(src/task_2) by extension 'cmake'
[1.709s] Level 1:colcon.colcon_core.package_identification:_identify(src/task_2) by extension 'python'
[1.709s] Level 1:colcon.colcon_core.package_identification:_identify(src/task_2) by extensions ['python_setup_py']
[1.709s] Level 1:colcon.colcon_core.package_identification:_identify(src/task_2) by extension 'python_setup_py'
[1.710s] Level 1:colcon.colcon_core.package_identification:_identify(src/task_2_interfaces) by extensions ['ignore', 'ignore_ament_install']
[1.710s] Level 1:colcon.colcon_core.package_identification:_identify(src/task_2_interfaces) by extension 'ignore'
[1.710s] Level 1:colcon.colcon_core.package_identification:_identify(src/task_2_interfaces) by extension 'ignore_ament_install'
[1.710s] Level 1:colcon.colcon_core.package_identification:_identify(src/task_2_interfaces) by extensions ['colcon_pkg']
[1.710s] Level 1:colcon.colcon_core.package_identification:_identify(src/task_2_interfaces) by extension 'colcon_pkg'
[1.710s] Level 1:colcon.colcon_core.package_identification:_identify(src/task_2_interfaces) by extensions ['colcon_meta']
[1.710s] Level 1:colcon.colcon_core.package_identification:_identify(src/task_2_interfaces) by extension 'colcon_meta'
[1.711s] Level 1:colcon.colcon_core.package_identification:_identify(src/task_2_interfaces) by extensions ['ros']
[1.711s] Level 1:colcon.colcon_core.package_identification:_identify(src/task_2_interfaces) by extension 'ros'
[1.712s] DEBUG:colcon.colcon_core.package_identification:Package 'src/task_2_interfaces' with type 'ros.ament_cmake' and name 'task_2_interfaces'
[1.713s] Level 1:colcon.colcon_core.package_discovery:discover_packages(recursive) using defaults
[1.713s] Level 1:colcon.colcon_core.package_discovery:discover_packages(ignore) discover
[1.713s] Level 1:colcon.colcon_core.package_discovery:discover_packages(ignore) using defaults
[1.713s] Level 1:colcon.colcon_core.package_discovery:discover_packages(path) discover
[1.713s] Level 1:colcon.colcon_core.package_discovery:discover_packages(path) using defaults
[1.808s] INFO:colcon.colcon_core.package_selection:Skipping not selected package 'task_1' in 'src/task_1'
[1.811s] Level 1:colcon.colcon_core.package_discovery:discover_packages(prefix_path) check parameters
[1.811s] Level 1:colcon.colcon_core.package_discovery:discover_packages(prefix_path) discover
[1.824s] DEBUG:colcon.colcon_installed_package_information.package_discovery:Found 2 installed packages in /home/me597/ros2/sim_ws/install
[1.834s] DEBUG:colcon.colcon_installed_package_information.package_discovery:Found 321 installed packages in /opt/ros/humble
[1.858s] Level 1:colcon.colcon_core.package_discovery:discover_packages(prefix_path) using defaults
[2.011s] Level 5:colcon.colcon_core.verb:set package 'task_2_interfaces' build argument 'cmake_args' from command line to 'None'
[2.011s] Level 5:colcon.colcon_core.verb:set package 'task_2_interfaces' build argument 'cmake_target' from command line to 'None'
[2.011s] Level 5:colcon.colcon_core.verb:set package 'task_2_interfaces' build argument 'cmake_target_skip_unavailable' from command line to 'False'
[2.011s] Level 5:colcon.colcon_core.verb:set package 'task_2_interfaces' build argument 'cmake_clean_cache' from command line to 'False'
[2.012s] Level 5:colcon.colcon_core.verb:set package 'task_2_interfaces' build argument 'cmake_clean_first' from command line to 'False'
[2.012s] Level 5:colcon.colcon_core.verb:set package 'task_2_interfaces' build argument 'cmake_force_configure' from command line to 'False'
[2.012s] Level 5:colcon.colcon_core.verb:set package 'task_2_interfaces' build argument 'ament_cmake_args' from command line to 'None'
[2.012s] Level 5:colcon.colcon_core.verb:set package 'task_2_interfaces' build argument 'catkin_cmake_args' from command line to 'None'
[2.012s] Level 5:colcon.colcon_core.verb:set package 'task_2_interfaces' build argument 'catkin_skip_building_tests' from command line to 'False'
[2.012s] DEBUG:colcon.colcon_core.verb:Building package 'task_2_interfaces' with the following arguments: {'ament_cmake_args': None, 'build_base': '/home/me597/ros2/Me597/lab1_ws/build/task_2_interfaces', 'catkin_cmake_args': None, 'catkin_skip_building_tests': False, 'cmake_args': None, 'cmake_clean_cache': False, 'cmake_clean_first': False, 'cmake_force_configure': False, 'cmake_target': None, 'cmake_target_skip_unavailable': False, 'install_base': '/home/me597/ros2/Me597/lab1_ws/install/task_2_interfaces', 'merge_install': False, 'path': '/home/me597/ros2/Me597/lab1_ws/src/task_2_interfaces', 'symlink_install': False, 'test_result_base': None}
[2.013s] INFO:colcon.colcon_core.executor:Executing jobs using 'parallel' executor
[2.015s] DEBUG:colcon.colcon_parallel_executor.executor.parallel:run_until_complete
[2.016s] INFO:colcon.colcon_ros.task.ament_cmake.build:Building ROS package in '/home/me597/ros2/Me597/lab1_ws/src/task_2_interfaces' with build type 'ament_cmake'
[2.019s] INFO:colcon.colcon_cmake.task.cmake.build:Building CMake package in '/home/me597/ros2/Me597/lab1_ws/src/task_2_interfaces'
[2.033s] INFO:colcon.colcon_core.plugin_system:Skipping extension 'colcon_core.shell.bat': Not used on non-Windows systems
[2.034s] INFO:colcon.colcon_core.shell:Skip shell extension 'powershell' for command environment: Not usable outside of PowerShell
[2.034s] DEBUG:colcon.colcon_core.shell:Skip shell extension 'dsv' for command environment
[2.082s] DEBUG:colcon.colcon_core.event_handler.log_command:Invoking command in '/home/me597/ros2/Me597/lab1_ws/build/task_2_interfaces': CMAKE_PREFIX_PATH=${CMAKE_PREFIX_PATH}:/home/me597/ros2/sim_ws/install/sim_utils:/opt/ros/humble /usr/bin/cmake /home/me597/ros2/Me597/lab1_ws/src/task_2_interfaces -DCMAKE_INSTALL_PREFIX=/home/me597/ros2/Me597/lab1_ws/install/task_2_interfaces
[2.268s] DEBUG:colcon.colcon_core.event_handler.log_command:Invoked command in '/home/me597/ros2/Me597/lab1_ws/build/task_2_interfaces' returned '1': CMAKE_PREFIX_PATH=${CMAKE_PREFIX_PATH}:/home/me597/ros2/sim_ws/install/sim_utils:/opt/ros/humble /usr/bin/cmake /home/me597/ros2/Me597/lab1_ws/src/task_2_interfaces -DCMAKE_INSTALL_PREFIX=/home/me597/ros2/Me597/lab1_ws/install/task_2_interfaces
[2.290s] Level 1:colcon.colcon_core.environment:create_environment_scripts_only(task_2_interfaces)
[2.308s] Level 1:colcon.colcon_core.environment:checking '/home/me597/ros2/Me597/lab1_ws/install/task_2_interfaces' for CMake module files
[2.310s] Level 1:colcon.colcon_core.environment:checking '/home/me597/ros2/Me597/lab1_ws/install/task_2_interfaces' for CMake config files
[2.310s] Level 1:colcon.colcon_core.environment:checking '/home/me597/ros2/Me597/lab1_ws/install/task_2_interfaces/bin'
[2.311s] Level 1:colcon.colcon_core.environment:checking '/home/me597/ros2/Me597/lab1_ws/install/task_2_interfaces/lib/pkgconfig/task_2_interfaces.pc'
[2.311s] Level 1:colcon.colcon_core.environment:checking '/home/me597/ros2/Me597/lab1_ws/install/task_2_interfaces/lib/python3.10/site-packages'
[2.312s] Level 1:colcon.colcon_core.environment:checking '/home/me597/ros2/Me597/lab1_ws/install/task_2_interfaces/bin'
[2.313s] INFO:colcon.colcon_core.shell:Creating package script '/home/me597/ros2/Me597/lab1_ws/install/task_2_interfaces/share/task_2_interfaces/package.ps1'
[2.316s] INFO:colcon.colcon_core.shell:Creating package descriptor '/home/me597/ros2/Me597/lab1_ws/install/task_2_interfaces/share/task_2_interfaces/package.dsv'
[2.319s] INFO:colcon.colcon_core.shell:Creating package script '/home/me597/ros2/Me597/lab1_ws/install/task_2_interfaces/share/task_2_interfaces/package.sh'
[2.322s] INFO:colcon.colcon_core.shell:Creating package script '/home/me597/ros2/Me597/lab1_ws/install/task_2_interfaces/share/task_2_interfaces/package.bash'
[2.325s] INFO:colcon.colcon_core.shell:Creating package script '/home/me597/ros2/Me597/lab1_ws/install/task_2_interfaces/share/task_2_interfaces/package.zsh'
[2.328s] Level 1:colcon.colcon_core.environment:create_file_with_runtime_dependencies(/home/me597/ros2/Me597/lab1_ws/install/task_2_interfaces/share/colcon-core/packages/task_2_interfaces)
[2.342s] DEBUG:colcon.colcon_parallel_executor.executor.parallel:closing loop
[2.342s] DEBUG:colcon.colcon_parallel_executor.executor.parallel:loop closed
[2.342s] DEBUG:colcon.colcon_parallel_executor.executor.parallel:run_until_complete finished with '1'
[2.343s] DEBUG:colcon.colcon_core.event_reactor:joining thread
[2.382s] INFO:colcon.colcon_core.plugin_system:Skipping extension 'colcon_notification.desktop_notification.terminal_notifier': Not used on non-Darwin systems
[2.383s] INFO:colcon.colcon_core.plugin_system:Skipping extension 'colcon_notification.desktop_notification.win32': Not used on non-Windows systems
[2.383s] INFO:colcon.colcon_notification.desktop_notification:Sending desktop notification using 'notify2'
[2.470s] DEBUG:colcon.colcon_core.event_reactor:joined thread
[2.471s] INFO:colcon.colcon_core.shell:Creating prefix script '/home/me597/ros2/Me597/lab1_ws/install/local_setup.ps1'
[2.481s] INFO:colcon.colcon_core.shell:Creating prefix util module '/home/me597/ros2/Me597/lab1_ws/install/_local_setup_util_ps1.py'
[2.488s] INFO:colcon.colcon_core.shell:Creating prefix chain script '/home/me597/ros2/Me597/lab1_ws/install/setup.ps1'
[2.492s] INFO:colcon.colcon_core.shell:Creating prefix script '/home/me597/ros2/Me597/lab1_ws/install/local_setup.sh'
[2.497s] INFO:colcon.colcon_core.shell:Creating prefix util module '/home/me597/ros2/Me597/lab1_ws/install/_local_setup_util_sh.py'
[2.500s] INFO:colcon.colcon_core.shell:Creating prefix chain script '/home/me597/ros2/Me597/lab1_ws/install/setup.sh'
[2.505s] INFO:colcon.colcon_core.shell:Creating prefix script '/home/me597/ros2/Me597/lab1_ws/install/local_setup.bash'
[2.507s] INFO:colcon.colcon_core.shell:Creating prefix chain script '/home/me597/ros2/Me597/lab1_ws/install/setup.bash'
[2.511s] INFO:colcon.colcon_core.shell:Creating prefix script '/home/me597/ros2/Me597/lab1_ws/install/local_setup.zsh'
[2.520s] INFO:colcon.colcon_core.shell:Creating prefix chain script '/home/me597/ros2/Me597/lab1_ws/install/setup.zsh'
