[0.747s] Invoking command in '/home/me597/ros2/Me597/lab1_ws/src/task_2': PYTHONPATH=/home/me597/ros2/Me597/lab1_ws/build/task_2/prefix_override:/usr/lib/python3/dist-packages/colcon_core/task/python/colcon_distutils_commands:/home/me597/ros2/Me597/lab1_ws/install/task_2/lib/python3.10/site-packages:${PYTHONPATH} /usr/bin/python3 -W ignore:setup.py install is deprecated setup.py egg_info --egg-base ../../build/task_2 build --build-base /home/me597/ros2/Me597/lab1_ws/build/task_2/build install --record /home/me597/ros2/Me597/lab1_ws/build/task_2/install.log --single-version-externally-managed install_data
[1.024s] running egg_info
[1.024s] writing ../../build/task_2/task_2.egg-info/PKG-INFO
[1.025s] writing dependency_links to ../../build/task_2/task_2.egg-info/dependency_links.txt
[1.025s] writing entry points to ../../build/task_2/task_2.egg-info/entry_points.txt
[1.025s] writing requirements to ../../build/task_2/task_2.egg-info/requires.txt
[1.026s] writing top-level names to ../../build/task_2/task_2.egg-info/top_level.txt
[1.028s] reading manifest file '../../build/task_2/task_2.egg-info/SOURCES.txt'
[1.029s] writing manifest file '../../build/task_2/task_2.egg-info/SOURCES.txt'
[1.030s] running build
[1.030s] running build_py
[1.031s] running install
[1.031s] running install_lib
[1.034s] running install_data
[1.034s] running install_egg_info
[1.037s] removing '/home/me597/ros2/Me597/lab1_ws/install/task_2/lib/python3.10/site-packages/task_2-0.0.0-py3.10.egg-info' (and everything under it)
[1.038s] Copying ../../build/task_2/task_2.egg-info to /home/me597/ros2/Me597/lab1_ws/install/task_2/lib/python3.10/site-packages/task_2-0.0.0-py3.10.egg-info
[1.038s] running install_scripts
[1.065s] Installing client script to /home/me597/ros2/Me597/lab1_ws/install/task_2/lib/task_2
[1.066s] Installing joint_subscriber script to /home/me597/ros2/Me597/lab1_ws/install/task_2/lib/task_2
[1.066s] Installing service script to /home/me597/ros2/Me597/lab1_ws/install/task_2/lib/task_2
[1.066s] Installing talker script to /home/me597/ros2/Me597/lab1_ws/install/task_2/lib/task_2
[1.067s] writing list of installed files to '/home/me597/ros2/Me597/lab1_ws/build/task_2/install.log'
[1.098s] Invoked command in '/home/me597/ros2/Me597/lab1_ws/src/task_2' returned '0': PYTHONPATH=/home/me597/ros2/Me597/lab1_ws/build/task_2/prefix_override:/usr/lib/python3/dist-packages/colcon_core/task/python/colcon_distutils_commands:/home/me597/ros2/Me597/lab1_ws/install/task_2/lib/python3.10/site-packages:${PYTHONPATH} /usr/bin/python3 -W ignore:setup.py install is deprecated setup.py egg_info --egg-base ../../build/task_2 build --build-base /home/me597/ros2/Me597/lab1_ws/build/task_2/build install --record /home/me597/ros2/Me597/lab1_ws/build/task_2/install.log --single-version-externally-managed install_data
