[1.047s] DEBUG:colcon:Command line arguments: ['/usr/bin/colcon', 'build', '--packages-select', 'task_2_interfaces']
[1.047s] DEBUG:colcon:Parsed command line arguments: Namespace(log_base=None, log_level=None, verb_name='build', build_base='build', install_base='install', merge_install=False, symlink_install=False, test_result_base=None, continue_on_error=False, executor='parallel', parallel_workers=2, event_handlers=None, ignore_user_meta=False, metas=['./colcon.meta'], base_paths=['.'], packages_ignore=None, packages_ignore_regex=None, paths=None, packages_up_to=None, packages_up_to_regex=None, packages_above=None, packages_above_and_dependencies=None, packages_above_depth=None, packages_select_by_dep=None, packages_skip_by_dep=None, packages_skip_up_to=None, packages_select_build_failed=False, packages_skip_build_finished=False, packages_select_test_failures=False, packages_skip_test_passed=False, packages_select=['task_2_interfaces'], packages_skip=None, packages_select_regex=None, packages_skip_regex=None, packages_start=None, packages_end=None, allow_overriding=[], cmake_args=None, cmake_target=None, cmake_target_skip_unavailable=False, cmake_clean_cache=False, cmake_clean_first=False, cmake_force_configure=False, ament_cmake_args=None, catkin_cmake_args=None, catkin_skip_building_tests=False, mixin_files=None, mixin=None, verb_parser=<colcon_mixin.mixin.mixin_argument.MixinArgumentDecorator object at 0x7153eb770f70>, verb_extension=<colcon_core.verb.build.BuildVerb object at 0x7153eb879630>, main=<bound method BuildVerb.main of <colcon_core.verb.build.BuildVerb object at 0x7153eb879630>>, mixin_verb=('build',))
[2.206s] Level 1:colcon.colcon_core.package_discovery:discover_packages(colcon_meta) check parameters
[2.207s] Level 1:colcon.colcon_core.package_discovery:discover_packages(recursive) check parameters
[2.207s] Level 1:colcon.colcon_core.package_discovery:discover_packages(ignore) check parameters
[2.207s] Level 1:colcon.colcon_core.package_discovery:discover_packages(path) check parameters
[2.207s] Level 1:colcon.colcon_core.package_discovery:discover_packages(colcon_meta) discover
[2.207s] Level 1:colcon.colcon_core.package_discovery:discover_packages(recursive) discover
[2.207s] INFO:colcon.colcon_core.package_discovery:Crawling recursively for packages in '/home/me597/ros2/Me597/lab1_ws'
[2.207s] Level 1:colcon.colcon_core.package_identification:_identify(.) by extensions ['ignore', 'ignore_ament_install']
[2.207s] Level 1:colcon.colcon_core.package_identification:_identify(.) by extension 'ignore'
[2.208s] Level 1:colcon.colcon_core.package_identification:_identify(.) by extension 'ignore_ament_install'
[2.208s] Level 1:colcon.colcon_core.package_identification:_identify(.) by extensions ['colcon_pkg']
[2.208s] Level 1:colcon.colcon_core.package_identification:_identify(.) by extension 'colcon_pkg'
[2.208s] Level 1:colcon.colcon_core.package_identification:_identify(.) by extensions ['colcon_meta']
[2.208s] Level 1:colcon.colcon_core.package_identification:_identify(.) by extension 'colcon_meta'
[2.208s] Level 1:colcon.colcon_core.package_identification:_identify(.) by extensions ['ros']
[2.208s] Level 1:colcon.colcon_core.package_identification:_identify(.) by extension 'ros'
[2.250s] Level 1:colcon.colcon_core.package_identification:_identify(.) by extensions ['cmake', 'python']
[2.250s] Level 1:colcon.colcon_core.package_identification:_identify(.) by extension 'cmake'
[2.250s] Level 1:colcon.colcon_core.package_identification:_identify(.) by extension 'python'
[2.251s] Level 1:colcon.colcon_core.package_identification:_identify(.) by extensions ['python_setup_py']
[2.251s] Level 1:colcon.colcon_core.package_identification:_identify(.) by extension 'python_setup_py'
[2.251s] Level 1:colcon.colcon_core.package_identification:_identify(build) by extensions ['ignore', 'ignore_ament_install']
[2.251s] Level 1:colcon.colcon_core.package_identification:_identify(build) by extension 'ignore'
[2.251s] Level 1:colcon.colcon_core.package_identification:_identify(build) ignored
[2.252s] Level 1:colcon.colcon_core.package_identification:_identify(install) by extensions ['ignore', 'ignore_ament_install']
[2.252s] Level 1:colcon.colcon_core.package_identification:_identify(install) by extension 'ignore'
[2.252s] Level 1:colcon.colcon_core.package_identification:_identify(install) ignored
[2.253s] Level 1:colcon.colcon_core.package_identification:_identify(log) by extensions ['ignore', 'ignore_ament_install']
[2.253s] Level 1:colcon.colcon_core.package_identification:_identify(log) by extension 'ignore'
[2.253s] Level 1:colcon.colcon_core.package_identification:_identify(log) ignored
[2.253s] Level 1:colcon.colcon_core.package_identification:_identify(src) by extensions ['ignore', 'ignore_ament_install']
[2.254s] Level 1:colcon.colcon_core.package_identification:_identify(src) by extension 'ignore'
[2.254s] Level 1:colcon.colcon_core.package_identification:_identify(src) by extension 'ignore_ament_install'
[2.254s] Level 1:colcon.colcon_core.package_identification:_identify(src) by extensions ['colcon_pkg']
[2.254s] Level 1:colcon.colcon_core.package_identification:_identify(src) by extension 'colcon_pkg'
[2.254s] Level 1:colcon.colcon_core.package_identification:_identify(src) by extensions ['colcon_meta']
[2.254s] Level 1:colcon.colcon_core.package_identification:_identify(src) by extension 'colcon_meta'
[2.254s] Level 1:colcon.colcon_core.package_identification:_identify(src) by extensions ['ros']
[2.254s] Level 1:colcon.colcon_core.package_identification:_identify(src) by extension 'ros'
[2.255s] Level 1:colcon.colcon_core.package_identification:_identify(src) by extensions ['cmake', 'python']
[2.255s] Level 1:colcon.colcon_core.package_identification:_identify(src) by extension 'cmake'
[2.255s] Level 1:colcon.colcon_core.package_identification:_identify(src) by extension 'python'
[2.255s] Level 1:colcon.colcon_core.package_identification:_identify(src) by extensions ['python_setup_py']
[2.255s] Level 1:colcon.colcon_core.package_identification:_identify(src) by extension 'python_setup_py'
[2.255s] Level 1:colcon.colcon_core.package_identification:_identify(src/task_1) by extensions ['ignore', 'ignore_ament_install']
[2.255s] Level 1:colcon.colcon_core.package_identification:_identify(src/task_1) by extension 'ignore'
[2.255s] Level 1:colcon.colcon_core.package_identification:_identify(src/task_1) by extension 'ignore_ament_install'
[2.255s] Level 1:colcon.colcon_core.package_identification:_identify(src/task_1) by extensions ['colcon_pkg']
[2.255s] Level 1:colcon.colcon_core.package_identification:_identify(src/task_1) by extension 'colcon_pkg'
[2.256s] Level 1:colcon.colcon_core.package_identification:_identify(src/task_1) by extensions ['colcon_meta']
[2.256s] Level 1:colcon.colcon_core.package_identification:_identify(src/task_1) by extension 'colcon_meta'
[2.256s] Level 1:colcon.colcon_core.package_identification:_identify(src/task_1) by extensions ['ros']
[2.256s] Level 1:colcon.colcon_core.package_identification:_identify(src/task_1) by extension 'ros'
[2.267s] DEBUG:colcon.colcon_core.package_identification:Package 'src/task_1' with type 'ros.ament_python' and name 'task_1'
[2.268s] Level 1:colcon.colcon_core.package_identification:_identify(src/task_2) by extensions ['ignore', 'ignore_ament_install']
[2.268s] Level 1:colcon.colcon_core.package_identification:_identify(src/task_2) by extension 'ignore'
[2.268s] Level 1:colcon.colcon_core.package_identification:_identify(src/task_2) by extension 'ignore_ament_install'
[2.268s] Level 1:colcon.colcon_core.package_identification:_identify(src/task_2) by extensions ['colcon_pkg']
[2.268s] Level 1:colcon.colcon_core.package_identification:_identify(src/task_2) by extension 'colcon_pkg'
[2.268s] Level 1:colcon.colcon_core.package_identification:_identify(src/task_2) by extensions ['colcon_meta']
[2.269s] Level 1:colcon.colcon_core.package_identification:_identify(src/task_2) by extension 'colcon_meta'
[2.269s] Level 1:colcon.colcon_core.package_identification:_identify(src/task_2) by extensions ['ros']
[2.269s] Level 1:colcon.colcon_core.package_identification:_identify(src/task_2) by extension 'ros'
[2.269s] Level 1:colcon.colcon_core.package_identification:_identify(src/task_2) by extensions ['cmake', 'python']
[2.269s] Level 1:colcon.colcon_core.package_identification:_identify(src/task_2) by extension 'cmake'
[2.269s] Level 1:colcon.colcon_core.package_identification:_identify(src/task_2) by extension 'python'
[2.269s] Level 1:colcon.colcon_core.package_identification:_identify(src/task_2) by extensions ['python_setup_py']
[2.269s] Level 1:colcon.colcon_core.package_identification:_identify(src/task_2) by extension 'python_setup_py'
[2.270s] Level 1:colcon.colcon_core.package_identification:_identify(src/task_2_interfaces) by extensions ['ignore', 'ignore_ament_install']
[2.270s] Level 1:colcon.colcon_core.package_identification:_identify(src/task_2_interfaces) by extension 'ignore'
[2.270s] Level 1:colcon.colcon_core.package_identification:_identify(src/task_2_interfaces) by extension 'ignore_ament_install'
[2.270s] Level 1:colcon.colcon_core.package_identification:_identify(src/task_2_interfaces) by extensions ['colcon_pkg']
[2.270s] Level 1:colcon.colcon_core.package_identification:_identify(src/task_2_interfaces) by extension 'colcon_pkg'
[2.270s] Level 1:colcon.colcon_core.package_identification:_identify(src/task_2_interfaces) by extensions ['colcon_meta']
[2.270s] Level 1:colcon.colcon_core.package_identification:_identify(src/task_2_interfaces) by extension 'colcon_meta'
[2.270s] Level 1:colcon.colcon_core.package_identification:_identify(src/task_2_interfaces) by extensions ['ros']
[2.270s] Level 1:colcon.colcon_core.package_identification:_identify(src/task_2_interfaces) by extension 'ros'
[2.272s] DEBUG:colcon.colcon_core.package_identification:Package 'src/task_2_interfaces' with type 'ros.ament_cmake' and name 'task_2_interfaces'
[2.272s] Level 1:colcon.colcon_core.package_discovery:discover_packages(recursive) using defaults
[2.272s] Level 1:colcon.colcon_core.package_discovery:discover_packages(ignore) discover
[2.272s] Level 1:colcon.colcon_core.package_discovery:discover_packages(ignore) using defaults
[2.272s] Level 1:colcon.colcon_core.package_discovery:discover_packages(path) discover
[2.272s] Level 1:colcon.colcon_core.package_discovery:discover_packages(path) using defaults
[2.372s] INFO:colcon.colcon_core.package_selection:Skipping not selected package 'task_1' in 'src/task_1'
[2.374s] Level 1:colcon.colcon_core.package_discovery:discover_packages(prefix_path) check parameters
[2.374s] Level 1:colcon.colcon_core.package_discovery:discover_packages(prefix_path) discover
[2.389s] DEBUG:colcon.colcon_installed_package_information.package_discovery:Found 2 installed packages in /home/me597/ros2/Me597/lab1_ws/install
[2.393s] DEBUG:colcon.colcon_installed_package_information.package_discovery:Found 2 installed packages in /home/me597/ros2/sim_ws/install
[2.399s] DEBUG:colcon.colcon_installed_package_information.package_discovery:Found 321 installed packages in /opt/ros/humble
[2.419s] Level 1:colcon.colcon_core.package_discovery:discover_packages(prefix_path) using defaults
[2.517s] Level 5:colcon.colcon_core.verb:set package 'task_2_interfaces' build argument 'cmake_args' from command line to 'None'
[2.517s] Level 5:colcon.colcon_core.verb:set package 'task_2_interfaces' build argument 'cmake_target' from command line to 'None'
[2.517s] Level 5:colcon.colcon_core.verb:set package 'task_2_interfaces' build argument 'cmake_target_skip_unavailable' from command line to 'False'
[2.517s] Level 5:colcon.colcon_core.verb:set package 'task_2_interfaces' build argument 'cmake_clean_cache' from command line to 'False'
[2.517s] Level 5:colcon.colcon_core.verb:set package 'task_2_interfaces' build argument 'cmake_clean_first' from command line to 'False'
[2.517s] Level 5:colcon.colcon_core.verb:set package 'task_2_interfaces' build argument 'cmake_force_configure' from command line to 'False'
[2.517s] Level 5:colcon.colcon_core.verb:set package 'task_2_interfaces' build argument 'ament_cmake_args' from command line to 'None'
[2.517s] Level 5:colcon.colcon_core.verb:set package 'task_2_interfaces' build argument 'catkin_cmake_args' from command line to 'None'
[2.517s] Level 5:colcon.colcon_core.verb:set package 'task_2_interfaces' build argument 'catkin_skip_building_tests' from command line to 'False'
[2.517s] DEBUG:colcon.colcon_core.verb:Building package 'task_2_interfaces' with the following arguments: {'ament_cmake_args': None, 'build_base': '/home/me597/ros2/Me597/lab1_ws/build/task_2_interfaces', 'catkin_cmake_args': None, 'catkin_skip_building_tests': False, 'cmake_args': None, 'cmake_clean_cache': False, 'cmake_clean_first': False, 'cmake_force_configure': False, 'cmake_target': None, 'cmake_target_skip_unavailable': False, 'install_base': '/home/me597/ros2/Me597/lab1_ws/install/task_2_interfaces', 'merge_install': False, 'path': '/home/me597/ros2/Me597/lab1_ws/src/task_2_interfaces', 'symlink_install': False, 'test_result_base': None}
[2.518s] INFO:colcon.colcon_core.executor:Executing jobs using 'parallel' executor
[2.521s] DEBUG:colcon.colcon_parallel_executor.executor.parallel:run_until_complete
[2.522s] INFO:colcon.colcon_ros.task.ament_cmake.build:Building ROS package in '/home/me597/ros2/Me597/lab1_ws/src/task_2_interfaces' with build type 'ament_cmake'
[2.522s] INFO:colcon.colcon_cmake.task.cmake.build:Building CMake package in '/home/me597/ros2/Me597/lab1_ws/src/task_2_interfaces'
[2.544s] INFO:colcon.colcon_core.plugin_system:Skipping extension 'colcon_core.shell.bat': Not used on non-Windows systems
[2.544s] INFO:colcon.colcon_core.shell:Skip shell extension 'powershell' for command environment: Not usable outside of PowerShell
[2.545s] DEBUG:colcon.colcon_core.shell:Skip shell extension 'dsv' for command environment
[2.572s] DEBUG:colcon.colcon_core.event_handler.log_command:Invoking command in '/home/me597/ros2/Me597/lab1_ws/build/task_2_interfaces': CMAKE_PREFIX_PATH=${CMAKE_PREFIX_PATH}:/home/me597/ros2/Me597/lab1_ws/install/task_1:/home/me597/ros2/sim_ws/install/sim_utils:/opt/ros/humble /usr/bin/cmake /home/me597/ros2/Me597/lab1_ws/src/task_2_interfaces -DCMAKE_INSTALL_PREFIX=/home/me597/ros2/Me597/lab1_ws/install/task_2_interfaces
[5.548s] DEBUG:colcon.colcon_core.event_handler.log_command:Invoked command in '/home/me597/ros2/Me597/lab1_ws/build/task_2_interfaces' returned '1': CMAKE_PREFIX_PATH=${CMAKE_PREFIX_PATH}:/home/me597/ros2/Me597/lab1_ws/install/task_1:/home/me597/ros2/sim_ws/install/sim_utils:/opt/ros/humble /usr/bin/cmake /home/me597/ros2/Me597/lab1_ws/src/task_2_interfaces -DCMAKE_INSTALL_PREFIX=/home/me597/ros2/Me597/lab1_ws/install/task_2_interfaces
[5.578s] Level 1:colcon.colcon_core.environment:create_environment_scripts_only(task_2_interfaces)
[5.608s] Level 1:colcon.colcon_core.environment:checking '/home/me597/ros2/Me597/lab1_ws/install/task_2_interfaces' for CMake module files
[5.609s] Level 1:colcon.colcon_core.environment:checking '/home/me597/ros2/Me597/lab1_ws/install/task_2_interfaces' for CMake config files
[5.610s] Level 1:colcon.colcon_core.environment:checking '/home/me597/ros2/Me597/lab1_ws/install/task_2_interfaces/bin'
[5.611s] Level 1:colcon.colcon_core.environment:checking '/home/me597/ros2/Me597/lab1_ws/install/task_2_interfaces/lib/pkgconfig/task_2_interfaces.pc'
[5.611s] Level 1:colcon.colcon_core.environment:checking '/home/me597/ros2/Me597/lab1_ws/install/task_2_interfaces/lib/python3.10/site-packages'
[5.612s] Level 1:colcon.colcon_core.environment:checking '/home/me597/ros2/Me597/lab1_ws/install/task_2_interfaces/bin'
[5.612s] INFO:colcon.colcon_core.shell:Creating package script '/home/me597/ros2/Me597/lab1_ws/install/task_2_interfaces/share/task_2_interfaces/package.ps1'
[5.618s] INFO:colcon.colcon_core.shell:Creating package descriptor '/home/me597/ros2/Me597/lab1_ws/install/task_2_interfaces/share/task_2_interfaces/package.dsv'
[5.621s] INFO:colcon.colcon_core.shell:Creating package script '/home/me597/ros2/Me597/lab1_ws/install/task_2_interfaces/share/task_2_interfaces/package.sh'
[5.624s] INFO:colcon.colcon_core.shell:Creating package script '/home/me597/ros2/Me597/lab1_ws/install/task_2_interfaces/share/task_2_interfaces/package.bash'
[5.630s] INFO:colcon.colcon_core.shell:Creating package script '/home/me597/ros2/Me597/lab1_ws/install/task_2_interfaces/share/task_2_interfaces/package.zsh'
[5.634s] Level 1:colcon.colcon_core.environment:create_file_with_runtime_dependencies(/home/me597/ros2/Me597/lab1_ws/install/task_2_interfaces/share/colcon-core/packages/task_2_interfaces)
[5.636s] DEBUG:colcon.colcon_parallel_executor.executor.parallel:closing loop
[5.636s] DEBUG:colcon.colcon_parallel_executor.executor.parallel:loop closed
[5.637s] DEBUG:colcon.colcon_parallel_executor.executor.parallel:run_until_complete finished with '1'
[5.637s] DEBUG:colcon.colcon_core.event_reactor:joining thread
[5.662s] INFO:colcon.colcon_core.plugin_system:Skipping extension 'colcon_notification.desktop_notification.terminal_notifier': Not used on non-Darwin systems
[5.662s] INFO:colcon.colcon_core.plugin_system:Skipping extension 'colcon_notification.desktop_notification.win32': Not used on non-Windows systems
[5.663s] INFO:colcon.colcon_notification.desktop_notification:Sending desktop notification using 'notify2'
[5.739s] DEBUG:colcon.colcon_core.event_reactor:joined thread
[5.740s] INFO:colcon.colcon_core.shell:Creating prefix script '/home/me597/ros2/Me597/lab1_ws/install/local_setup.ps1'
[5.744s] INFO:colcon.colcon_core.shell:Creating prefix util module '/home/me597/ros2/Me597/lab1_ws/install/_local_setup_util_ps1.py'
[5.749s] INFO:colcon.colcon_core.shell:Creating prefix chain script '/home/me597/ros2/Me597/lab1_ws/install/setup.ps1'
[5.754s] INFO:colcon.colcon_core.shell:Creating prefix script '/home/me597/ros2/Me597/lab1_ws/install/local_setup.sh'
[5.758s] INFO:colcon.colcon_core.shell:Creating prefix util module '/home/me597/ros2/Me597/lab1_ws/install/_local_setup_util_sh.py'
[5.760s] INFO:colcon.colcon_core.shell:Creating prefix chain script '/home/me597/ros2/Me597/lab1_ws/install/setup.sh'
[5.765s] INFO:colcon.colcon_core.shell:Creating prefix script '/home/me597/ros2/Me597/lab1_ws/install/local_setup.bash'
[5.768s] INFO:colcon.colcon_core.shell:Creating prefix chain script '/home/me597/ros2/Me597/lab1_ws/install/setup.bash'
[5.773s] INFO:colcon.colcon_core.shell:Creating prefix script '/home/me597/ros2/Me597/lab1_ws/install/local_setup.zsh'
[5.777s] INFO:colcon.colcon_core.shell:Creating prefix chain script '/home/me597/ros2/Me597/lab1_ws/install/setup.zsh'
