[0.202s] DEBUG:colcon:Command line arguments: ['/usr/bin/colcon', 'build', '--packages-select', 'task_2_interfaces']
[0.203s] DEBUG:colcon:Parsed command line arguments: Namespace(log_base=None, log_level=None, verb_name='build', build_base='build', install_base='install', merge_install=False, symlink_install=False, test_result_base=None, continue_on_error=False, executor='parallel', parallel_workers=2, event_handlers=None, ignore_user_meta=False, metas=['./colcon.meta'], base_paths=['.'], packages_ignore=None, packages_ignore_regex=None, paths=None, packages_up_to=None, packages_up_to_regex=None, packages_above=None, packages_above_and_dependencies=None, packages_above_depth=None, packages_select_by_dep=None, packages_skip_by_dep=None, packages_skip_up_to=None, packages_select_build_failed=False, packages_skip_build_finished=False, packages_select_test_failures=False, packages_skip_test_passed=False, packages_select=['task_2_interfaces'], packages_skip=None, packages_select_regex=None, packages_skip_regex=None, packages_start=None, packages_end=None, allow_overriding=[], cmake_args=None, cmake_target=None, cmake_target_skip_unavailable=False, cmake_clean_cache=False, cmake_clean_first=False, cmake_force_configure=False, ament_cmake_args=None, catkin_cmake_args=None, catkin_skip_building_tests=False, mixin_files=None, mixin=None, verb_parser=<colcon_mixin.mixin.mixin_argument.MixinArgumentDecorator object at 0x7f7522e60f70>, verb_extension=<colcon_core.verb.build.BuildVerb object at 0x7f7522f69630>, main=<bound method BuildVerb.main of <colcon_core.verb.build.BuildVerb object at 0x7f7522f69630>>, mixin_verb=('build',))
[0.502s] Level 1:colcon.colcon_core.package_discovery:discover_packages(colcon_meta) check parameters
[0.502s] Level 1:colcon.colcon_core.package_discovery:discover_packages(recursive) check parameters
[0.502s] Level 1:colcon.colcon_core.package_discovery:discover_packages(ignore) check parameters
[0.502s] Level 1:colcon.colcon_core.package_discovery:discover_packages(path) check parameters
[0.502s] Level 1:colcon.colcon_core.package_discovery:discover_packages(colcon_meta) discover
[0.502s] Level 1:colcon.colcon_core.package_discovery:discover_packages(recursive) discover
[0.502s] INFO:colcon.colcon_core.package_discovery:Crawling recursively for packages in '/home/me597/ros2/Me597/lab1_ws'
[0.503s] Level 1:colcon.colcon_core.package_identification:_identify(.) by extensions ['ignore', 'ignore_ament_install']
[0.503s] Level 1:colcon.colcon_core.package_identification:_identify(.) by extension 'ignore'
[0.503s] Level 1:colcon.colcon_core.package_identification:_identify(.) by extension 'ignore_ament_install'
[0.503s] Level 1:colcon.colcon_core.package_identification:_identify(.) by extensions ['colcon_pkg']
[0.503s] Level 1:colcon.colcon_core.package_identification:_identify(.) by extension 'colcon_pkg'
[0.503s] Level 1:colcon.colcon_core.package_identification:_identify(.) by extensions ['colcon_meta']
[0.503s] Level 1:colcon.colcon_core.package_identification:_identify(.) by extension 'colcon_meta'
[0.503s] Level 1:colcon.colcon_core.package_identification:_identify(.) by extensions ['ros']
[0.503s] Level 1:colcon.colcon_core.package_identification:_identify(.) by extension 'ros'
[0.526s] Level 1:colcon.colcon_core.package_identification:_identify(.) by extensions ['cmake', 'python']
[0.526s] Level 1:colcon.colcon_core.package_identification:_identify(.) by extension 'cmake'
[0.526s] Level 1:colcon.colcon_core.package_identification:_identify(.) by extension 'python'
[0.526s] Level 1:colcon.colcon_core.package_identification:_identify(.) by extensions ['python_setup_py']
[0.526s] Level 1:colcon.colcon_core.package_identification:_identify(.) by extension 'python_setup_py'
[0.526s] Level 1:colcon.colcon_core.package_identification:_identify(build) by extensions ['ignore', 'ignore_ament_install']
[0.526s] Level 1:colcon.colcon_core.package_identification:_identify(build) by extension 'ignore'
[0.527s] Level 1:colcon.colcon_core.package_identification:_identify(build) ignored
[0.527s] Level 1:colcon.colcon_core.package_identification:_identify(install) by extensions ['ignore', 'ignore_ament_install']
[0.527s] Level 1:colcon.colcon_core.package_identification:_identify(install) by extension 'ignore'
[0.527s] Level 1:colcon.colcon_core.package_identification:_identify(install) ignored
[0.527s] Level 1:colcon.colcon_core.package_identification:_identify(log) by extensions ['ignore', 'ignore_ament_install']
[0.528s] Level 1:colcon.colcon_core.package_identification:_identify(log) by extension 'ignore'
[0.528s] Level 1:colcon.colcon_core.package_identification:_identify(log) ignored
[0.528s] Level 1:colcon.colcon_core.package_identification:_identify(src) by extensions ['ignore', 'ignore_ament_install']
[0.528s] Level 1:colcon.colcon_core.package_identification:_identify(src) by extension 'ignore'
[0.528s] Level 1:colcon.colcon_core.package_identification:_identify(src) by extension 'ignore_ament_install'
[0.528s] Level 1:colcon.colcon_core.package_identification:_identify(src) by extensions ['colcon_pkg']
[0.528s] Level 1:colcon.colcon_core.package_identification:_identify(src) by extension 'colcon_pkg'
[0.528s] Level 1:colcon.colcon_core.package_identification:_identify(src) by extensions ['colcon_meta']
[0.528s] Level 1:colcon.colcon_core.package_identification:_identify(src) by extension 'colcon_meta'
[0.528s] Level 1:colcon.colcon_core.package_identification:_identify(src) by extensions ['ros']
[0.529s] Level 1:colcon.colcon_core.package_identification:_identify(src) by extension 'ros'
[0.529s] Level 1:colcon.colcon_core.package_identification:_identify(src) by extensions ['cmake', 'python']
[0.529s] Level 1:colcon.colcon_core.package_identification:_identify(src) by extension 'cmake'
[0.529s] Level 1:colcon.colcon_core.package_identification:_identify(src) by extension 'python'
[0.529s] Level 1:colcon.colcon_core.package_identification:_identify(src) by extensions ['python_setup_py']
[0.529s] Level 1:colcon.colcon_core.package_identification:_identify(src) by extension 'python_setup_py'
[0.529s] Level 1:colcon.colcon_core.package_identification:_identify(src/task_1) by extensions ['ignore', 'ignore_ament_install']
[0.529s] Level 1:colcon.colcon_core.package_identification:_identify(src/task_1) by extension 'ignore'
[0.529s] Level 1:colcon.colcon_core.package_identification:_identify(src/task_1) by extension 'ignore_ament_install'
[0.530s] Level 1:colcon.colcon_core.package_identification:_identify(src/task_1) by extensions ['colcon_pkg']
[0.530s] Level 1:colcon.colcon_core.package_identification:_identify(src/task_1) by extension 'colcon_pkg'
[0.530s] Level 1:colcon.colcon_core.package_identification:_identify(src/task_1) by extensions ['colcon_meta']
[0.530s] Level 1:colcon.colcon_core.package_identification:_identify(src/task_1) by extension 'colcon_meta'
[0.530s] Level 1:colcon.colcon_core.package_identification:_identify(src/task_1) by extensions ['ros']
[0.530s] Level 1:colcon.colcon_core.package_identification:_identify(src/task_1) by extension 'ros'
[0.536s] DEBUG:colcon.colcon_core.package_identification:Package 'src/task_1' with type 'ros.ament_python' and name 'task_1'
[0.536s] Level 1:colcon.colcon_core.package_identification:_identify(src/task_2) by extensions ['ignore', 'ignore_ament_install']
[0.536s] Level 1:colcon.colcon_core.package_identification:_identify(src/task_2) by extension 'ignore'
[0.537s] Level 1:colcon.colcon_core.package_identification:_identify(src/task_2) by extension 'ignore_ament_install'
[0.537s] Level 1:colcon.colcon_core.package_identification:_identify(src/task_2) by extensions ['colcon_pkg']
[0.537s] Level 1:colcon.colcon_core.package_identification:_identify(src/task_2) by extension 'colcon_pkg'
[0.537s] Level 1:colcon.colcon_core.package_identification:_identify(src/task_2) by extensions ['colcon_meta']
[0.537s] Level 1:colcon.colcon_core.package_identification:_identify(src/task_2) by extension 'colcon_meta'
[0.537s] Level 1:colcon.colcon_core.package_identification:_identify(src/task_2) by extensions ['ros']
[0.537s] Level 1:colcon.colcon_core.package_identification:_identify(src/task_2) by extension 'ros'
[0.537s] Level 1:colcon.colcon_core.package_identification:_identify(src/task_2) by extensions ['cmake', 'python']
[0.537s] Level 1:colcon.colcon_core.package_identification:_identify(src/task_2) by extension 'cmake'
[0.537s] Level 1:colcon.colcon_core.package_identification:_identify(src/task_2) by extension 'python'
[0.537s] Level 1:colcon.colcon_core.package_identification:_identify(src/task_2) by extensions ['python_setup_py']
[0.537s] Level 1:colcon.colcon_core.package_identification:_identify(src/task_2) by extension 'python_setup_py'
[0.538s] Level 1:colcon.colcon_core.package_identification:_identify(src/task_2_interfaces) by extensions ['ignore', 'ignore_ament_install']
[0.538s] Level 1:colcon.colcon_core.package_identification:_identify(src/task_2_interfaces) by extension 'ignore'
[0.538s] Level 1:colcon.colcon_core.package_identification:_identify(src/task_2_interfaces) by extension 'ignore_ament_install'
[0.538s] Level 1:colcon.colcon_core.package_identification:_identify(src/task_2_interfaces) by extensions ['colcon_pkg']
[0.538s] Level 1:colcon.colcon_core.package_identification:_identify(src/task_2_interfaces) by extension 'colcon_pkg'
[0.538s] Level 1:colcon.colcon_core.package_identification:_identify(src/task_2_interfaces) by extensions ['colcon_meta']
[0.538s] Level 1:colcon.colcon_core.package_identification:_identify(src/task_2_interfaces) by extension 'colcon_meta'
[0.538s] Level 1:colcon.colcon_core.package_identification:_identify(src/task_2_interfaces) by extensions ['ros']
[0.538s] Level 1:colcon.colcon_core.package_identification:_identify(src/task_2_interfaces) by extension 'ros'
[0.540s] DEBUG:colcon.colcon_core.package_identification:Package 'src/task_2_interfaces' with type 'ros.ament_cmake' and name 'task_2_interfaces'
[0.540s] Level 1:colcon.colcon_core.package_discovery:discover_packages(recursive) using defaults
[0.540s] Level 1:colcon.colcon_core.package_discovery:discover_packages(ignore) discover
[0.540s] Level 1:colcon.colcon_core.package_discovery:discover_packages(ignore) using defaults
[0.540s] Level 1:colcon.colcon_core.package_discovery:discover_packages(path) discover
[0.540s] Level 1:colcon.colcon_core.package_discovery:discover_packages(path) using defaults
[0.577s] INFO:colcon.colcon_core.package_selection:Skipping not selected package 'task_1' in 'src/task_1'
[0.578s] Level 1:colcon.colcon_core.package_discovery:discover_packages(prefix_path) check parameters
[0.579s] Level 1:colcon.colcon_core.package_discovery:discover_packages(prefix_path) discover
[0.582s] DEBUG:colcon.colcon_installed_package_information.package_discovery:Found 2 installed packages in /home/me597/ros2/Me597/lab1_ws/install
[0.586s] DEBUG:colcon.colcon_installed_package_information.package_discovery:Found 2 installed packages in /home/me597/ros2/sim_ws/install
[0.589s] DEBUG:colcon.colcon_installed_package_information.package_discovery:Found 321 installed packages in /opt/ros/humble
[0.609s] Level 1:colcon.colcon_core.package_discovery:discover_packages(prefix_path) using defaults
[0.686s] Level 5:colcon.colcon_core.verb:set package 'task_2_interfaces' build argument 'cmake_args' from command line to 'None'
[0.687s] Level 5:colcon.colcon_core.verb:set package 'task_2_interfaces' build argument 'cmake_target' from command line to 'None'
[0.687s] Level 5:colcon.colcon_core.verb:set package 'task_2_interfaces' build argument 'cmake_target_skip_unavailable' from command line to 'False'
[0.687s] Level 5:colcon.colcon_core.verb:set package 'task_2_interfaces' build argument 'cmake_clean_cache' from command line to 'False'
[0.687s] Level 5:colcon.colcon_core.verb:set package 'task_2_interfaces' build argument 'cmake_clean_first' from command line to 'False'
[0.687s] Level 5:colcon.colcon_core.verb:set package 'task_2_interfaces' build argument 'cmake_force_configure' from command line to 'False'
[0.687s] Level 5:colcon.colcon_core.verb:set package 'task_2_interfaces' build argument 'ament_cmake_args' from command line to 'None'
[0.687s] Level 5:colcon.colcon_core.verb:set package 'task_2_interfaces' build argument 'catkin_cmake_args' from command line to 'None'
[0.687s] Level 5:colcon.colcon_core.verb:set package 'task_2_interfaces' build argument 'catkin_skip_building_tests' from command line to 'False'
[0.687s] DEBUG:colcon.colcon_core.verb:Building package 'task_2_interfaces' with the following arguments: {'ament_cmake_args': None, 'build_base': '/home/me597/ros2/Me597/lab1_ws/build/task_2_interfaces', 'catkin_cmake_args': None, 'catkin_skip_building_tests': False, 'cmake_args': None, 'cmake_clean_cache': False, 'cmake_clean_first': False, 'cmake_force_configure': False, 'cmake_target': None, 'cmake_target_skip_unavailable': False, 'install_base': '/home/me597/ros2/Me597/lab1_ws/install/task_2_interfaces', 'merge_install': False, 'path': '/home/me597/ros2/Me597/lab1_ws/src/task_2_interfaces', 'symlink_install': False, 'test_result_base': None}
[0.687s] INFO:colcon.colcon_core.executor:Executing jobs using 'parallel' executor
[0.691s] DEBUG:colcon.colcon_parallel_executor.executor.parallel:run_until_complete
[0.691s] INFO:colcon.colcon_ros.task.ament_cmake.build:Building ROS package in '/home/me597/ros2/Me597/lab1_ws/src/task_2_interfaces' with build type 'ament_cmake'
[0.691s] INFO:colcon.colcon_cmake.task.cmake.build:Building CMake package in '/home/me597/ros2/Me597/lab1_ws/src/task_2_interfaces'
[0.696s] INFO:colcon.colcon_core.plugin_system:Skipping extension 'colcon_core.shell.bat': Not used on non-Windows systems
[0.697s] INFO:colcon.colcon_core.shell:Skip shell extension 'powershell' for command environment: Not usable outside of PowerShell
[0.697s] DEBUG:colcon.colcon_core.shell:Skip shell extension 'dsv' for command environment
[0.722s] DEBUG:colcon.colcon_core.event_handler.log_command:Invoking command in '/home/me597/ros2/Me597/lab1_ws/build/task_2_interfaces': CMAKE_PREFIX_PATH=${CMAKE_PREFIX_PATH}:/home/me597/ros2/Me597/lab1_ws/install/task_1:/home/me597/ros2/sim_ws/install/sim_utils:/opt/ros/humble /usr/bin/cmake /home/me597/ros2/Me597/lab1_ws/src/task_2_interfaces -DCMAKE_INSTALL_PREFIX=/home/me597/ros2/Me597/lab1_ws/install/task_2_interfaces
[4.449s] DEBUG:colcon.colcon_core.event_handler.log_command:Invoked command in '/home/me597/ros2/Me597/lab1_ws/build/task_2_interfaces' returned '0': CMAKE_PREFIX_PATH=${CMAKE_PREFIX_PATH}:/home/me597/ros2/Me597/lab1_ws/install/task_1:/home/me597/ros2/sim_ws/install/sim_utils:/opt/ros/humble /usr/bin/cmake /home/me597/ros2/Me597/lab1_ws/src/task_2_interfaces -DCMAKE_INSTALL_PREFIX=/home/me597/ros2/Me597/lab1_ws/install/task_2_interfaces
[4.457s] DEBUG:colcon.colcon_core.event_handler.log_command:Invoking command in '/home/me597/ros2/Me597/lab1_ws/build/task_2_interfaces': CMAKE_PREFIX_PATH=${CMAKE_PREFIX_PATH}:/home/me597/ros2/Me597/lab1_ws/install/task_1:/home/me597/ros2/sim_ws/install/sim_utils:/opt/ros/humble /usr/bin/cmake --build /home/me597/ros2/Me597/lab1_ws/build/task_2_interfaces -- -j2 -l2
[15.906s] DEBUG:colcon.colcon_core.event_handler.log_command:Invoked command in '/home/me597/ros2/Me597/lab1_ws/build/task_2_interfaces' returned '0': CMAKE_PREFIX_PATH=${CMAKE_PREFIX_PATH}:/home/me597/ros2/Me597/lab1_ws/install/task_1:/home/me597/ros2/sim_ws/install/sim_utils:/opt/ros/humble /usr/bin/cmake --build /home/me597/ros2/Me597/lab1_ws/build/task_2_interfaces -- -j2 -l2
[16.326s] DEBUG:colcon.colcon_core.event_handler.log_command:Invoking command in '/home/me597/ros2/Me597/lab1_ws/build/task_2_interfaces': CMAKE_PREFIX_PATH=${CMAKE_PREFIX_PATH}:/home/me597/ros2/Me597/lab1_ws/install/task_1:/home/me597/ros2/sim_ws/install/sim_utils:/opt/ros/humble /usr/bin/cmake --install /home/me597/ros2/Me597/lab1_ws/build/task_2_interfaces
[16.577s] Level 1:colcon.colcon_core.environment:create_environment_scripts_only(task_2_interfaces)
[16.577s] DEBUG:colcon.colcon_core.event_handler.log_command:Invoked command in '/home/me597/ros2/Me597/lab1_ws/build/task_2_interfaces' returned '0': CMAKE_PREFIX_PATH=${CMAKE_PREFIX_PATH}:/home/me597/ros2/Me597/lab1_ws/install/task_1:/home/me597/ros2/sim_ws/install/sim_utils:/opt/ros/humble /usr/bin/cmake --install /home/me597/ros2/Me597/lab1_ws/build/task_2_interfaces
[16.582s] Level 1:colcon.colcon_core.environment:checking '/home/me597/ros2/Me597/lab1_ws/install/task_2_interfaces' for CMake module files
[16.583s] Level 1:colcon.colcon_core.environment:checking '/home/me597/ros2/Me597/lab1_ws/install/task_2_interfaces' for CMake config files
[16.585s] Level 1:colcon.colcon_core.shell:create_environment_hook('task_2_interfaces', 'cmake_prefix_path')
[16.585s] INFO:colcon.colcon_core.shell:Creating environment hook '/home/me597/ros2/Me597/lab1_ws/install/task_2_interfaces/share/task_2_interfaces/hook/cmake_prefix_path.ps1'
[16.591s] INFO:colcon.colcon_core.shell:Creating environment descriptor '/home/me597/ros2/Me597/lab1_ws/install/task_2_interfaces/share/task_2_interfaces/hook/cmake_prefix_path.dsv'
[16.594s] INFO:colcon.colcon_core.shell:Creating environment hook '/home/me597/ros2/Me597/lab1_ws/install/task_2_interfaces/share/task_2_interfaces/hook/cmake_prefix_path.sh'
[16.598s] Level 1:colcon.colcon_core.environment:checking '/home/me597/ros2/Me597/lab1_ws/install/task_2_interfaces/lib'
[16.600s] Level 1:colcon.colcon_core.shell:create_environment_hook('task_2_interfaces', 'ld_library_path_lib')
[16.600s] INFO:colcon.colcon_core.shell:Creating environment hook '/home/me597/ros2/Me597/lab1_ws/install/task_2_interfaces/share/task_2_interfaces/hook/ld_library_path_lib.ps1'
[16.601s] INFO:colcon.colcon_core.shell:Creating environment descriptor '/home/me597/ros2/Me597/lab1_ws/install/task_2_interfaces/share/task_2_interfaces/hook/ld_library_path_lib.dsv'
[16.602s] INFO:colcon.colcon_core.shell:Creating environment hook '/home/me597/ros2/Me597/lab1_ws/install/task_2_interfaces/share/task_2_interfaces/hook/ld_library_path_lib.sh'
[16.604s] Level 1:colcon.colcon_core.environment:checking '/home/me597/ros2/Me597/lab1_ws/install/task_2_interfaces/bin'
[16.604s] Level 1:colcon.colcon_core.environment:checking '/home/me597/ros2/Me597/lab1_ws/install/task_2_interfaces/lib/pkgconfig/task_2_interfaces.pc'
[16.605s] Level 1:colcon.colcon_core.environment:checking '/home/me597/ros2/Me597/lab1_ws/install/task_2_interfaces/lib/python3.10/site-packages'
[16.605s] Level 1:colcon.colcon_core.environment:checking '/home/me597/ros2/Me597/lab1_ws/install/task_2_interfaces/bin'
[16.606s] INFO:colcon.colcon_core.shell:Creating package script '/home/me597/ros2/Me597/lab1_ws/install/task_2_interfaces/share/task_2_interfaces/package.ps1'
[16.608s] INFO:colcon.colcon_core.shell:Creating package descriptor '/home/me597/ros2/Me597/lab1_ws/install/task_2_interfaces/share/task_2_interfaces/package.dsv'
[16.609s] INFO:colcon.colcon_core.shell:Creating package script '/home/me597/ros2/Me597/lab1_ws/install/task_2_interfaces/share/task_2_interfaces/package.sh'
[16.611s] INFO:colcon.colcon_core.shell:Creating package script '/home/me597/ros2/Me597/lab1_ws/install/task_2_interfaces/share/task_2_interfaces/package.bash'
[16.613s] INFO:colcon.colcon_core.shell:Creating package script '/home/me597/ros2/Me597/lab1_ws/install/task_2_interfaces/share/task_2_interfaces/package.zsh'
[16.615s] Level 1:colcon.colcon_core.environment:create_file_with_runtime_dependencies(/home/me597/ros2/Me597/lab1_ws/install/task_2_interfaces/share/colcon-core/packages/task_2_interfaces)
[16.935s] Level 1:colcon.colcon_core.environment:create_environment_scripts_only(task_2_interfaces)
[16.935s] Level 1:colcon.colcon_core.environment:checking '/home/me597/ros2/Me597/lab1_ws/install/task_2_interfaces' for CMake module files
[16.937s] Level 1:colcon.colcon_core.environment:checking '/home/me597/ros2/Me597/lab1_ws/install/task_2_interfaces' for CMake config files
[16.938s] Level 1:colcon.colcon_core.shell:create_environment_hook('task_2_interfaces', 'cmake_prefix_path')
[16.939s] INFO:colcon.colcon_core.shell:Creating environment hook '/home/me597/ros2/Me597/lab1_ws/install/task_2_interfaces/share/task_2_interfaces/hook/cmake_prefix_path.ps1'
[16.940s] INFO:colcon.colcon_core.shell:Creating environment descriptor '/home/me597/ros2/Me597/lab1_ws/install/task_2_interfaces/share/task_2_interfaces/hook/cmake_prefix_path.dsv'
[16.941s] INFO:colcon.colcon_core.shell:Creating environment hook '/home/me597/ros2/Me597/lab1_ws/install/task_2_interfaces/share/task_2_interfaces/hook/cmake_prefix_path.sh'
[16.943s] Level 1:colcon.colcon_core.environment:checking '/home/me597/ros2/Me597/lab1_ws/install/task_2_interfaces/lib'
[16.943s] Level 1:colcon.colcon_core.shell:create_environment_hook('task_2_interfaces', 'ld_library_path_lib')
[16.944s] INFO:colcon.colcon_core.shell:Creating environment hook '/home/me597/ros2/Me597/lab1_ws/install/task_2_interfaces/share/task_2_interfaces/hook/ld_library_path_lib.ps1'
[16.945s] INFO:colcon.colcon_core.shell:Creating environment descriptor '/home/me597/ros2/Me597/lab1_ws/install/task_2_interfaces/share/task_2_interfaces/hook/ld_library_path_lib.dsv'
[16.946s] INFO:colcon.colcon_core.shell:Creating environment hook '/home/me597/ros2/Me597/lab1_ws/install/task_2_interfaces/share/task_2_interfaces/hook/ld_library_path_lib.sh'
[16.949s] Level 1:colcon.colcon_core.environment:checking '/home/me597/ros2/Me597/lab1_ws/install/task_2_interfaces/bin'
[16.949s] Level 1:colcon.colcon_core.environment:checking '/home/me597/ros2/Me597/lab1_ws/install/task_2_interfaces/lib/pkgconfig/task_2_interfaces.pc'
[16.950s] Level 1:colcon.colcon_core.environment:checking '/home/me597/ros2/Me597/lab1_ws/install/task_2_interfaces/lib/python3.10/site-packages'
[16.950s] Level 1:colcon.colcon_core.environment:checking '/home/me597/ros2/Me597/lab1_ws/install/task_2_interfaces/bin'
[16.951s] INFO:colcon.colcon_core.shell:Creating package script '/home/me597/ros2/Me597/lab1_ws/install/task_2_interfaces/share/task_2_interfaces/package.ps1'
[16.952s] INFO:colcon.colcon_core.shell:Creating package descriptor '/home/me597/ros2/Me597/lab1_ws/install/task_2_interfaces/share/task_2_interfaces/package.dsv'
[16.953s] INFO:colcon.colcon_core.shell:Creating package script '/home/me597/ros2/Me597/lab1_ws/install/task_2_interfaces/share/task_2_interfaces/package.sh'
[16.954s] INFO:colcon.colcon_core.shell:Creating package script '/home/me597/ros2/Me597/lab1_ws/install/task_2_interfaces/share/task_2_interfaces/package.bash'
[16.955s] INFO:colcon.colcon_core.shell:Creating package script '/home/me597/ros2/Me597/lab1_ws/install/task_2_interfaces/share/task_2_interfaces/package.zsh'
[16.956s] Level 1:colcon.colcon_core.environment:create_file_with_runtime_dependencies(/home/me597/ros2/Me597/lab1_ws/install/task_2_interfaces/share/colcon-core/packages/task_2_interfaces)
[16.957s] DEBUG:colcon.colcon_parallel_executor.executor.parallel:closing loop
[16.957s] DEBUG:colcon.colcon_parallel_executor.executor.parallel:loop closed
[16.957s] DEBUG:colcon.colcon_parallel_executor.executor.parallel:run_until_complete finished with '0'
[16.957s] DEBUG:colcon.colcon_core.event_reactor:joining thread
[16.971s] INFO:colcon.colcon_core.plugin_system:Skipping extension 'colcon_notification.desktop_notification.terminal_notifier': Not used on non-Darwin systems
[16.972s] INFO:colcon.colcon_core.plugin_system:Skipping extension 'colcon_notification.desktop_notification.win32': Not used on non-Windows systems
[16.972s] INFO:colcon.colcon_notification.desktop_notification:Sending desktop notification using 'notify2'
[17.003s] DEBUG:colcon.colcon_core.event_reactor:joined thread
[17.004s] INFO:colcon.colcon_core.shell:Creating prefix script '/home/me597/ros2/Me597/lab1_ws/install/local_setup.ps1'
[17.006s] INFO:colcon.colcon_core.shell:Creating prefix util module '/home/me597/ros2/Me597/lab1_ws/install/_local_setup_util_ps1.py'
[17.008s] INFO:colcon.colcon_core.shell:Creating prefix chain script '/home/me597/ros2/Me597/lab1_ws/install/setup.ps1'
[17.011s] INFO:colcon.colcon_core.shell:Creating prefix script '/home/me597/ros2/Me597/lab1_ws/install/local_setup.sh'
[17.013s] INFO:colcon.colcon_core.shell:Creating prefix util module '/home/me597/ros2/Me597/lab1_ws/install/_local_setup_util_sh.py'
[17.015s] INFO:colcon.colcon_core.shell:Creating prefix chain script '/home/me597/ros2/Me597/lab1_ws/install/setup.sh'
[17.018s] INFO:colcon.colcon_core.shell:Creating prefix script '/home/me597/ros2/Me597/lab1_ws/install/local_setup.bash'
[17.019s] INFO:colcon.colcon_core.shell:Creating prefix chain script '/home/me597/ros2/Me597/lab1_ws/install/setup.bash'
[17.023s] INFO:colcon.colcon_core.shell:Creating prefix script '/home/me597/ros2/Me597/lab1_ws/install/local_setup.zsh'
[17.024s] INFO:colcon.colcon_core.shell:Creating prefix chain script '/home/me597/ros2/Me597/lab1_ws/install/setup.zsh'
