[0.737s] Invoking command in '/home/me597/ros2/Me597/lab1_ws/src/task_1': PYTHONPATH=/home/me597/ros2/Me597/lab1_ws/build/task_1/prefix_override:/usr/lib/python3/dist-packages/colcon_core/task/python/colcon_distutils_commands:/home/me597/ros2/Me597/lab1_ws/install/task_1/lib/python3.10/site-packages:${PYTHONPATH} /usr/bin/python3 -W ignore:setup.py install is deprecated setup.py egg_info --egg-base ../../build/task_1 build --build-base /home/me597/ros2/Me597/lab1_ws/build/task_1/build install --record /home/me597/ros2/Me597/lab1_ws/build/task_1/install.log --single-version-externally-managed install_data
[1.066s] running egg_info
[1.067s] writing ../../build/task_1/task_1.egg-info/PKG-INFO
[1.068s] writing dependency_links to ../../build/task_1/task_1.egg-info/dependency_links.txt
[1.068s] writing entry points to ../../build/task_1/task_1.egg-info/entry_points.txt
[1.068s] writing requirements to ../../build/task_1/task_1.egg-info/requires.txt
[1.069s] writing top-level names to ../../build/task_1/task_1.egg-info/top_level.txt
[1.072s] reading manifest file '../../build/task_1/task_1.egg-info/SOURCES.txt'
[1.072s] adding license file 'LICENSE'
[1.073s] writing manifest file '../../build/task_1/task_1.egg-info/SOURCES.txt'
[1.073s] running build
[1.073s] running build_py
[1.073s] copying task_1/publisher.py -> /home/me597/ros2/Me597/lab1_ws/build/task_1/build/lib/task_1
[1.074s] running install
[1.074s] running install_lib
[1.075s] copying /home/me597/ros2/Me597/lab1_ws/build/task_1/build/lib/task_1/publisher.py -> /home/me597/ros2/Me597/lab1_ws/install/task_1/lib/python3.10/site-packages/task_1
[1.076s] byte-compiling /home/me597/ros2/Me597/lab1_ws/install/task_1/lib/python3.10/site-packages/task_1/publisher.py to publisher.cpython-310.pyc
[1.077s] running install_data
[1.078s] running install_egg_info
[1.082s] removing '/home/me597/ros2/Me597/lab1_ws/install/task_1/lib/python3.10/site-packages/task_1-0.0.0-py3.10.egg-info' (and everything under it)
[1.082s] Copying ../../build/task_1/task_1.egg-info to /home/me597/ros2/Me597/lab1_ws/install/task_1/lib/python3.10/site-packages/task_1-0.0.0-py3.10.egg-info
[1.084s] running install_scripts
[1.107s] Installing publisher script to /home/me597/ros2/Me597/lab1_ws/install/task_1/lib/task_1
[1.108s] writing list of installed files to '/home/me597/ros2/Me597/lab1_ws/build/task_1/install.log'
[1.138s] Invoked command in '/home/me597/ros2/Me597/lab1_ws/src/task_1' returned '0': PYTHONPATH=/home/me597/ros2/Me597/lab1_ws/build/task_1/prefix_override:/usr/lib/python3/dist-packages/colcon_core/task/python/colcon_distutils_commands:/home/me597/ros2/Me597/lab1_ws/install/task_1/lib/python3.10/site-packages:${PYTHONPATH} /usr/bin/python3 -W ignore:setup.py install is deprecated setup.py egg_info --egg-base ../../build/task_1 build --build-base /home/me597/ros2/Me597/lab1_ws/build/task_1/build install --record /home/me597/ros2/Me597/lab1_ws/build/task_1/install.log --single-version-externally-managed install_data
