[0.029s] Invoking command in '/home/me597/ros2/Me597/lab1_ws/build/task_2_interfaces': CMAKE_PREFIX_PATH=${CMAKE_PREFIX_PATH}:/home/me597/ros2/Me597/lab1_ws/install/task_1:/home/me597/ros2/sim_ws/install/sim_utils:/opt/ros/humble /usr/bin/cmake /home/me597/ros2/Me597/lab1_ws/src/task_2_interfaces -DCMAKE_INSTALL_PREFIX=/home/me597/ros2/Me597/lab1_ws/install/task_2_interfaces
[0.066s] -- Found ament_cmake: 1.3.10 (/opt/ros/humble/share/ament_cmake/cmake)
[0.404s] -- Found geometry_msgs: 4.2.4 (/opt/ros/humble/share/geometry_msgs/cmake)
[0.491s] -- Found rosidl_generator_c: 3.1.5 (/opt/ros/humble/share/rosidl_generator_c/cmake)
[0.501s] -- Found rosidl_adapter: 3.1.5 (/opt/ros/humble/share/rosidl_adapter/cmake)
[0.512s] -- Found rosidl_generator_cpp: 3.1.5 (/opt/ros/humble/share/rosidl_generator_cpp/cmake)
[0.536s] -- Using all available rosidl_typesupport_c: rosidl_typesupport_fastrtps_c;rosidl_typesupport_introspection_c
[0.569s] -- Using all available rosidl_typesupport_cpp: rosidl_typesupport_fastrtps_cpp;rosidl_typesupport_introspection_cpp
[0.653s] -- Found rosidl_default_generators: 1.2.0 (/opt/ros/humble/share/rosidl_default_generators/cmake)
[1.387s] -- Found ament_cmake_ros: 0.10.0 (/opt/ros/humble/share/ament_cmake_ros/cmake)
[2.616s] -- Using all available rosidl_typesupport_c: rosidl_typesupport_fastrtps_c;rosidl_typesupport_introspection_c
[3.077s] -- Using all available rosidl_typesupport_cpp: rosidl_typesupport_fastrtps_cpp;rosidl_typesupport_introspection_cpp
[3.173s] -- Found PythonInterp: /usr/bin/python3 (found suitable version "3.10.12", minimum required is "3.6") 
[3.184s] -- Found python_cmake_module: 0.10.0 (/opt/ros/humble/share/python_cmake_module/cmake)
[3.263s] -- Found PythonLibs: /usr/lib/x86_64-linux-gnu/libpython3.10.so (found suitable version "3.10.12", minimum required is "3.5") 
[3.266s] -- Using PYTHON_EXECUTABLE: /usr/bin/python3
[3.266s] -- Using PYTHON_INCLUDE_DIRS: /usr/include/python3.10
[3.266s] -- Using PYTHON_LIBRARIES: /usr/lib/x86_64-linux-gnu/libpython3.10.so
[3.320s] -- Found PythonExtra: .so  
[3.472s] -- Found ament_lint_auto: 0.12.11 (/opt/ros/humble/share/ament_lint_auto/cmake)
[3.608s] -- Added test 'lint_cmake' to check CMake code style
[3.613s] -- Added test 'xmllint' to check XML markup files
[3.627s] -- Configuring done
[3.734s] -- Generating done
[3.741s] -- Build files have been written to: /home/me597/ros2/Me597/lab1_ws/build/task_2_interfaces
[3.756s] Invoked command in '/home/me597/ros2/Me597/lab1_ws/build/task_2_interfaces' returned '0': CMAKE_PREFIX_PATH=${CMAKE_PREFIX_PATH}:/home/me597/ros2/Me597/lab1_ws/install/task_1:/home/me597/ros2/sim_ws/install/sim_utils:/opt/ros/humble /usr/bin/cmake /home/me597/ros2/Me597/lab1_ws/src/task_2_interfaces -DCMAKE_INSTALL_PREFIX=/home/me597/ros2/Me597/lab1_ws/install/task_2_interfaces
[3.764s] Invoking command in '/home/me597/ros2/Me597/lab1_ws/build/task_2_interfaces': CMAKE_PREFIX_PATH=${CMAKE_PREFIX_PATH}:/home/me597/ros2/Me597/lab1_ws/install/task_1:/home/me597/ros2/sim_ws/install/sim_utils:/opt/ros/humble /usr/bin/cmake --build /home/me597/ros2/Me597/lab1_ws/build/task_2_interfaces -- -j2 -l2
[3.870s] [  2%] [34m[1mGenerating C code for ROS interfaces[0m
[3.895s] [  5%] [34m[1mGenerating C++ code for ROS interfaces[0m
[4.946s] [  5%] Built target task_2_interfaces__cpp
[5.024s] [  5%] Built target ament_cmake_python_copy_task_2_interfaces
[5.051s] [  7%] [32mBuilding C object CMakeFiles/task_2_interfaces__rosidl_generator_c.dir/rosidl_generator_c/task_2_interfaces/msg/detail/joint_data__functions.c.o[0m
[5.054s] [ 10%] [34m[1mGenerating C++ type support dispatch for ROS interfaces[0m
[5.395s] [ 12%] [32mBuilding C object CMakeFiles/task_2_interfaces__rosidl_generator_c.dir/rosidl_generator_c/task_2_interfaces/srv/detail/joint_state__functions.c.o[0m
[5.537s] [ 15%] [32m[1mLinking C shared library libtask_2_interfaces__rosidl_generator_c.so[0m
[5.663s] [ 15%] Built target task_2_interfaces__rosidl_generator_c
[5.692s] [ 17%] [34m[1mGenerating C++ type support for eProsima Fast-RTPS[0m
[5.730s] [ 20%] [32mBuilding CXX object CMakeFiles/task_2_interfaces__rosidl_typesupport_cpp.dir/rosidl_typesupport_cpp/task_2_interfaces/msg/joint_data__type_support.cpp.o[0m
[6.507s] [ 23%] [32mBuilding CXX object CMakeFiles/task_2_interfaces__rosidl_typesupport_fastrtps_cpp.dir/rosidl_typesupport_fastrtps_cpp/task_2_interfaces/msg/detail/dds_fastrtps/joint_data__type_support.cpp.o[0m
[6.668s] [ 25%] [32mBuilding CXX object CMakeFiles/task_2_interfaces__rosidl_typesupport_cpp.dir/rosidl_typesupport_cpp/task_2_interfaces/srv/joint_state__type_support.cpp.o[0m
[7.278s] [ 28%] [32m[1mLinking CXX shared library libtask_2_interfaces__rosidl_typesupport_cpp.so[0m
[7.399s] [ 28%] Built target task_2_interfaces__rosidl_typesupport_cpp
[7.426s] [ 30%] [34m[1mGenerating C introspection for ROS interfaces[0m
[7.522s] [ 33%] [32mBuilding CXX object CMakeFiles/task_2_interfaces__rosidl_typesupport_fastrtps_cpp.dir/rosidl_typesupport_fastrtps_cpp/task_2_interfaces/srv/detail/dds_fastrtps/joint_state__type_support.cpp.o[0m
[8.109s] [ 35%] [32mBuilding C object CMakeFiles/task_2_interfaces__rosidl_typesupport_introspection_c.dir/rosidl_typesupport_introspection_c/task_2_interfaces/msg/detail/joint_data__type_support.c.o[0m
[8.221s] [ 38%] [32mBuilding C object CMakeFiles/task_2_interfaces__rosidl_typesupport_introspection_c.dir/rosidl_typesupport_introspection_c/task_2_interfaces/srv/detail/joint_state__type_support.c.o[0m
[8.313s] [ 41%] [32m[1mLinking C shared library libtask_2_interfaces__rosidl_typesupport_introspection_c.so[0m
[8.411s] [ 41%] Built target task_2_interfaces__rosidl_typesupport_introspection_c
[8.436s] [ 43%] [34m[1mGenerating C type support dispatch for ROS interfaces[0m
[8.542s] [ 46%] [32m[1mLinking CXX shared library libtask_2_interfaces__rosidl_typesupport_fastrtps_cpp.so[0m
[8.790s] [ 46%] Built target task_2_interfaces__rosidl_typesupport_fastrtps_cpp
[8.825s] [ 48%] [34m[1mGenerating C++ introspection for ROS interfaces[0m
[9.099s] [ 51%] [32mBuilding CXX object CMakeFiles/task_2_interfaces__rosidl_typesupport_c.dir/rosidl_typesupport_c/task_2_interfaces/msg/joint_data__type_support.cpp.o[0m
[9.232s] [ 53%] [32mBuilding CXX object CMakeFiles/task_2_interfaces__rosidl_typesupport_c.dir/rosidl_typesupport_c/task_2_interfaces/srv/joint_state__type_support.cpp.o[0m
[9.311s] [ 56%] [32m[1mLinking CXX shared library libtask_2_interfaces__rosidl_typesupport_c.so[0m
[9.425s] [ 56%] Built target task_2_interfaces__rosidl_typesupport_c
[9.550s] [ 58%] [32mBuilding CXX object CMakeFiles/task_2_interfaces__rosidl_typesupport_introspection_cpp.dir/rosidl_typesupport_introspection_cpp/task_2_interfaces/msg/detail/joint_data__type_support.cpp.o[0m
[10.237s] running egg_info
[10.245s] creating task_2_interfaces.egg-info
[10.249s] writing task_2_interfaces.egg-info/PKG-INFO
[10.249s] writing dependency_links to task_2_interfaces.egg-info/dependency_links.txt
[10.251s] writing top-level names to task_2_interfaces.egg-info/top_level.txt
[10.253s] writing manifest file 'task_2_interfaces.egg-info/SOURCES.txt'
[10.263s] reading manifest file 'task_2_interfaces.egg-info/SOURCES.txt'
[10.267s] writing manifest file 'task_2_interfaces.egg-info/SOURCES.txt'
[10.340s] [ 58%] Built target ament_cmake_python_build_task_2_interfaces_egg
[10.366s] [ 61%] [32mBuilding CXX object CMakeFiles/task_2_interfaces__rosidl_typesupport_introspection_cpp.dir/rosidl_typesupport_introspection_cpp/task_2_interfaces/srv/detail/joint_state__type_support.cpp.o[0m
[10.621s] [ 64%] [34m[1mGenerating C type support for eProsima Fast-RTPS[0m
[11.248s] [ 66%] [32m[1mLinking CXX shared library libtask_2_interfaces__rosidl_typesupport_introspection_cpp.so[0m
[11.419s] [ 69%] [32mBuilding CXX object CMakeFiles/task_2_interfaces__rosidl_typesupport_fastrtps_c.dir/rosidl_typesupport_fastrtps_c/task_2_interfaces/msg/detail/joint_data__type_support_c.cpp.o[0m
[11.448s] [ 69%] Built target task_2_interfaces__rosidl_typesupport_introspection_cpp
[11.475s] [ 71%] [32mBuilding CXX object CMakeFiles/task_2_interfaces__rosidl_typesupport_fastrtps_c.dir/rosidl_typesupport_fastrtps_c/task_2_interfaces/srv/detail/joint_state__type_support_c.cpp.o[0m
[12.246s] [ 74%] [32m[1mLinking CXX shared library libtask_2_interfaces__rosidl_typesupport_fastrtps_c.so[0m
[12.442s] [ 74%] Built target task_2_interfaces__rosidl_typesupport_fastrtps_c
[12.496s] [ 74%] Built target task_2_interfaces
[12.549s] [ 76%] [34m[1mGenerating Python code for ROS interfaces[0m
[13.534s] [ 76%] Built target task_2_interfaces__py
[13.592s] [ 79%] [32mBuilding C object CMakeFiles/task_2_interfaces__rosidl_generator_py.dir/rosidl_generator_py/task_2_interfaces/msg/_joint_data_s.c.o[0m
[13.592s] [ 82%] [32mBuilding C object CMakeFiles/task_2_interfaces__rosidl_generator_py.dir/rosidl_generator_py/task_2_interfaces/srv/_joint_state_s.c.o[0m
[14.054s] [ 84%] [32m[1mLinking C shared library rosidl_generator_py/task_2_interfaces/libtask_2_interfaces__rosidl_generator_py.so[0m
[14.300s] [ 84%] Built target task_2_interfaces__rosidl_generator_py
[14.362s] [ 87%] [32mBuilding C object CMakeFiles/task_2_interfaces__rosidl_typesupport_introspection_c__pyext.dir/rosidl_generator_py/task_2_interfaces/_task_2_interfaces_s.ep.rosidl_typesupport_introspection_c.c.o[0m
[14.365s] [ 89%] [32mBuilding C object CMakeFiles/task_2_interfaces__rosidl_typesupport_fastrtps_c__pyext.dir/rosidl_generator_py/task_2_interfaces/_task_2_interfaces_s.ep.rosidl_typesupport_fastrtps_c.c.o[0m
[14.643s] [ 92%] [32m[1mLinking C shared library rosidl_generator_py/task_2_interfaces/task_2_interfaces_s__rosidl_typesupport_fastrtps_c.cpython-310-x86_64-linux-gnu.so[0m
[14.644s] [ 94%] [32m[1mLinking C shared library rosidl_generator_py/task_2_interfaces/task_2_interfaces_s__rosidl_typesupport_introspection_c.cpython-310-x86_64-linux-gnu.so[0m
[14.748s] [ 94%] Built target task_2_interfaces__rosidl_typesupport_introspection_c__pyext
[14.760s] [ 94%] Built target task_2_interfaces__rosidl_typesupport_fastrtps_c__pyext
[14.809s] [ 97%] [32mBuilding C object CMakeFiles/task_2_interfaces__rosidl_typesupport_c__pyext.dir/rosidl_generator_py/task_2_interfaces/_task_2_interfaces_s.ep.rosidl_typesupport_c.c.o[0m
[15.040s] [100%] [32m[1mLinking C shared library rosidl_generator_py/task_2_interfaces/task_2_interfaces_s__rosidl_typesupport_c.cpython-310-x86_64-linux-gnu.so[0m
[15.157s] [100%] Built target task_2_interfaces__rosidl_typesupport_c__pyext
[15.213s] Invoked command in '/home/me597/ros2/Me597/lab1_ws/build/task_2_interfaces' returned '0': CMAKE_PREFIX_PATH=${CMAKE_PREFIX_PATH}:/home/me597/ros2/Me597/lab1_ws/install/task_1:/home/me597/ros2/sim_ws/install/sim_utils:/opt/ros/humble /usr/bin/cmake --build /home/me597/ros2/Me597/lab1_ws/build/task_2_interfaces -- -j2 -l2
[15.633s] Invoking command in '/home/me597/ros2/Me597/lab1_ws/build/task_2_interfaces': CMAKE_PREFIX_PATH=${CMAKE_PREFIX_PATH}:/home/me597/ros2/Me597/lab1_ws/install/task_1:/home/me597/ros2/sim_ws/install/sim_utils:/opt/ros/humble /usr/bin/cmake --install /home/me597/ros2/Me597/lab1_ws/build/task_2_interfaces
[15.653s] -- Install configuration: ""
[15.654s] -- Installing: /home/me597/ros2/Me597/lab1_ws/install/task_2_interfaces/share/ament_index/resource_index/rosidl_interfaces/task_2_interfaces
[15.655s] -- Installing: /home/me597/ros2/Me597/lab1_ws/install/task_2_interfaces/include/task_2_interfaces/task_2_interfaces
[15.655s] -- Installing: /home/me597/ros2/Me597/lab1_ws/install/task_2_interfaces/include/task_2_interfaces/task_2_interfaces/msg
[15.656s] -- Installing: /home/me597/ros2/Me597/lab1_ws/install/task_2_interfaces/include/task_2_interfaces/task_2_interfaces/msg/joint_data.h
[15.656s] -- Installing: /home/me597/ros2/Me597/lab1_ws/install/task_2_interfaces/include/task_2_interfaces/task_2_interfaces/msg/rosidl_generator_c__visibility_control.h
[15.656s] -- Installing: /home/me597/ros2/Me597/lab1_ws/install/task_2_interfaces/include/task_2_interfaces/task_2_interfaces/msg/detail
[15.657s] -- Installing: /home/me597/ros2/Me597/lab1_ws/install/task_2_interfaces/include/task_2_interfaces/task_2_interfaces/msg/detail/joint_data__functions.h
[15.658s] -- Installing: /home/me597/ros2/Me597/lab1_ws/install/task_2_interfaces/include/task_2_interfaces/task_2_interfaces/msg/detail/joint_data__struct.h
[15.658s] -- Installing: /home/me597/ros2/Me597/lab1_ws/install/task_2_interfaces/include/task_2_interfaces/task_2_interfaces/msg/detail/joint_data__functions.c
[15.658s] -- Installing: /home/me597/ros2/Me597/lab1_ws/install/task_2_interfaces/include/task_2_interfaces/task_2_interfaces/msg/detail/joint_data__type_support.h
[15.658s] -- Installing: /home/me597/ros2/Me597/lab1_ws/install/task_2_interfaces/include/task_2_interfaces/task_2_interfaces/srv
[15.658s] -- Installing: /home/me597/ros2/Me597/lab1_ws/install/task_2_interfaces/include/task_2_interfaces/task_2_interfaces/srv/detail
[15.658s] -- Installing: /home/me597/ros2/Me597/lab1_ws/install/task_2_interfaces/include/task_2_interfaces/task_2_interfaces/srv/detail/joint_state__functions.h
[15.658s] -- Installing: /home/me597/ros2/Me597/lab1_ws/install/task_2_interfaces/include/task_2_interfaces/task_2_interfaces/srv/detail/joint_state__functions.c
[15.660s] -- Installing: /home/me597/ros2/Me597/lab1_ws/install/task_2_interfaces/include/task_2_interfaces/task_2_interfaces/srv/detail/joint_state__type_support.h
[15.663s] -- Installing: /home/me597/ros2/Me597/lab1_ws/install/task_2_interfaces/include/task_2_interfaces/task_2_interfaces/srv/detail/joint_state__struct.h
[15.663s] -- Installing: /home/me597/ros2/Me597/lab1_ws/install/task_2_interfaces/include/task_2_interfaces/task_2_interfaces/srv/joint_state.h
[15.663s] -- Installing: /home/me597/ros2/Me597/lab1_ws/install/task_2_interfaces/share/task_2_interfaces/environment/library_path.sh
[15.663s] -- Installing: /home/me597/ros2/Me597/lab1_ws/install/task_2_interfaces/share/task_2_interfaces/environment/library_path.dsv
[15.666s] -- Installing: /home/me597/ros2/Me597/lab1_ws/install/task_2_interfaces/lib/libtask_2_interfaces__rosidl_generator_c.so
[15.666s] -- Set runtime path of "/home/me597/ros2/Me597/lab1_ws/install/task_2_interfaces/lib/libtask_2_interfaces__rosidl_generator_c.so" to ""
[15.666s] -- Up-to-date: /home/me597/ros2/Me597/lab1_ws/install/task_2_interfaces/include/task_2_interfaces/task_2_interfaces
[15.666s] -- Up-to-date: /home/me597/ros2/Me597/lab1_ws/install/task_2_interfaces/include/task_2_interfaces/task_2_interfaces/msg
[15.666s] -- Up-to-date: /home/me597/ros2/Me597/lab1_ws/install/task_2_interfaces/include/task_2_interfaces/task_2_interfaces/msg/detail
[15.666s] -- Installing: /home/me597/ros2/Me597/lab1_ws/install/task_2_interfaces/include/task_2_interfaces/task_2_interfaces/msg/detail/joint_data__rosidl_typesupport_fastrtps_c.h
[15.669s] -- Installing: /home/me597/ros2/Me597/lab1_ws/install/task_2_interfaces/include/task_2_interfaces/task_2_interfaces/msg/rosidl_typesupport_fastrtps_c__visibility_control.h
[15.669s] -- Up-to-date: /home/me597/ros2/Me597/lab1_ws/install/task_2_interfaces/include/task_2_interfaces/task_2_interfaces/srv
[15.669s] -- Up-to-date: /home/me597/ros2/Me597/lab1_ws/install/task_2_interfaces/include/task_2_interfaces/task_2_interfaces/srv/detail
[15.669s] -- Installing: /home/me597/ros2/Me597/lab1_ws/install/task_2_interfaces/include/task_2_interfaces/task_2_interfaces/srv/detail/joint_state__rosidl_typesupport_fastrtps_c.h
[15.669s] -- Installing: /home/me597/ros2/Me597/lab1_ws/install/task_2_interfaces/lib/libtask_2_interfaces__rosidl_typesupport_fastrtps_c.so
[15.669s] -- Set runtime path of "/home/me597/ros2/Me597/lab1_ws/install/task_2_interfaces/lib/libtask_2_interfaces__rosidl_typesupport_fastrtps_c.so" to ""
[15.669s] -- Up-to-date: /home/me597/ros2/Me597/lab1_ws/install/task_2_interfaces/include/task_2_interfaces/task_2_interfaces
[15.672s] -- Up-to-date: /home/me597/ros2/Me597/lab1_ws/install/task_2_interfaces/include/task_2_interfaces/task_2_interfaces/msg
[15.672s] -- Up-to-date: /home/me597/ros2/Me597/lab1_ws/install/task_2_interfaces/include/task_2_interfaces/task_2_interfaces/msg/detail
[15.673s] -- Installing: /home/me597/ros2/Me597/lab1_ws/install/task_2_interfaces/include/task_2_interfaces/task_2_interfaces/msg/detail/joint_data__builder.hpp
[15.674s] -- Installing: /home/me597/ros2/Me597/lab1_ws/install/task_2_interfaces/include/task_2_interfaces/task_2_interfaces/msg/detail/joint_data__struct.hpp
[15.674s] -- Installing: /home/me597/ros2/Me597/lab1_ws/install/task_2_interfaces/include/task_2_interfaces/task_2_interfaces/msg/detail/joint_data__traits.hpp
[15.674s] -- Installing: /home/me597/ros2/Me597/lab1_ws/install/task_2_interfaces/include/task_2_interfaces/task_2_interfaces/msg/joint_data.hpp
[15.674s] -- Up-to-date: /home/me597/ros2/Me597/lab1_ws/install/task_2_interfaces/include/task_2_interfaces/task_2_interfaces/srv
[15.674s] -- Up-to-date: /home/me597/ros2/Me597/lab1_ws/install/task_2_interfaces/include/task_2_interfaces/task_2_interfaces/srv/detail
[15.674s] -- Installing: /home/me597/ros2/Me597/lab1_ws/install/task_2_interfaces/include/task_2_interfaces/task_2_interfaces/srv/detail/joint_state__traits.hpp
[15.674s] -- Installing: /home/me597/ros2/Me597/lab1_ws/install/task_2_interfaces/include/task_2_interfaces/task_2_interfaces/srv/detail/joint_state__builder.hpp
[15.674s] -- Installing: /home/me597/ros2/Me597/lab1_ws/install/task_2_interfaces/include/task_2_interfaces/task_2_interfaces/srv/detail/joint_state__struct.hpp
[15.674s] -- Installing: /home/me597/ros2/Me597/lab1_ws/install/task_2_interfaces/include/task_2_interfaces/task_2_interfaces/srv/joint_state.hpp
[15.675s] -- Up-to-date: /home/me597/ros2/Me597/lab1_ws/install/task_2_interfaces/include/task_2_interfaces/task_2_interfaces
[15.675s] -- Up-to-date: /home/me597/ros2/Me597/lab1_ws/install/task_2_interfaces/include/task_2_interfaces/task_2_interfaces/msg
[15.675s] -- Up-to-date: /home/me597/ros2/Me597/lab1_ws/install/task_2_interfaces/include/task_2_interfaces/task_2_interfaces/msg/detail
[15.675s] -- Installing: /home/me597/ros2/Me597/lab1_ws/install/task_2_interfaces/include/task_2_interfaces/task_2_interfaces/msg/detail/joint_data__rosidl_typesupport_fastrtps_cpp.hpp
[15.675s] -- Installing: /home/me597/ros2/Me597/lab1_ws/install/task_2_interfaces/include/task_2_interfaces/task_2_interfaces/msg/detail/dds_fastrtps
[15.679s] -- Installing: /home/me597/ros2/Me597/lab1_ws/install/task_2_interfaces/include/task_2_interfaces/task_2_interfaces/msg/rosidl_typesupport_fastrtps_cpp__visibility_control.h
[15.680s] -- Up-to-date: /home/me597/ros2/Me597/lab1_ws/install/task_2_interfaces/include/task_2_interfaces/task_2_interfaces/srv
[15.680s] -- Up-to-date: /home/me597/ros2/Me597/lab1_ws/install/task_2_interfaces/include/task_2_interfaces/task_2_interfaces/srv/detail
[15.680s] -- Installing: /home/me597/ros2/Me597/lab1_ws/install/task_2_interfaces/include/task_2_interfaces/task_2_interfaces/srv/detail/joint_state__rosidl_typesupport_fastrtps_cpp.hpp
[15.680s] -- Installing: /home/me597/ros2/Me597/lab1_ws/install/task_2_interfaces/include/task_2_interfaces/task_2_interfaces/srv/detail/dds_fastrtps
[15.680s] -- Installing: /home/me597/ros2/Me597/lab1_ws/install/task_2_interfaces/lib/libtask_2_interfaces__rosidl_typesupport_fastrtps_cpp.so
[15.680s] -- Set runtime path of "/home/me597/ros2/Me597/lab1_ws/install/task_2_interfaces/lib/libtask_2_interfaces__rosidl_typesupport_fastrtps_cpp.so" to ""
[15.681s] -- Up-to-date: /home/me597/ros2/Me597/lab1_ws/install/task_2_interfaces/include/task_2_interfaces/task_2_interfaces
[15.681s] -- Up-to-date: /home/me597/ros2/Me597/lab1_ws/install/task_2_interfaces/include/task_2_interfaces/task_2_interfaces/msg
[15.685s] -- Installing: /home/me597/ros2/Me597/lab1_ws/install/task_2_interfaces/include/task_2_interfaces/task_2_interfaces/msg/rosidl_typesupport_introspection_c__visibility_control.h
[15.688s] -- Up-to-date: /home/me597/ros2/Me597/lab1_ws/install/task_2_interfaces/include/task_2_interfaces/task_2_interfaces/msg/detail
[15.688s] -- Installing: /home/me597/ros2/Me597/lab1_ws/install/task_2_interfaces/include/task_2_interfaces/task_2_interfaces/msg/detail/joint_data__rosidl_typesupport_introspection_c.h
[15.688s] -- Installing: /home/me597/ros2/Me597/lab1_ws/install/task_2_interfaces/include/task_2_interfaces/task_2_interfaces/msg/detail/joint_data__type_support.c
[15.688s] -- Up-to-date: /home/me597/ros2/Me597/lab1_ws/install/task_2_interfaces/include/task_2_interfaces/task_2_interfaces/srv
[15.688s] -- Up-to-date: /home/me597/ros2/Me597/lab1_ws/install/task_2_interfaces/include/task_2_interfaces/task_2_interfaces/srv/detail
[15.688s] -- Installing: /home/me597/ros2/Me597/lab1_ws/install/task_2_interfaces/include/task_2_interfaces/task_2_interfaces/srv/detail/joint_state__rosidl_typesupport_introspection_c.h
[15.691s] -- Installing: /home/me597/ros2/Me597/lab1_ws/install/task_2_interfaces/include/task_2_interfaces/task_2_interfaces/srv/detail/joint_state__type_support.c
[15.691s] -- Installing: /home/me597/ros2/Me597/lab1_ws/install/task_2_interfaces/lib/libtask_2_interfaces__rosidl_typesupport_introspection_c.so
[15.691s] -- Set runtime path of "/home/me597/ros2/Me597/lab1_ws/install/task_2_interfaces/lib/libtask_2_interfaces__rosidl_typesupport_introspection_c.so" to ""
[15.691s] -- Installing: /home/me597/ros2/Me597/lab1_ws/install/task_2_interfaces/lib/libtask_2_interfaces__rosidl_typesupport_c.so
[15.691s] -- Set runtime path of "/home/me597/ros2/Me597/lab1_ws/install/task_2_interfaces/lib/libtask_2_interfaces__rosidl_typesupport_c.so" to ""
[15.691s] -- Up-to-date: /home/me597/ros2/Me597/lab1_ws/install/task_2_interfaces/include/task_2_interfaces/task_2_interfaces
[15.691s] -- Up-to-date: /home/me597/ros2/Me597/lab1_ws/install/task_2_interfaces/include/task_2_interfaces/task_2_interfaces/msg
[15.691s] -- Up-to-date: /home/me597/ros2/Me597/lab1_ws/install/task_2_interfaces/include/task_2_interfaces/task_2_interfaces/msg/detail
[15.692s] -- Installing: /home/me597/ros2/Me597/lab1_ws/install/task_2_interfaces/include/task_2_interfaces/task_2_interfaces/msg/detail/joint_data__rosidl_typesupport_introspection_cpp.hpp
[15.692s] -- Installing: /home/me597/ros2/Me597/lab1_ws/install/task_2_interfaces/include/task_2_interfaces/task_2_interfaces/msg/detail/joint_data__type_support.cpp
[15.692s] -- Up-to-date: /home/me597/ros2/Me597/lab1_ws/install/task_2_interfaces/include/task_2_interfaces/task_2_interfaces/srv
[15.692s] -- Up-to-date: /home/me597/ros2/Me597/lab1_ws/install/task_2_interfaces/include/task_2_interfaces/task_2_interfaces/srv/detail
[15.696s] -- Installing: /home/me597/ros2/Me597/lab1_ws/install/task_2_interfaces/include/task_2_interfaces/task_2_interfaces/srv/detail/joint_state__rosidl_typesupport_introspection_cpp.hpp
[15.696s] -- Installing: /home/me597/ros2/Me597/lab1_ws/install/task_2_interfaces/include/task_2_interfaces/task_2_interfaces/srv/detail/joint_state__type_support.cpp
[15.696s] -- Installing: /home/me597/ros2/Me597/lab1_ws/install/task_2_interfaces/lib/libtask_2_interfaces__rosidl_typesupport_introspection_cpp.so
[15.697s] -- Set runtime path of "/home/me597/ros2/Me597/lab1_ws/install/task_2_interfaces/lib/libtask_2_interfaces__rosidl_typesupport_introspection_cpp.so" to ""
[15.697s] -- Installing: /home/me597/ros2/Me597/lab1_ws/install/task_2_interfaces/lib/libtask_2_interfaces__rosidl_typesupport_cpp.so
[15.697s] -- Set runtime path of "/home/me597/ros2/Me597/lab1_ws/install/task_2_interfaces/lib/libtask_2_interfaces__rosidl_typesupport_cpp.so" to ""
[15.697s] -- Installing: /home/me597/ros2/Me597/lab1_ws/install/task_2_interfaces/share/task_2_interfaces/environment/pythonpath.sh
[15.697s] -- Installing: /home/me597/ros2/Me597/lab1_ws/install/task_2_interfaces/share/task_2_interfaces/environment/pythonpath.dsv
[15.697s] -- Installing: /home/me597/ros2/Me597/lab1_ws/install/task_2_interfaces/local/lib/python3.10/dist-packages/task_2_interfaces-0.0.0-py3.10.egg-info
[15.697s] -- Installing: /home/me597/ros2/Me597/lab1_ws/install/task_2_interfaces/local/lib/python3.10/dist-packages/task_2_interfaces-0.0.0-py3.10.egg-info/top_level.txt
[15.703s] -- Installing: /home/me597/ros2/Me597/lab1_ws/install/task_2_interfaces/local/lib/python3.10/dist-packages/task_2_interfaces-0.0.0-py3.10.egg-info/SOURCES.txt
[15.703s] -- Installing: /home/me597/ros2/Me597/lab1_ws/install/task_2_interfaces/local/lib/python3.10/dist-packages/task_2_interfaces-0.0.0-py3.10.egg-info/dependency_links.txt
[15.703s] -- Installing: /home/me597/ros2/Me597/lab1_ws/install/task_2_interfaces/local/lib/python3.10/dist-packages/task_2_interfaces-0.0.0-py3.10.egg-info/PKG-INFO
[15.703s] -- Installing: /home/me597/ros2/Me597/lab1_ws/install/task_2_interfaces/local/lib/python3.10/dist-packages/task_2_interfaces
[15.703s] -- Installing: /home/me597/ros2/Me597/lab1_ws/install/task_2_interfaces/local/lib/python3.10/dist-packages/task_2_interfaces/_task_2_interfaces_s.ep.rosidl_typesupport_fastrtps_c.c
[15.703s] -- Installing: /home/me597/ros2/Me597/lab1_ws/install/task_2_interfaces/local/lib/python3.10/dist-packages/task_2_interfaces/task_2_interfaces_s__rosidl_typesupport_fastrtps_c.cpython-310-x86_64-linux-gnu.so
[15.704s] -- Installing: /home/me597/ros2/Me597/lab1_ws/install/task_2_interfaces/local/lib/python3.10/dist-packages/task_2_interfaces/_task_2_interfaces_s.ep.rosidl_typesupport_c.c
[15.704s] -- Installing: /home/me597/ros2/Me597/lab1_ws/install/task_2_interfaces/local/lib/python3.10/dist-packages/task_2_interfaces/msg
[15.709s] -- Installing: /home/me597/ros2/Me597/lab1_ws/install/task_2_interfaces/local/lib/python3.10/dist-packages/task_2_interfaces/msg/_joint_data.py
[15.710s] -- Installing: /home/me597/ros2/Me597/lab1_ws/install/task_2_interfaces/local/lib/python3.10/dist-packages/task_2_interfaces/msg/_joint_data_s.c
[15.710s] -- Installing: /home/me597/ros2/Me597/lab1_ws/install/task_2_interfaces/local/lib/python3.10/dist-packages/task_2_interfaces/msg/__init__.py
[15.710s] -- Installing: /home/me597/ros2/Me597/lab1_ws/install/task_2_interfaces/local/lib/python3.10/dist-packages/task_2_interfaces/task_2_interfaces_s__rosidl_typesupport_introspection_c.cpython-310-x86_64-linux-gnu.so
[15.710s] -- Installing: /home/me597/ros2/Me597/lab1_ws/install/task_2_interfaces/local/lib/python3.10/dist-packages/task_2_interfaces/task_2_interfaces_s__rosidl_typesupport_c.cpython-310-x86_64-linux-gnu.so
[15.710s] -- Installing: /home/me597/ros2/Me597/lab1_ws/install/task_2_interfaces/local/lib/python3.10/dist-packages/task_2_interfaces/__init__.py
[15.710s] -- Installing: /home/me597/ros2/Me597/lab1_ws/install/task_2_interfaces/local/lib/python3.10/dist-packages/task_2_interfaces/libtask_2_interfaces__rosidl_generator_py.so
[15.710s] -- Installing: /home/me597/ros2/Me597/lab1_ws/install/task_2_interfaces/local/lib/python3.10/dist-packages/task_2_interfaces/_task_2_interfaces_s.ep.rosidl_typesupport_introspection_c.c
[15.711s] -- Installing: /home/me597/ros2/Me597/lab1_ws/install/task_2_interfaces/local/lib/python3.10/dist-packages/task_2_interfaces/srv
[15.711s] -- Installing: /home/me597/ros2/Me597/lab1_ws/install/task_2_interfaces/local/lib/python3.10/dist-packages/task_2_interfaces/srv/_joint_state.py
[15.711s] -- Installing: /home/me597/ros2/Me597/lab1_ws/install/task_2_interfaces/local/lib/python3.10/dist-packages/task_2_interfaces/srv/_joint_state_s.c
[15.711s] -- Installing: /home/me597/ros2/Me597/lab1_ws/install/task_2_interfaces/local/lib/python3.10/dist-packages/task_2_interfaces/srv/__init__.py
[15.835s] Listing '/home/me597/ros2/Me597/lab1_ws/install/task_2_interfaces/local/lib/python3.10/dist-packages/task_2_interfaces'...
[15.835s] Compiling '/home/me597/ros2/Me597/lab1_ws/install/task_2_interfaces/local/lib/python3.10/dist-packages/task_2_interfaces/__init__.py'...
[15.835s] Listing '/home/me597/ros2/Me597/lab1_ws/install/task_2_interfaces/local/lib/python3.10/dist-packages/task_2_interfaces/msg'...
[15.835s] Compiling '/home/me597/ros2/Me597/lab1_ws/install/task_2_interfaces/local/lib/python3.10/dist-packages/task_2_interfaces/msg/__init__.py'...
[15.835s] Compiling '/home/me597/ros2/Me597/lab1_ws/install/task_2_interfaces/local/lib/python3.10/dist-packages/task_2_interfaces/msg/_joint_data.py'...
[15.835s] Listing '/home/me597/ros2/Me597/lab1_ws/install/task_2_interfaces/local/lib/python3.10/dist-packages/task_2_interfaces/srv'...
[15.835s] Compiling '/home/me597/ros2/Me597/lab1_ws/install/task_2_interfaces/local/lib/python3.10/dist-packages/task_2_interfaces/srv/__init__.py'...
[15.835s] Compiling '/home/me597/ros2/Me597/lab1_ws/install/task_2_interfaces/local/lib/python3.10/dist-packages/task_2_interfaces/srv/_joint_state.py'...
[15.847s] -- Installing: /home/me597/ros2/Me597/lab1_ws/install/task_2_interfaces/local/lib/python3.10/dist-packages/task_2_interfaces/task_2_interfaces_s__rosidl_typesupport_fastrtps_c.cpython-310-x86_64-linux-gnu.so
[15.848s] -- Set runtime path of "/home/me597/ros2/Me597/lab1_ws/install/task_2_interfaces/local/lib/python3.10/dist-packages/task_2_interfaces/task_2_interfaces_s__rosidl_typesupport_fastrtps_c.cpython-310-x86_64-linux-gnu.so" to ""
[15.848s] -- Installing: /home/me597/ros2/Me597/lab1_ws/install/task_2_interfaces/local/lib/python3.10/dist-packages/task_2_interfaces/task_2_interfaces_s__rosidl_typesupport_introspection_c.cpython-310-x86_64-linux-gnu.so
[15.848s] -- Set runtime path of "/home/me597/ros2/Me597/lab1_ws/install/task_2_interfaces/local/lib/python3.10/dist-packages/task_2_interfaces/task_2_interfaces_s__rosidl_typesupport_introspection_c.cpython-310-x86_64-linux-gnu.so" to ""
[15.848s] -- Installing: /home/me597/ros2/Me597/lab1_ws/install/task_2_interfaces/local/lib/python3.10/dist-packages/task_2_interfaces/task_2_interfaces_s__rosidl_typesupport_c.cpython-310-x86_64-linux-gnu.so
[15.849s] -- Set runtime path of "/home/me597/ros2/Me597/lab1_ws/install/task_2_interfaces/local/lib/python3.10/dist-packages/task_2_interfaces/task_2_interfaces_s__rosidl_typesupport_c.cpython-310-x86_64-linux-gnu.so" to ""
[15.850s] -- Installing: /home/me597/ros2/Me597/lab1_ws/install/task_2_interfaces/lib/libtask_2_interfaces__rosidl_generator_py.so
[15.852s] -- Set runtime path of "/home/me597/ros2/Me597/lab1_ws/install/task_2_interfaces/lib/libtask_2_interfaces__rosidl_generator_py.so" to ""
[15.853s] -- Installing: /home/me597/ros2/Me597/lab1_ws/install/task_2_interfaces/share/task_2_interfaces/msg/JointData.idl
[15.853s] -- Installing: /home/me597/ros2/Me597/lab1_ws/install/task_2_interfaces/share/task_2_interfaces/srv/JointState.idl
[15.853s] -- Installing: /home/me597/ros2/Me597/lab1_ws/install/task_2_interfaces/share/task_2_interfaces/msg/JointData.msg
[15.853s] -- Installing: /home/me597/ros2/Me597/lab1_ws/install/task_2_interfaces/share/task_2_interfaces/srv/JointState.srv
[15.853s] -- Installing: /home/me597/ros2/Me597/lab1_ws/install/task_2_interfaces/share/task_2_interfaces/srv/JointState_Request.msg
[15.856s] -- Installing: /home/me597/ros2/Me597/lab1_ws/install/task_2_interfaces/share/task_2_interfaces/srv/JointState_Response.msg
[15.858s] -- Installing: /home/me597/ros2/Me597/lab1_ws/install/task_2_interfaces/share/ament_index/resource_index/package_run_dependencies/task_2_interfaces
[15.859s] -- Installing: /home/me597/ros2/Me597/lab1_ws/install/task_2_interfaces/share/ament_index/resource_index/parent_prefix_path/task_2_interfaces
[15.859s] -- Installing: /home/me597/ros2/Me597/lab1_ws/install/task_2_interfaces/share/task_2_interfaces/environment/ament_prefix_path.sh
[15.859s] -- Installing: /home/me597/ros2/Me597/lab1_ws/install/task_2_interfaces/share/task_2_interfaces/environment/ament_prefix_path.dsv
[15.859s] -- Installing: /home/me597/ros2/Me597/lab1_ws/install/task_2_interfaces/share/task_2_interfaces/environment/path.sh
[15.859s] -- Installing: /home/me597/ros2/Me597/lab1_ws/install/task_2_interfaces/share/task_2_interfaces/environment/path.dsv
[15.861s] -- Installing: /home/me597/ros2/Me597/lab1_ws/install/task_2_interfaces/share/task_2_interfaces/local_setup.bash
[15.861s] -- Installing: /home/me597/ros2/Me597/lab1_ws/install/task_2_interfaces/share/task_2_interfaces/local_setup.sh
[15.861s] -- Installing: /home/me597/ros2/Me597/lab1_ws/install/task_2_interfaces/share/task_2_interfaces/local_setup.zsh
[15.861s] -- Installing: /home/me597/ros2/Me597/lab1_ws/install/task_2_interfaces/share/task_2_interfaces/local_setup.dsv
[15.861s] -- Installing: /home/me597/ros2/Me597/lab1_ws/install/task_2_interfaces/share/task_2_interfaces/package.dsv
[15.861s] -- Installing: /home/me597/ros2/Me597/lab1_ws/install/task_2_interfaces/share/ament_index/resource_index/packages/task_2_interfaces
[15.862s] -- Installing: /home/me597/ros2/Me597/lab1_ws/install/task_2_interfaces/share/task_2_interfaces/cmake/export_task_2_interfaces__rosidl_generator_cExport.cmake
[15.862s] -- Installing: /home/me597/ros2/Me597/lab1_ws/install/task_2_interfaces/share/task_2_interfaces/cmake/export_task_2_interfaces__rosidl_generator_cExport-noconfig.cmake
[15.862s] -- Installing: /home/me597/ros2/Me597/lab1_ws/install/task_2_interfaces/share/task_2_interfaces/cmake/export_task_2_interfaces__rosidl_typesupport_fastrtps_cExport.cmake
[15.863s] -- Installing: /home/me597/ros2/Me597/lab1_ws/install/task_2_interfaces/share/task_2_interfaces/cmake/export_task_2_interfaces__rosidl_typesupport_fastrtps_cExport-noconfig.cmake
[15.864s] -- Installing: /home/me597/ros2/Me597/lab1_ws/install/task_2_interfaces/share/task_2_interfaces/cmake/export_task_2_interfaces__rosidl_generator_cppExport.cmake
[15.864s] -- Installing: /home/me597/ros2/Me597/lab1_ws/install/task_2_interfaces/share/task_2_interfaces/cmake/export_task_2_interfaces__rosidl_typesupport_fastrtps_cppExport.cmake
[15.865s] -- Installing: /home/me597/ros2/Me597/lab1_ws/install/task_2_interfaces/share/task_2_interfaces/cmake/export_task_2_interfaces__rosidl_typesupport_fastrtps_cppExport-noconfig.cmake
[15.865s] -- Installing: /home/me597/ros2/Me597/lab1_ws/install/task_2_interfaces/share/task_2_interfaces/cmake/task_2_interfaces__rosidl_typesupport_introspection_cExport.cmake
[15.866s] -- Installing: /home/me597/ros2/Me597/lab1_ws/install/task_2_interfaces/share/task_2_interfaces/cmake/task_2_interfaces__rosidl_typesupport_introspection_cExport-noconfig.cmake
[15.867s] -- Installing: /home/me597/ros2/Me597/lab1_ws/install/task_2_interfaces/share/task_2_interfaces/cmake/task_2_interfaces__rosidl_typesupport_cExport.cmake
[15.868s] -- Installing: /home/me597/ros2/Me597/lab1_ws/install/task_2_interfaces/share/task_2_interfaces/cmake/task_2_interfaces__rosidl_typesupport_cExport-noconfig.cmake
[15.869s] -- Installing: /home/me597/ros2/Me597/lab1_ws/install/task_2_interfaces/share/task_2_interfaces/cmake/task_2_interfaces__rosidl_typesupport_introspection_cppExport.cmake
[15.870s] -- Installing: /home/me597/ros2/Me597/lab1_ws/install/task_2_interfaces/share/task_2_interfaces/cmake/task_2_interfaces__rosidl_typesupport_introspection_cppExport-noconfig.cmake
[15.871s] -- Installing: /home/me597/ros2/Me597/lab1_ws/install/task_2_interfaces/share/task_2_interfaces/cmake/task_2_interfaces__rosidl_typesupport_cppExport.cmake
[15.872s] -- Installing: /home/me597/ros2/Me597/lab1_ws/install/task_2_interfaces/share/task_2_interfaces/cmake/task_2_interfaces__rosidl_typesupport_cppExport-noconfig.cmake
[15.872s] -- Installing: /home/me597/ros2/Me597/lab1_ws/install/task_2_interfaces/share/task_2_interfaces/cmake/export_task_2_interfaces__rosidl_generator_pyExport.cmake
[15.873s] -- Installing: /home/me597/ros2/Me597/lab1_ws/install/task_2_interfaces/share/task_2_interfaces/cmake/export_task_2_interfaces__rosidl_generator_pyExport-noconfig.cmake
[15.873s] -- Installing: /home/me597/ros2/Me597/lab1_ws/install/task_2_interfaces/share/task_2_interfaces/cmake/rosidl_cmake-extras.cmake
[15.874s] -- Installing: /home/me597/ros2/Me597/lab1_ws/install/task_2_interfaces/share/task_2_interfaces/cmake/ament_cmake_export_dependencies-extras.cmake
[15.874s] -- Installing: /home/me597/ros2/Me597/lab1_ws/install/task_2_interfaces/share/task_2_interfaces/cmake/ament_cmake_export_include_directories-extras.cmake
[15.875s] -- Installing: /home/me597/ros2/Me597/lab1_ws/install/task_2_interfaces/share/task_2_interfaces/cmake/ament_cmake_export_libraries-extras.cmake
[15.875s] -- Installing: /home/me597/ros2/Me597/lab1_ws/install/task_2_interfaces/share/task_2_interfaces/cmake/ament_cmake_export_targets-extras.cmake
[15.877s] -- Installing: /home/me597/ros2/Me597/lab1_ws/install/task_2_interfaces/share/task_2_interfaces/cmake/rosidl_cmake_export_typesupport_targets-extras.cmake
[15.877s] -- Installing: /home/me597/ros2/Me597/lab1_ws/install/task_2_interfaces/share/task_2_interfaces/cmake/rosidl_cmake_export_typesupport_libraries-extras.cmake
[15.879s] -- Installing: /home/me597/ros2/Me597/lab1_ws/install/task_2_interfaces/share/task_2_interfaces/cmake/task_2_interfacesConfig.cmake
[15.879s] -- Installing: /home/me597/ros2/Me597/lab1_ws/install/task_2_interfaces/share/task_2_interfaces/cmake/task_2_interfacesConfig-version.cmake
[15.879s] -- Installing: /home/me597/ros2/Me597/lab1_ws/install/task_2_interfaces/share/task_2_interfaces/package.xml
[15.885s] Invoked command in '/home/me597/ros2/Me597/lab1_ws/build/task_2_interfaces' returned '0': CMAKE_PREFIX_PATH=${CMAKE_PREFIX_PATH}:/home/me597/ros2/Me597/lab1_ws/install/task_1:/home/me597/ros2/sim_ws/install/sim_utils:/opt/ros/humble /usr/bin/cmake --install /home/me597/ros2/Me597/lab1_ws/build/task_2_interfaces
