[0.784s] Invoking command in '/home/me597/ros2/Me597/lab1_ws/src/task_1': PYTHONPATH=/home/me597/ros2/Me597/lab1_ws/build/task_1/prefix_override:/usr/lib/python3/dist-packages/colcon_core/task/python/colcon_distutils_commands:/home/me597/ros2/Me597/lab1_ws/install/task_1/lib/python3.10/site-packages:${PYTHONPATH} /usr/bin/python3 -W ignore:setup.py install is deprecated setup.py egg_info --egg-base ../../build/task_1 build --build-base /home/me597/ros2/Me597/lab1_ws/build/task_1/build install --record /home/me597/ros2/Me597/lab1_ws/build/task_1/install.log --single-version-externally-managed install_data
[1.073s] running egg_info
[1.073s] creating ../../build/task_1/task_1.egg-info
[1.073s] writing ../../build/task_1/task_1.egg-info/PKG-INFO
[1.073s] writing dependency_links to ../../build/task_1/task_1.egg-info/dependency_links.txt
[1.073s] writing entry points to ../../build/task_1/task_1.egg-info/entry_points.txt
[1.073s] writing requirements to ../../build/task_1/task_1.egg-info/requires.txt
[1.073s] writing top-level names to ../../build/task_1/task_1.egg-info/top_level.txt
[1.073s] writing manifest file '../../build/task_1/task_1.egg-info/SOURCES.txt'
[1.075s] reading manifest file '../../build/task_1/task_1.egg-info/SOURCES.txt'
[1.075s] adding license file 'LICENSE'
[1.076s] writing manifest file '../../build/task_1/task_1.egg-info/SOURCES.txt'
[1.076s] running build
[1.076s] running build_py
[1.076s] creating /home/me597/ros2/Me597/lab1_ws/build/task_1/build
[1.077s] creating /home/me597/ros2/Me597/lab1_ws/build/task_1/build/lib
[1.077s] creating /home/me597/ros2/Me597/lab1_ws/build/task_1/build/lib/task_1
[1.077s] copying task_1/publisher.py -> /home/me597/ros2/Me597/lab1_ws/build/task_1/build/lib/task_1
[1.077s] copying task_1/__init__.py -> /home/me597/ros2/Me597/lab1_ws/build/task_1/build/lib/task_1
[1.077s] running install
[1.078s] running install_lib
[1.079s] creating /home/me597/ros2/Me597/lab1_ws/install/task_1/lib/python3.10/site-packages/task_1
[1.079s] copying /home/me597/ros2/Me597/lab1_ws/build/task_1/build/lib/task_1/publisher.py -> /home/me597/ros2/Me597/lab1_ws/install/task_1/lib/python3.10/site-packages/task_1
[1.079s] copying /home/me597/ros2/Me597/lab1_ws/build/task_1/build/lib/task_1/__init__.py -> /home/me597/ros2/Me597/lab1_ws/install/task_1/lib/python3.10/site-packages/task_1
[1.080s] byte-compiling /home/me597/ros2/Me597/lab1_ws/install/task_1/lib/python3.10/site-packages/task_1/publisher.py to publisher.cpython-310.pyc
[1.080s] Sorry: TabError: inconsistent use of tabs and spaces in indentation (publisher.py, line 15)
[1.080s] byte-compiling /home/me597/ros2/Me597/lab1_ws/install/task_1/lib/python3.10/site-packages/task_1/__init__.py to __init__.cpython-310.pyc
[1.080s] running install_data
[1.080s] creating /home/me597/ros2/Me597/lab1_ws/install/task_1/share/ament_index
[1.080s] creating /home/me597/ros2/Me597/lab1_ws/install/task_1/share/ament_index/resource_index
[1.080s] creating /home/me597/ros2/Me597/lab1_ws/install/task_1/share/ament_index/resource_index/packages
[1.081s] copying resource/task_1 -> /home/me597/ros2/Me597/lab1_ws/install/task_1/share/ament_index/resource_index/packages
[1.081s] copying package.xml -> /home/me597/ros2/Me597/lab1_ws/install/task_1/share/task_1
[1.081s] running install_egg_info
[1.084s] Copying ../../build/task_1/task_1.egg-info to /home/me597/ros2/Me597/lab1_ws/install/task_1/lib/python3.10/site-packages/task_1-0.0.0-py3.10.egg-info
[1.085s] running install_scripts
[1.110s] Installing publisher script to /home/me597/ros2/Me597/lab1_ws/install/task_1/lib/task_1
[1.111s] writing list of installed files to '/home/me597/ros2/Me597/lab1_ws/build/task_1/install.log'
[1.141s] Invoked command in '/home/me597/ros2/Me597/lab1_ws/src/task_1' returned '0': PYTHONPATH=/home/me597/ros2/Me597/lab1_ws/build/task_1/prefix_override:/usr/lib/python3/dist-packages/colcon_core/task/python/colcon_distutils_commands:/home/me597/ros2/Me597/lab1_ws/install/task_1/lib/python3.10/site-packages:${PYTHONPATH} /usr/bin/python3 -W ignore:setup.py install is deprecated setup.py egg_info --egg-base ../../build/task_1 build --build-base /home/me597/ros2/Me597/lab1_ws/build/task_1/build install --record /home/me597/ros2/Me597/lab1_ws/build/task_1/install.log --single-version-externally-managed install_data
